Component: ARM Compiler 5.06 update 6 (build 750) Tool: armlink [4d35ed]

==============================================================================

Section Cross References

    main.o(.text) refers to app.o(.text) for fRTOS_Start
    app.o(.text) refers to cpu_a.o(.text) for CPU_IntDis
    app.o(.text) refers to hal_init.o(.text) for fHAL_Iint
    app.o(.text) refers to hdl_enc28j60.o(.text) for fENC28J60_Init
    app.o(.text) refers to cpu_core.o(.text) for CPU_Init
    app.o(.text) refers to os_cpu_c.o(.text) for OS_CPU_SysTickInit
    app.o(.text) refers to lib_mem.o(.text) for Mem_Init
    app.o(.text) refers to os_stat.o(.text) for OSStatTaskCPUUsageInit
    app.o(.text) refers to hal_rtc.o(.text) for fRTC_Set
    app.o(.text) refers to os_time.o(.text) for OSTimeDlyHMSM
    app.o(.text) refers to os_core.o(.text) for OSInit
    app.o(.text) refers to os_task.o(.text) for OSTaskCreate
    app.o(.text) refers to os_cfg_app.o(.constdata) for OSCfg_TickRate_Hz
    app.o(.text) refers to app.o(.data) for timer
    app.o(.text) refers to app.o(.bss) for AppTaskStartStk
    hdl_enc28j60.o(.text) refers to stm32f10x_gpio.o(.text) for GPIO_ResetBits
    hdl_enc28j60.o(.text) refers to hal_spi.o(.text) for fSPI2_FlashSendByte
    hdl_enc28j60.o(.text) refers to hal_tim.o(.text) for fDelayMs
    hdl_enc28j60.o(.text) refers to hdl_enc28j60.o(.bss) for c_ENC28J60_Dev
    hal_init.o(.text) refers to stm32f10x_gpio.o(.text) for GPIO_ReadInputDataBit
    hal_init.o(.text) refers to misc.o(.text) for NVIC_PriorityGroupConfig
    hal_init.o(.text) refers to hal_tim.o(.text) for fTIM6_Init
    hal_init.o(.text) refers to hal_uart.o(.text) for fUSART1_Init
    hal_init.o(.text) refers to stm32f10x_rcc.o(.text) for RCC_GetClocksFreq
    hal_init.o(.text) refers to cpu_core.o(.text) for CPU_TS_TmrFreqSet
    hal_uart.o(.text) refers to stm32f10x_rcc.o(.text) for RCC_APB2PeriphClockCmd
    hal_uart.o(.text) refers to stm32f10x_gpio.o(.text) for GPIO_Init
    hal_uart.o(.text) refers to misc.o(.text) for NVIC_Init
    hal_uart.o(.text) refers to stm32f10x_usart.o(.text) for USART_Init
    hal_uart.o(.text) refers to hal_uart.o(.data) for fGetSendData
    hal_uart.o(.text) refers to rt_memcpy_w.o(.text) for __aeabi_memcpy4
    hal_uart.o(.text) refers to hal_uart.o(.constdata) for .constdata
    hal_spi.o(.text) refers to stm32f10x_rcc.o(.text) for RCC_APB2PeriphClockCmd
    hal_spi.o(.text) refers to stm32f10x_gpio.o(.text) for GPIO_Init
    hal_spi.o(.text) refers to stm32f10x_spi.o(.text) for SPI_Init
    hal_rtc.o(.text) refers to stm32f10x_rtc.o(.text) for RTC_WaitForLastTask
    hal_rtc.o(.text) refers to stm32f10x_rcc.o(.text) for RCC_APB1PeriphClockCmd
    hal_rtc.o(.text) refers to stm32f10x_pwr.o(.text) for PWR_BackupAccessCmd
    hal_rtc.o(.text) refers to stm32f10x_bkp.o(.text) for BKP_ReadBackupRegister
    hal_rtc.o(.text) refers to hal_rtc.o(.constdata) for monTable
    hal_rtc.o(.text) refers to hal_rtc.o(.data) for lastDayCnt
    hal_iwdg.o(.text) refers to stm32f10x_iwdg.o(.text) for IWDG_WriteAccessCmd
    hal_wwdg.o(.text) refers to stm32f10x_rcc.o(.text) for RCC_APB1PeriphClockCmd
    hal_wwdg.o(.text) refers to stm32f10x_wwdg.o(.text) for WWDG_SetPrescaler
    hal_wwdg.o(.text) refers to misc.o(.text) for NVIC_Init
    hal_tim.o(.text) refers to stm32f10x_tim.o(.text) for TIM_GetITStatus
    hal_tim.o(.text) refers to stm32f10x_rcc.o(.text) for RCC_APB1PeriphClockCmd
    hal_tim.o(.text) refers to misc.o(.text) for NVIC_Init
    hal_tim.o(.text) refers to hal_tim.o(.data) for delayMs
    hal_pwm.o(.text) refers to stm32f10x_rcc.o(.text) for RCC_APB1PeriphClockCmd
    hal_pwm.o(.text) refers to stm32f10x_gpio.o(.text) for GPIO_PinRemapConfig
    hal_pwm.o(.text) refers to stm32f10x_tim.o(.text) for TIM_TimeBaseInit
    hal_adc.o(.text) refers to stm32f10x_rcc.o(.text) for RCC_APB2PeriphClockCmd
    hal_adc.o(.text) refers to stm32f10x_gpio.o(.text) for GPIO_Init
    hal_adc.o(.text) refers to stm32f10x_adc.o(.text) for ADC_Init
    hal_adc.o(.text) refers to rt_memclr_w.o(.text) for __aeabi_memclr4
    stm32f10x_adc.o(.text) refers to stm32f10x_rcc.o(.text) for RCC_APB2PeriphResetCmd
    stm32f10x_bkp.o(.text) refers to stm32f10x_rcc.o(.text) for RCC_BackupResetCmd
    stm32f10x_can.o(.text) refers to stm32f10x_rcc.o(.text) for RCC_APB1PeriphResetCmd
    stm32f10x_cec.o(.text) refers to stm32f10x_rcc.o(.text) for RCC_APB1PeriphResetCmd
    stm32f10x_dac.o(.text) refers to stm32f10x_rcc.o(.text) for RCC_APB1PeriphResetCmd
    stm32f10x_gpio.o(.text) refers to stm32f10x_rcc.o(.text) for RCC_APB2PeriphResetCmd
    stm32f10x_i2c.o(.text) refers to stm32f10x_rcc.o(.text) for RCC_APB1PeriphResetCmd
    stm32f10x_pwr.o(.text) refers to stm32f10x_rcc.o(.text) for RCC_APB1PeriphResetCmd
    stm32f10x_rcc.o(.text) refers to stm32f10x_rcc.o(.data) for APBAHBPrescTable
    stm32f10x_spi.o(.text) refers to stm32f10x_rcc.o(.text) for RCC_APB2PeriphResetCmd
[...]
    BKP_GetFlagStatus                        0x080015d5   Thumb Code    10  stm32f10x_bkp.o(.text)
    BKP_ClearFlag                            0x080015df   Thumb Code    18  stm32f10x_bkp.o(.text)
    BKP_GetITStatus                          0x080015f1   Thumb Code    10  stm32f10x_bkp.o(.text)
    BKP_ClearITPendingBit                    0x080015fb   Thumb Code    18  stm32f10x_bkp.o(.text)
    GPIO_DeInit                              0x08001615   Thumb Code   172  stm32f10x_gpio.o(.text)
    GPIO_AFIODeInit                          0x080016c1   Thumb Code    20  stm32f10x_gpio.o(.text)
    GPIO_Init                                0x080016d5   Thumb Code   278  stm32f10x_gpio.o(.text)
    GPIO_StructInit                          0x080017eb   Thumb Code    16  stm32f10x_gpio.o(.text)
    GPIO_ReadInputDataBit                    0x080017fb   Thumb Code    18  stm32f10x_gpio.o(.text)
    GPIO_ReadInputData                       0x0800180d   Thumb Code     8  stm32f10x_gpio.o(.text)
    GPIO_ReadOutputDataBit                   0x08001815   Thumb Code    18  stm32f10x_gpio.o(.text)
    GPIO_ReadOutputData                      0x08001827   Thumb Code     8  stm32f10x_gpio.o(.text)
    GPIO_SetBits                             0x0800182f   Thumb Code     4  stm32f10x_gpio.o(.text)
    GPIO_ResetBits                           0x08001833   Thumb Code     4  stm32f10x_gpio.o(.text)
    GPIO_WriteBit                            0x08001837   Thumb Code    10  stm32f10x_gpio.o(.text)
    GPIO_Write                               0x08001841   Thumb Code     4  stm32f10x_gpio.o(.text)
    GPIO_PinLockConfig                       0x08001845   Thumb Code    18  stm32f10x_gpio.o(.text)
    GPIO_EventOutputConfig                   0x08001857   Thumb Code    26  stm32f10x_gpio.o(.text)
    GPIO_EventOutputCmd                      0x08001871   Thumb Code     6  stm32f10x_gpio.o(.text)
    GPIO_PinRemapConfig                      0x08001877   Thumb Code   138  stm32f10x_gpio.o(.text)
    GPIO_EXTILineConfig                      0x08001901   Thumb Code    66  stm32f10x_gpio.o(.text)
    GPIO_ETH_MediaInterfaceConfig            0x08001943   Thumb Code     8  stm32f10x_gpio.o(.text)
    PWR_DeInit                               0x08001971   Thumb Code    22  stm32f10x_pwr.o(.text)
    PWR_BackupAccessCmd                      0x08001987   Thumb Code     6  stm32f10x_pwr.o(.text)
    PWR_PVDCmd                               0x0800198d   Thumb Code     6  stm32f10x_pwr.o(.text)
    PWR_PVDLevelConfig                       0x08001993   Thumb Code    18  stm32f10x_pwr.o(.text)
    PWR_WakeUpPinCmd                         0x080019a5   Thumb Code     8  stm32f10x_pwr.o(.text)
    PWR_EnterSTOPMode                        0x080019ad   Thumb Code    54  stm32f10x_pwr.o(.text)
    PWR_EnterSTANDBYMode                     0x080019e3   Thumb Code    42  stm32f10x_pwr.o(.text)
    PWR_GetFlagStatus                        0x08001a0d   Thumb Code    20  stm32f10x_pwr.o(.text)
    PWR_ClearFlag                            0x08001a21   Thumb Code    14  stm32f10x_pwr.o(.text)
    RCC_DeInit                               0x08001a3d   Thumb Code    64  stm32f10x_rcc.o(.text)
    RCC_HSEConfig                            0x08001a7d   Thumb Code    70  stm32f10x_rcc.o(.text)
    RCC_GetFlagStatus                        0x08001ac3   Thumb Code    56  stm32f10x_rcc.o(.text)
    RCC_WaitForHSEStartUp                    0x08001afb   Thumb Code    56  stm32f10x_rcc.o(.text)
    RCC_AdjustHSICalibrationValue            0x08001b33   Thumb Code    20  stm32f10x_rcc.o(.text)
    RCC_HSICmd                               0x08001b47   Thumb Code     6  stm32f10x_rcc.o(.text)
    RCC_PLLConfig                            0x08001b4d   Thumb Code    24  stm32f10x_rcc.o(.text)
    RCC_PLLCmd                               0x08001b65   Thumb Code     6  stm32f10x_rcc.o(.text)
    RCC_SYSCLKConfig                         0x08001b6b   Thumb Code    18  stm32f10x_rcc.o(.text)
    RCC_GetSYSCLKSource                      0x08001b7d   Thumb Code    10  stm32f10x_rcc.o(.text)
    RCC_HCLKConfig                           0x08001b87   Thumb Code    18  stm32f10x_rcc.o(.text)
    RCC_PCLK1Config                          0x08001b99   Thumb Code    18  stm32f10x_rcc.o(.text)
    RCC_PCLK2Config                          0x08001bab   Thumb Code    20  stm32f10x_rcc.o(.text)
    RCC_ITConfig                             0x08001bbf   Thumb Code    26  stm32f10x_rcc.o(.text)
    RCC_USBCLKConfig                         0x08001bd9   Thumb Code     8  stm32f10x_rcc.o(.text)
    RCC_ADCCLKConfig                         0x08001be1   Thumb Code    18  stm32f10x_rcc.o(.text)
    RCC_LSEConfig                            0x08001bf3   Thumb Code    50  stm32f10x_rcc.o(.text)
    RCC_LSICmd                               0x08001c25   Thumb Code     6  stm32f10x_rcc.o(.text)
    RCC_RTCCLKConfig                         0x08001c2b   Thumb Code    12  stm32f10x_rcc.o(.text)
    RCC_RTCCLKCmd                            0x08001c37   Thumb Code     8  stm32f10x_rcc.o(.text)
    RCC_GetClocksFreq                        0x08001c3f   Thumb Code   192  stm32f10x_rcc.o(.text)
    RCC_AHBPeriphClockCmd                    0x08001cff   Thumb Code    26  stm32f10x_rcc.o(.text)
    RCC_APB2PeriphClockCmd                   0x08001d19   Thumb Code    26  stm32f10x_rcc.o(.text)
    RCC_APB1PeriphClockCmd                   0x08001d33   Thumb Code    26  stm32f10x_rcc.o(.text)
    RCC_APB2PeriphResetCmd                   0x08001d4d   Thumb Code    26  stm32f10x_rcc.o(.text)
    RCC_APB1PeriphResetCmd                   0x08001d67   Thumb Code    26  stm32f10x_rcc.o(.text)
    RCC_BackupResetCmd                       0x08001d81   Thumb Code     8  stm32f10x_rcc.o(.text)
    RCC_ClockSecuritySystemCmd               0x08001d89   Thumb Code     6  stm32f10x_rcc.o(.text)
    RCC_MCOConfig                            0x08001d8f   Thumb Code     6  stm32f10x_rcc.o(.text)
    RCC_ClearFlag                            0x08001d95   Thumb Code    14  stm32f10x_rcc.o(.text)
    RCC_GetITStatus                          0x08001da3   Thumb Code    20  stm32f10x_rcc.o(.text)
    RCC_ClearITPendingBit                    0x08001db7   Thumb Code     6  stm32f10x_rcc.o(.text)
    RTC_ITConfig                             0x08001de1   Thumb Code    26  stm32f10x_rtc.o(.text)
    RTC_EnterConfigMode                      0x08001dfb   Thumb Code    18  stm32f10x_rtc.o(.text)
    RTC_ExitConfigMode                       0x08001e0d   Thumb Code    20  stm32f10x_rtc.o(.text)
    RTC_GetCounter                           0x08001e21   Thumb Code    18  stm32f10x_rtc.o(.text)
    RTC_SetCounter                           0x08001e33   Thumb Code    26  stm32f10x_rtc.o(.text)
    RTC_SetPrescaler                         0x08001e4d   Thumb Code    28  stm32f10x_rtc.o(.text)
    RTC_SetAlarm                             0x08001e69   Thumb Code    26  stm32f10x_rtc.o(.text)
    RTC_GetDivider                           0x08001e83   Thumb Code    22  stm32f10x_rtc.o(.text)
    RTC_WaitForLastTask                      0x08001e99   Thumb Code    18  stm32f10x_rtc.o(.text)
    RTC_WaitForSynchro                       0x08001eab   Thumb Code    36  stm32f10x_rtc.o(.text)
    RTC_GetFlagStatus                        0x08001ecf   Thumb Code    22  stm32f10x_rtc.o(.text)
    RTC_ClearFlag                            0x08001ee5   Thumb Code    16  stm32f10x_rtc.o(.text)
    RTC_GetITStatus                          0x08001ef5   Thumb Code    32  stm32f10x_rtc.o(.text)
    RTC_ClearITPendingBit                    0x08001f15   Thumb Code    16  stm32f10x_rtc.o(.text)
    SPI_I2S_DeInit                           0x08001f29   Thumb Code    76  stm32f10x_spi.o(.text)
    SPI_Init                                 0x08001f75   Thumb Code    60  stm32f10x_spi.o(.text)
    I2S_Init                                 0x08001fb1   Thumb Code   226  stm32f10x_spi.o(.text)
    SPI_StructInit                           0x08002093   Thumb Code    24  stm32f10x_spi.o(.text)
    I2S_StructInit                           0x080020ab   Thumb Code    20  stm32f10x_spi.o(.text)
    SPI_Cmd                                  0x080020bf   Thumb Code    24  stm32f10x_spi.o(.text)
    I2S_Cmd                                  0x080020d7   Thumb Code    24  stm32f10x_spi.o(.text)
    SPI_I2S_ITConfig                         0x080020ef   Thumb Code    32  stm32f10x_spi.o(.text)
    SPI_I2S_DMACmd                           0x0800210f   Thumb Code    18  stm32f10x_spi.o(.text)
    SPI_I2S_SendData                         0x08002121   Thumb Code     4  stm32f10x_spi.o(.text)
    SPI_I2S_ReceiveData                      0x08002125   Thumb Code     6  stm32f10x_spi.o(.text)
    SPI_NSSInternalSoftwareConfig            0x0800212b   Thumb Code    30  stm32f10x_spi.o(.text)
    SPI_SSOutputCmd                          0x08002149   Thumb Code    24  stm32f10x_spi.o(.text)
    SPI_DataSizeConfig                       0x08002161   Thumb Code    18  stm32f10x_spi.o(.text)
    SPI_TransmitCRC                          0x08002173   Thumb Code    10  stm32f10x_spi.o(.text)
    SPI_CalculateCRC                         0x0800217d   Thumb Code    24  stm32f10x_spi.o(.text)
    SPI_GetCRC                               0x08002195   Thumb Code    16  stm32f10x_spi.o(.text)
    SPI_GetCRCPolynomial                     0x080021a5   Thumb Code     6  stm32f10x_spi.o(.text)
    SPI_BiDirectionalLineConfig              0x080021ab   Thumb Code    28  stm32f10x_spi.o(.text)
    SPI_I2S_GetFlagStatus                    0x080021c7   Thumb Code    18  stm32f10x_spi.o(.text)
    SPI_I2S_ClearFlag                        0x080021d9   Thumb Code     6  stm32f10x_spi.o(.text)
    SPI_I2S_GetITStatus                      0x080021df   Thumb Code    52  stm32f10x_spi.o(.text)
    SPI_I2S_ClearITPendingBit                0x08002213   Thumb Code    20  stm32f10x_spi.o(.text)
    TIM_DeInit                               0x08002235   Thumb Code   424  stm32f10x_tim.o(.text)
    TIM_TimeBaseInit                         0x080023dd   Thumb Code   122  stm32f10x_tim.o(.text)
    TIM_OC1Init                              0x08002457   Thumb Code   132  stm32f10x_tim.o(.text)
    TIM_OC2Init                              0x080024db   Thumb Code   154  stm32f10x_tim.o(.text)
    TIM_OC3Init                              0x08002575   Thumb Code   150  stm32f10x_tim.o(.text)
    TIM_OC4Init                              0x0800260b   Thumb Code   182  stm32f10x_tim.o(.text)
    TIM_SetIC4Prescaler                      0x080026c1   Thumb Code    26  stm32f10x_tim.o(.text)
    TIM_SetIC3Prescaler                      0x0800275d   Thumb Code    18  stm32f10x_tim.o(.text)
    TIM_SetIC2Prescaler                      0x080027e9   Thumb Code    26  stm32f10x_tim.o(.text)
    TIM_SetIC1Prescaler                      0x08002885   Thumb Code    18  stm32f10x_tim.o(.text)
    TIM_ICInit                               0x08002903   Thumb Code   150  stm32f10x_tim.o(.text)
    TIM_PWMIConfig                           0x08002999   Thumb Code   124  stm32f10x_tim.o(.text)
    TIM_BDTRConfig                           0x08002a15   Thumb Code    32  stm32f10x_tim.o(.text)
    TIM_TimeBaseStructInit                   0x08002a35   Thumb Code    18  stm32f10x_tim.o(.text)
    TIM_OCStructInit                         0x08002a47   Thumb Code    20  stm32f10x_tim.o(.text)
    TIM_ICStructInit                         0x08002a5b   Thumb Code    18  stm32f10x_tim.o(.text)
    TIM_BDTRStructInit                       0x08002a6d   Thumb Code    40  stm32f10x_tim.o(.text)
    TIM_Cmd                                  0x08002a95   Thumb Code    24  stm32f10x_tim.o(.text)
    TIM_CtrlPWMOutputs                       0x08002aad   Thumb Code    30  stm32f10x_tim.o(.text)
    TIM_ITConfig                             0x08002acb   Thumb Code    18  stm32f10x_tim.o(.text)
    TIM_GenerateEvent                        0x08002add   Thumb Code     4  stm32f10x_tim.o(.text)
    TIM_DMAConfig                            0x08002ae1   Thumb Code    10  stm32f10x_tim.o(.text)
    TIM_DMACmd                               0x08002aeb   Thumb Code    18  stm32f10x_tim.o(.text)
    TIM_InternalClockConfig                  0x08002afd   Thumb Code    12  stm32f10x_tim.o(.text)
    TIM_SelectInputTrigger                   0x08002b09   Thumb Code    18  stm32f10x_tim.o(.text)
    TIM_ITRxExternalClockConfig              0x08002b1b   Thumb Code    24  stm32f10x_tim.o(.text)
    TIM_TIxExternalClockConfig               0x08002b33   Thumb Code    62  stm32f10x_tim.o(.text)
    TIM_ETRConfig                            0x08002b71   Thumb Code    28  stm32f10x_tim.o(.text)
    TIM_ETRClockMode1Config                  0x08002b8d   Thumb Code    54  stm32f10x_tim.o(.text)
    TIM_ETRClockMode2Config                  0x08002bc3   Thumb Code    32  stm32f10x_tim.o(.text)
    TIM_PrescalerConfig                      0x08002be3   Thumb Code     6  stm32f10x_tim.o(.text)
    TIM_CounterModeConfig                    0x08002be9   Thumb Code    18  stm32f10x_tim.o(.text)
    TIM_EncoderInterfaceConfig               0x08002bfb   Thumb Code    66  stm32f10x_tim.o(.text)
    TIM_ForcedOC1Config                      0x08002c3d   Thumb Code    18  stm32f10x_tim.o(.text)
    TIM_ForcedOC2Config                      0x08002c4f   Thumb Code    26  stm32f10x_tim.o(.text)
    TIM_ForcedOC3Config                      0x08002c69   Thumb Code    18  stm32f10x_tim.o(.text)
    TIM_ForcedOC4Config                      0x08002c7b   Thumb Code    26  stm32f10x_tim.o(.text)
    TIM_ARRPreloadConfig                     0x08002c95   Thumb Code    24  stm32f10x_tim.o(.text)
    TIM_SelectCOM                            0x08002cad   Thumb Code    24  stm32f10x_tim.o(.text)
    TIM_SelectCCDMA                          0x08002cc5   Thumb Code    24  stm32f10x_tim.o(.text)
    TIM_CCPreloadControl                     0x08002cdd   Thumb Code    24  stm32f10x_tim.o(.text)
    TIM_OC1PreloadConfig                     0x08002cf5   Thumb Code    18  stm32f10x_tim.o(.text)
    TIM_OC2PreloadConfig                     0x08002d07   Thumb Code    26  stm32f10x_tim.o(.text)
    TIM_OC3PreloadConfig                     0x08002d21   Thumb Code    18  stm32f10x_tim.o(.text)
    TIM_OC4PreloadConfig                     0x08002d33   Thumb Code    26  stm32f10x_tim.o(.text)
    TIM_OC1FastConfig                        0x08002d4d   Thumb Code    18  stm32f10x_tim.o(.text)
    TIM_OC2FastConfig                        0x08002d5f   Thumb Code    26  stm32f10x_tim.o(.text)
    TIM_OC3FastConfig                        0x08002d79   Thumb Code    18  stm32f10x_tim.o(.text)
    TIM_OC4FastConfig                        0x08002d8b   Thumb Code    26  stm32f10x_tim.o(.text)
    TIM_ClearOC1Ref                          0x08002da5   Thumb Code    18  stm32f10x_tim.o(.text)
    TIM_ClearOC2Ref                          0x08002db7   Thumb Code    24  stm32f10x_tim.o(.text)
    TIM_ClearOC3Ref                          0x08002dcf   Thumb Code    18  stm32f10x_tim.o(.text)
    TIM_ClearOC4Ref                          0x08002de1   Thumb Code    24  stm32f10x_tim.o(.text)
    TIM_OC1PolarityConfig                    0x08002df9   Thumb Code    18  stm32f10x_tim.o(.text)
    TIM_OC1NPolarityConfig                   0x08002e0b   Thumb Code    18  stm32f10x_tim.o(.text)
    TIM_OC2PolarityConfig                    0x08002e1d   Thumb Code    26  stm32f10x_tim.o(.text)
    TIM_OC2NPolarityConfig                   0x08002e37   Thumb Code    26  stm32f10x_tim.o(.text)
    TIM_OC3PolarityConfig                    0x08002e51   Thumb Code    26  stm32f10x_tim.o(.text)
    TIM_OC3NPolarityConfig                   0x08002e6b   Thumb Code    26  stm32f10x_tim.o(.text)
    TIM_OC4PolarityConfig                    0x08002e85   Thumb Code    26  stm32f10x_tim.o(.text)
    TIM_CCxCmd                               0x08002e9f   Thumb Code    30  stm32f10x_tim.o(.text)
    TIM_CCxNCmd                              0x08002ebd   Thumb Code    30  stm32f10x_tim.o(.text)
    TIM_SelectOCxM                           0x08002edb   Thumb Code    82  stm32f10x_tim.o(.text)
    TIM_UpdateDisableConfig                  0x08002f2d   Thumb Code    24  stm32f10x_tim.o(.text)
    TIM_UpdateRequestConfig                  0x08002f45   Thumb Code    24  stm32f10x_tim.o(.text)
    TIM_SelectHallSensor                     0x08002f5d   Thumb Code    24  stm32f10x_tim.o(.text)
    TIM_SelectOnePulseMode                   0x08002f75   Thumb Code    18  stm32f10x_tim.o(.text)
    TIM_SelectOutputTrigger                  0x08002f87   Thumb Code    18  stm32f10x_tim.o(.text)
    TIM_SelectSlaveMode                      0x08002f99   Thumb Code    18  stm32f10x_tim.o(.text)
    TIM_SelectMasterSlaveMode                0x08002fab   Thumb Code    18  stm32f10x_tim.o(.text)
    TIM_SetCounter                           0x08002fbd   Thumb Code     4  stm32f10x_tim.o(.text)
    TIM_SetAutoreload                        0x08002fc1   Thumb Code     4  stm32f10x_tim.o(.text)
    TIM_SetCompare1                          0x08002fc5   Thumb Code     4  stm32f10x_tim.o(.text)
    TIM_SetCompare2                          0x08002fc9   Thumb Code     4  stm32f10x_tim.o(.text)
    TIM_SetCompare3                          0x08002fcd   Thumb Code     4  stm32f10x_tim.o(.text)
    TIM_SetCompare4                          0x08002fd1   Thumb Code     6  stm32f10x_tim.o(.text)
    TIM_SetClockDivision                     0x08002fd7   Thumb Code    18  stm32f10x_tim.o(.text)
    TIM_GetCapture1                          0x08002fe9   Thumb Code     6  stm32f10x_tim.o(.text)
    TIM_GetCapture2                          0x08002fef   Thumb Code     6  stm32f10x_tim.o(.text)
    TIM_GetCapture3                          0x08002ff5   Thumb Code     6  stm32f10x_tim.o(.text)
    TIM_GetCapture4                          0x08002ffb   Thumb Code     8  stm32f10x_tim.o(.text)
    TIM_GetCounter                           0x08003003   Thumb Code     6  stm32f10x_tim.o(.text)
    TIM_GetPrescaler                         0x08003009   Thumb Code     6  stm32f10x_tim.o(.text)
    TIM_GetFlagStatus                        0x0800300f   Thumb Code    18  stm32f10x_tim.o(.text)
    TIM_ClearFlag                            0x08003021   Thumb Code     6  stm32f10x_tim.o(.text)
    TIM_GetITStatus                          0x08003027   Thumb Code    34  stm32f10x_tim.o(.text)
    TIM_ClearITPendingBit                    0x08003049   Thumb Code     6  stm32f10x_tim.o(.text)
    USART_DeInit                             0x08003051   Thumb Code   134  stm32f10x_usart.o(.text)
    USART_Init                               0x080030d7   Thumb Code   210  stm32f10x_usart.o(.text)
    USART_StructInit                         0x080031a9   Thumb Code    24  stm32f10x_usart.o(.text)
    USART_ClockInit                          0x080031c1   Thumb Code    34  stm32f10x_usart.o(.text)
    USART_ClockStructInit                    0x080031e3   Thumb Code    12  stm32f10x_usart.o(.text)
    USART_Cmd                                0x080031ef   Thumb Code    24  stm32f10x_usart.o(.text)
    USART_ITConfig                           0x08003207   Thumb Code    74  stm32f10x_usart.o(.text)
    USART_DMACmd                             0x08003251   Thumb Code    18  stm32f10x_usart.o(.text)
    USART_SetAddress                         0x08003263   Thumb Code    18  stm32f10x_usart.o(.text)
    USART_WakeUpConfig                       0x08003275   Thumb Code    18  stm32f10x_usart.o(.text)
    USART_ReceiverWakeUpCmd                  0x08003287   Thumb Code    24  stm32f10x_usart.o(.text)
    USART_LINBreakDetectLengthConfig         0x0800329f   Thumb Code    18  stm32f10x_usart.o(.text)
    USART_LINCmd                             0x080032b1   Thumb Code    24  stm32f10x_usart.o(.text)
    USART_SendData                           0x080032c9   Thumb Code     8  stm32f10x_usart.o(.text)
    USART_ReceiveData                        0x080032d1   Thumb Code    10  stm32f10x_usart.o(.text)
    USART_SendBreak                          0x080032db   Thumb Code    10  stm32f10x_usart.o(.text)
    USART_SetGuardTime                       0x080032e5   Thumb Code    16  stm32f10x_usart.o(.text)
    USART_SetPrescaler                       0x080032f5   Thumb Code    16  stm32f10x_usart.o(.text)
    USART_SmartCardCmd                       0x08003305   Thumb Code    24  stm32f10x_usart.o(.text)
    USART_SmartCardNACKCmd                   0x0800331d   Thumb Code    24  stm32f10x_usart.o(.text)
    USART_HalfDuplexCmd                      0x08003335   Thumb Code    24  stm32f10x_usart.o(.text)
    USART_OverSampling8Cmd                   0x0800334d   Thumb Code    22  stm32f10x_usart.o(.text)
    USART_OneBitMethodCmd                    0x08003363   Thumb Code    24  stm32f10x_usart.o(.text)
    USART_IrDAConfig                         0x0800337b   Thumb Code    18  stm32f10x_usart.o(.text)
    USART_IrDACmd                            0x0800338d   Thumb Code    24  stm32f10x_usart.o(.text)
    USART_GetFlagStatus                      0x080033a5   Thumb Code    26  stm32f10x_usart.o(.text)
    USART_ClearFlag                          0x080033bf   Thumb Code    18  stm32f10x_usart.o(.text)
    USART_GetITStatus                        0x080033d1   Thumb Code    84  stm32f10x_usart.o(.text)
    USART_ClearITPendingBit                  0x08003425   Thumb Code    52  stm32f10x_usart.o(.text)
    CPU_IntDis                               0x08003459   Thumb Code     0  cpu_a.o(.text)
    CPU_IntEn                                0x0800345d   Thumb Code     0  cpu_a.o(.text)
    CPU_SR_Save                              0x08003461   Thumb Code     0  cpu_a.o(.text)
    CPU_SR_Restore                           0x08003469   Thumb Code     0  cpu_a.o(.text)
    CPU_WaitForInt                           0x0800346f   Thumb Code     0  cpu_a.o(.text)
    CPU_WaitForExcept                        0x08003473   Thumb Code     0  cpu_a.o(.text)
    CPU_CntLeadZeros                         0x08003477   Thumb Code     0  cpu_a.o(.text)
    CPU_CntTrailZeros                        0x0800347d   Thumb Code     0  cpu_a.o(.text)
    CPU_RevBits                              0x08003487   Thumb Code     0  cpu_a.o(.text)
    CPU_IntDisMeasStop                       0x0800348d   Thumb Code    62  cpu_core.o(.text)
    CPU_IntDisMeasStart                      0x080034cb   Thumb Code    38  cpu_core.o(.text)
    CPU_NameClr                              0x080034f1   Thumb Code    50  cpu_core.o(.text)
    CPU_Init                                 0x080035a1   Thumb Code    16  cpu_core.o(.text)
    CPU_SW_Exception                         0x080035b1   Thumb Code     4  cpu_core.o(.text)
    CPU_NameGet                              0x080035b5   Thumb Code    78  cpu_core.o(.text)
    CPU_NameSet                              0x08003603   Thumb Code   104  cpu_core.o(.text)
    CPU_TS_Get32                             0x0800366b   Thumb Code    12  cpu_core.o(.text)
    CPU_TS_Update                            0x08003677   Thumb Code     2  cpu_core.o(.text)
    CPU_TS_TmrFreqGet                        0x08003679   Thumb Code    30  cpu_core.o(.text)
    CPU_TS_TmrFreqSet                        0x08003697   Thumb Code     6  cpu_core.o(.text)
    CPU_IntDisMeasMaxCurGet                  0x080036b5   Thumb Code    40  cpu_core.o(.text)
    CPU_IntDisMeasMaxCurReset                0x080036dd   Thumb Code    40  cpu_core.o(.text)
    CPU_IntDisMeasMaxGet                     0x08003705   Thumb Code    40  cpu_core.o(.text)
    CPU_CntLeadZeros08                       0x0800372d   Thumb Code    18  cpu_core.o(.text)
    CPU_CntLeadZeros16                       0x0800373f   Thumb Code    18  cpu_core.o(.text)
    CPU_CntLeadZeros32                       0x08003751   Thumb Code    18  cpu_core.o(.text)
    CPU_CntLeadZeros64                       0x08003763   Thumb Code   188  cpu_core.o(.text)
    CPU_CntTrailZeros08                      0x0800381f   Thumb Code    22  cpu_core.o(.text)
    CPU_CntTrailZeros16                      0x08003835   Thumb Code    22  cpu_core.o(.text)
    CPU_CntTrailZeros32                      0x0800384b   Thumb Code    22  cpu_core.o(.text)
    CPU_CntTrailZeros64                      0x08003861   Thumb Code   104  cpu_core.o(.text)
    ASCII_IsAlpha                            0x080038c9   Thumb Code    48  lib_ascii.o(.text)
    ASCII_IsAlphaNum                         0x080038f9   Thumb Code    76  lib_ascii.o(.text)
    ASCII_IsLower                            0x08003945   Thumb Code    20  lib_ascii.o(.text)
    ASCII_IsUpper                            0x08003959   Thumb Code    20  lib_ascii.o(.text)
    ASCII_IsDig                              0x0800396d   Thumb Code    20  lib_ascii.o(.text)
    ASCII_IsDigOct                           0x08003981   Thumb Code    20  lib_ascii.o(.text)
    ASCII_IsDigHex                           0x08003995   Thumb Code    36  lib_ascii.o(.text)
    ASCII_IsBlank                            0x080039b9   Thumb Code    20  lib_ascii.o(.text)
    ASCII_IsSpace                            0x080039cd   Thumb Code    36  lib_ascii.o(.text)
    ASCII_IsPrint                            0x080039f1   Thumb Code    20  lib_ascii.o(.text)
    ASCII_IsGraph                            0x08003a05   Thumb Code    20  lib_ascii.o(.text)
    ASCII_IsPunct                            0x08003a19   Thumb Code   134  lib_ascii.o(.text)
    ASCII_IsCtrl                             0x08003a9f   Thumb Code    26  lib_ascii.o(.text)
    ASCII_ToLower                            0x08003ab9   Thumb Code    32  lib_ascii.o(.text)
    ASCII_ToUpper                            0x08003ad9   Thumb Code    32  lib_ascii.o(.text)
    ASCII_Cmp                                0x08003af9   Thumb Code    38  lib_ascii.o(.text)
    Mem_Init                                 0x08003b21   Thumb Code    54  lib_mem.o(.text)
    Mem_Set                                  0x08003b57   Thumb Code    98  lib_mem.o(.text)
    Mem_Clr                                  0x08003bb9   Thumb Code    18  lib_mem.o(.text)
    Mem_Move                                 0x08003bcb   Thumb Code   204  lib_mem.o(.text)
    Mem_Cmp                                  0x08003c97   Thumb Code   192  lib_mem.o(.text)
    Mem_HeapAlloc                            0x08003e4b   Thumb Code   274  lib_mem.o(.text)
    Mem_SegGetSizeRem                        0x08003f5d   Thumb Code   226  lib_mem.o(.text)
    Mem_HeapGetSizeRem                       0x0800403f   Thumb Code    22  lib_mem.o(.text)
    Mem_PoolClr                              0x08004055   Thumb Code    78  lib_mem.o(.text)
    Mem_PoolCreate                           0x080040a3   Thumb Code  1132  lib_mem.o(.text)
    Mem_PoolBlkGetNbrAvail                   0x0800450f   Thumb Code   140  lib_mem.o(.text)
    Mem_PoolBlkGet                           0x0800459b   Thumb Code   248  lib_mem.o(.text)
    Mem_PoolBlkGetUsedAtIx                   0x08004693   Thumb Code   236  lib_mem.o(.text)
    Mem_PoolBlkFree                          0x080047e5   Thumb Code   366  lib_mem.o(.text)
    Mem_PoolBlkIxGet                         0x08004953   Thumb Code   342  lib_mem.o(.text)
    Str_Len_N                                0x08004aad   Thumb Code    28  lib_str.o(.text)
    Str_Len                                  0x08004ac9   Thumb Code    20  lib_str.o(.text)
    Str_Copy_N                               0x08004add   Thumb Code    70  lib_str.o(.text)
    Str_Copy                                 0x08004b23   Thumb Code    24  lib_str.o(.text)
    Str_Cat_N                                0x08004b3b   Thumb Code    90  lib_str.o(.text)
    Str_Cat                                  0x08004b95   Thumb Code    24  lib_str.o(.text)
    Str_Cmp_N                                0x08004bad   Thumb Code   156  lib_str.o(.text)
    Str_Cmp                                  0x08004c49   Thumb Code    24  lib_str.o(.text)
    Str_CmpIgnoreCase_N                      0x08004c61   Thumb Code   264  lib_str.o(.text)
    Str_CmpIgnoreCase                        0x08004d69   Thumb Code    24  lib_str.o(.text)
    Str_Char_N                               0x08004d81   Thumb Code    74  lib_str.o(.text)
    Str_Char                                 0x08004dcb   Thumb Code    24  lib_str.o(.text)
    Str_Char_Last_N                          0x08004de3   Thumb Code    76  lib_str.o(.text)
    Str_Char_Last                            0x08004e2f   Thumb Code    24  lib_str.o(.text)
    Str_Char_Replace_N                       0x08004e47   Thumb Code    52  lib_str.o(.text)
    Str_Char_Replace                         0x08004e7b   Thumb Code    28  lib_str.o(.text)
    Str_Str_N                                0x08004e97   Thumb Code   182  lib_str.o(.text)
    Str_Str                                  0x08004f4d   Thumb Code    24  lib_str.o(.text)
    Str_FmtNbr_Int32U                        0x0800513f   Thumb Code    46  lib_str.o(.text)
    Str_FmtNbr_Int32S                        0x0800516d   Thumb Code    62  lib_str.o(.text)
    Str_ParseNbr_Int32U                      0x08005369   Thumb Code    30  lib_str.o(.text)
    Str_ParseNbr_Int32S                      0x08005387   Thumb Code    74  lib_str.o(.text)
    Mem_Copy                                 0x080053d5   Thumb Code     0  lib_mem_a.o(.text)
    OSCfg_Init                               0x080055f5   Thumb Code     2  os_cfg_app.o(.text)
    OS_IdleTask                              0x080055f9   Thumb Code    68  os_core.o(.text)
    OS_IdleTaskInit                          0x0800563d   Thumb Code    68  os_core.o(.text)
    OS_RdyListInit                           0x08005681   Thumb Code    32  os_core.o(.text)
    OSInit                                   0x080056a1   Thumb Code   300  os_core.o(.text)
    OSIntEnter                               0x080057cd   Thumb Code    34  os_core.o(.text)
    OSIntExit                                0x080057ef   Thumb Code   192  os_core.o(.text)
    OSSched                                  0x080058af   Thumb Code   134  os_core.o(.text)
    OS_SchedLockTimeMeasStart                0x08005935   Thumb Code    20  os_core.o(.text)
    OSSchedLock                              0x08005949   Thumb Code   112  os_core.o(.text)
    OS_SchedLockTimeMeasStop                 0x080059b9   Thumb Code    44  os_core.o(.text)
    OSSchedUnlock                            0x080059e5   Thumb Code   302  os_core.o(.text)
    OSSchedRoundRobinCfg                     0x08005b13   Thumb Code    96  os_core.o(.text)
    OS_RdyListMoveHeadToTail                 0x08005b73   Thumb Code    68  os_core.o(.text)
    OSSchedRoundRobinYield                   0x08005bb7   Thumb Code   176  os_core.o(.text)
    OSStart                                  0x08005c67   Thumb Code    78  os_core.o(.text)
    OSVersion                                0x08005cb5   Thumb Code    12  os_core.o(.text)
    OS_PendDbgNameAdd                        0x08005cc1   Thumb Code    66  os_core.o(.text)
    OS_PendListInsertPrio                    0x08005d03   Thumb Code   102  os_core.o(.text)
    OS_PendDataInit                          0x08005d69   Thumb Code    38  os_core.o(.text)
    OS_RdyListRemove                         0x08005d8f   Thumb Code    86  os_core.o(.text)
    OS_TaskBlock                             0x08005de5   Thumb Code    56  os_core.o(.text)
    OS_Pend                                  0x08005e1d   Thumb Code   168  os_core.o(.text)
    OS_PendListRemove1                       0x08005ec5   Thumb Code    66  os_core.o(.text)
    OS_PendListRemove                        0x08005f07   Thumb Code    48  os_core.o(.text)
    OS_PendAbort1                            0x08005f37   Thumb Code    36  os_core.o(.text)
    OS_RdyListInsertHead                     0x08005f5b   Thumb Code    58  os_core.o(.text)
    OS_RdyListInsertTail                     0x08005f95   Thumb Code    56  os_core.o(.text)
    OS_RdyListInsert                         0x08005fcd   Thumb Code    40  os_core.o(.text)
    OS_TaskRdy                               0x08005ff5   Thumb Code    28  os_core.o(.text)
    OS_PendAbort                             0x08006011   Thumb Code   166  os_core.o(.text)
    OS_PendDbgNameRemove                     0x080060b7   Thumb Code    34  os_core.o(.text)
    OS_PendListChangePrio                    0x080060d9   Thumb Code    70  os_core.o(.text)
    OS_PendListInit                          0x0800611f   Thumb Code    10  os_core.o(.text)
    OS_PendListInsertHead                    0x08006129   Thumb Code    32  os_core.o(.text)
    OS_PendObjDel1                           0x08006149   Thumb Code    36  os_core.o(.text)
    OS_PendObjDel                            0x0800616d   Thumb Code   162  os_core.o(.text)
    OS_Post1                                 0x0800620f   Thumb Code    42  os_core.o(.text)
    OS_Post                                  0x08006239   Thumb Code   192  os_core.o(.text)
    OS_Sched0                                0x080062f9   Thumb Code   100  os_core.o(.text)
    OS_SchedRoundRobin                       0x0800635d   Thumb Code   218  os_core.o(.text)
    OS_Dbg_Init                              0x08006449   Thumb Code   150  os_dbg.o(.text)
    OS_FlagDbgListAdd                        0x080065fd   Thumb Code    38  os_flag.o(.text)
    OSFlagCreate                             0x08006623   Thumb Code   210  os_flag.o(.text)
    OS_FlagClr                               0x080066f5   Thumb Code    28  os_flag.o(.text)
    OS_FlagDbgListRemove                     0x08006711   Thumb Code    44  os_flag.o(.text)
    OSFlagDel                                0x0800673d   Thumb Code   732  os_flag.o(.text)
    OS_FlagBlock                             0x08006a19   Thumb Code    58  os_flag.o(.text)
    OSFlagPend                               0x08006a53   Thumb Code  1670  os_flag.o(.text)
    OSFlagPendAbort                          0x080070d9   Thumb Code   334  os_flag.o(.text)
    OSFlagPendGetFlagsRdy                    0x08007227   Thumb Code    94  os_flag.o(.text)
    OS_FlagTaskRdy                           0x08007285   Thumb Code    86  os_flag.o(.text)
    OS_FlagPost                              0x080072db   Thumb Code   626  os_flag.o(.text)
    OSFlagPost                               0x0800754d   Thumb Code   146  os_flag.o(.text)
    OS_FlagInit                              0x080075df   Thumb Code    14  os_flag.o(.text)
    OS_IntQPost                              0x08007609   Thumb Code   224  os_int.o(.text)
    OS_IntQRePost                            0x080076e9   Thumb Code   360  os_int.o(.text)
    OS_IntQTask                              0x08007851   Thumb Code   182  os_int.o(.text)
    OS_IntQTaskInit                          0x08007907   Thumb Code   208  os_int.o(.text)
    OS_MemDbgListAdd                         0x08007a69   Thumb Code    34  os_mem.o(.text)
    OSMemCreate                              0x08007a8b   Thumb Code   326  os_mem.o(.text)
    OSMemGet                                 0x08007bd1   Thumb Code   112  os_mem.o(.text)
    OSMemPut                                 0x08007c41   Thumb Code   124  os_mem.o(.text)
    OS_MemInit                               0x08007cbd   Thumb Code    14  os_mem.o(.text)
    OS_MsgPoolInit                           0x08007ce1   Thumb Code   110  os_msg.o(.text)
    OS_MsgQFreeAll                           0x08007d4f   Thumb Code    62  os_msg.o(.text)
    OS_MsgQInit                              0x08007d8d   Thumb Code    14  os_msg.o(.text)
    OS_MsgQGet                               0x08007d9b   Thumb Code    98  os_msg.o(.text)
    OS_MsgQPut                               0x08007dfd   Thumb Code   254  os_msg.o(.text)
    OS_MutexDbgListAdd                       0x08007f09   Thumb Code    38  os_mutex.o(.text)
    OSMutexCreate                            0x08007f2f   Thumb Code   216  os_mutex.o(.text)
    OS_MutexClr                              0x08008007   Thumb Code    38  os_mutex.o(.text)
    OS_MutexDbgListRemove                    0x0800802d   Thumb Code    44  os_mutex.o(.text)
    OSMutexDel                               0x08008059   Thumb Code   960  os_mutex.o(.text)
    OSMutexPend                              0x08008419   Thumb Code   812  os_mutex.o(.text)
    OSMutexPendAbort                         0x08008745   Thumb Code   334  os_mutex.o(.text)
    OSMutexPost                              0x08008893   Thumb Code   646  os_mutex.o(.text)
    OS_MutexInit                             0x08008b19   Thumb Code    14  os_mutex.o(.text)
    OS_PrioInit                              0x08008b49   Thumb Code    20  os_prio.o(.text)
    OS_PrioGetHighest                        0x08008b5d   Thumb Code    36  os_prio.o(.text)
    OS_PrioInsert                            0x08008b81   Thumb Code    32  os_prio.o(.text)
    OS_PrioRemove                            0x08008ba1   Thumb Code    32  os_prio.o(.text)
    OS_QDbgListAdd                           0x08008bc5   Thumb Code    38  os_q.o(.text)
    OSQCreate                                0x08008beb   Thumb Code   224  os_q.o(.text)
    OS_QClr                                  0x08008ccb   Thumb Code    40  os_q.o(.text)
    OS_QDbgListRemove                        0x08008cf3   Thumb Code    44  os_q.o(.text)
    OSQDel                                   0x08008d1f   Thumb Code   414  os_q.o(.text)
    OSQFlush                                 0x08008ebd   Thumb Code   288  os_q.o(.text)
    OSQPend                                  0x08008fdd   Thumb Code   560  os_q.o(.text)
    OSQPendAbort                             0x0800920d   Thumb Code   334  os_q.o(.text)
    OS_QPost                                 0x0800935b   Thumb Code   402  os_q.o(.text)
    OSQPost                                  0x080094ed   Thumb Code   176  os_q.o(.text)
    OS_QInit                                 0x0800959d   Thumb Code    14  os_q.o(.text)
    OS_SemDbgListAdd                         0x080095c5   Thumb Code    38  os_sem.o(.text)
    OSSemCreate                              0x080095eb   Thumb Code   210  os_sem.o(.text)
    OS_SemClr                                0x080096bd   Thumb Code    28  os_sem.o(.text)
    OS_SemDbgListRemove                      0x080096d9   Thumb Code    44  os_sem.o(.text)
    OSSemDel                                 0x08009705   Thumb Code   414  os_sem.o(.text)
    OSSemPend                                0x080098a3   Thumb Code   562  os_sem.o(.text)
    OSSemPendAbort                           0x08009ad5   Thumb Code   334  os_sem.o(.text)
    OS_SemPost                               0x08009c23   Thumb Code   404  os_sem.o(.text)
    OSSemPost                                0x08009db7   Thumb Code   162  os_sem.o(.text)
    OSSemSet                                 0x08009e59   Thumb Code   128  os_sem.o(.text)
    OS_SemInit                               0x08009ed9   Thumb Code    14  os_sem.o(.text)
    OSStatReset                              0x08009ef9   Thumb Code   316  os_stat.o(.text)
    OSStatTaskCPUUsageInit                   0x0800a035   Thumb Code   228  os_stat.o(.text)
    OS_StatTask                              0x0800a119   Thumb Code   984  os_stat.o(.text)
    OS_StatTaskInit                          0x0800a4f1   Thumb Code   138  os_stat.o(.text)
    OSTaskChangePrio                         0x0800a5d5   Thumb Code   482  os_task.o(.text)
    OS_TaskDbgListAdd                        0x0800a7b7   Thumb Code    42  os_task.o(.text)
    OS_TaskInitTCB                           0x0800a7e1   Thumb Code   194  os_task.o(.text)
    OSTaskCreate                             0x0800a8a3   Thumb Code   674  os_task.o(.text)
    OS_TaskDbgListRemove                     0x0800ab45   Thumb Code    64  os_task.o(.text)
    OSTaskDel                                0x0800ab85   Thumb Code   490  os_task.o(.text)
    OSTaskQFlush                             0x0800ad6f   Thumb Code   302  os_task.o(.text)
    OSTaskQPend                              0x0800ae9d   Thumb Code   572  os_task.o(.text)
    OSTaskQPendAbort                         0x0800b0d9   Thumb Code   288  os_task.o(.text)
    OS_TaskQPost                             0x0800b1f9   Thumb Code   624  os_task.o(.text)
    OSTaskQPost                              0x0800b469   Thumb Code   114  os_task.o(.text)
    OSTaskRegGet                             0x0800b4db   Thumb Code    86  os_task.o(.text)
    OSTaskRegGetID                           0x0800b531   Thumb Code    96  os_task.o(.text)
    OSTaskRegSet                             0x0800b591   Thumb Code    86  os_task.o(.text)
    OS_TaskResume                            0x0800b5e7   Thumb Code   398  os_task.o(.text)
    OSTaskResume                             0x0800b775   Thumb Code   124  os_task.o(.text)
    OSTaskSemPend                            0x0800b7f1   Thumb Code   578  os_task.o(.text)
    OSTaskSemPendAbort                       0x0800ba33   Thumb Code   342  os_task.o(.text)
    OS_TaskSemPost                           0x0800bb89   Thumb Code  1438  os_task.o(.text)
    OSTaskSemPost                            0x0800c127   Thumb Code    98  os_task.o(.text)
    OSTaskSemSet                             0x0800c189   Thumb Code    88  os_task.o(.text)
    OSTaskStkChk                             0x0800c1e1   Thumb Code   220  os_task.o(.text)
    OS_TaskSuspend                           0x0800c2bd   Thumb Code   414  os_task.o(.text)
    OSTaskSuspend                            0x0800c45b   Thumb Code    78  os_task.o(.text)
    OSTaskTimeQuantaSet                      0x0800c4a9   Thumb Code   104  os_task.o(.text)
    OS_TaskInit                              0x0800c511   Thumb Code    18  os_task.o(.text)
    OS_TaskReturn                            0x0800c523   Thumb Code    20  os_task.o(.text)
    OS_TickListRemove                        0x0800c55d   Thumb Code    56  os_tick.o(.text)
    OS_TickListUpdate                        0x0800c595   Thumb Code   520  os_tick.o(.text)
    OS_TickTask                              0x0800c79d   Thumb Code    38  os_tick.o(.text)
    OS_TickListInit                          0x0800c7c3   Thumb Code    32  os_tick.o(.text)
    OS_TickTaskInit                          0x0800c7e3   Thumb Code   130  os_tick.o(.text)
    OS_TickListInsert                        0x0800c865   Thumb Code   502  os_tick.o(.text)
    OS_TickListResetPeak                     0x0800ca5b   Thumb Code    28  os_tick.o(.text)
    OSTimeDly                                0x0800ca81   Thumb Code   322  os_time.o(.text)
    OSTimeDlyHMSM                            0x0800cbc3   Thumb Code   538  os_time.o(.text)
    OSTimeDlyResume                          0x0800cddd   Thumb Code   570  os_time.o(.text)
    OSTimeGet                                0x0800d017   Thumb Code    54  os_time.o(.text)
    OSTimeSet                                0x0800d04d   Thumb Code    54  os_time.o(.text)
    OSTimeTick                               0x0800d083   Thumb Code    54  os_time.o(.text)
    OS_TmrDbgListAdd                         0x0800d0cd   Thumb Code    34  os_tmr.o(.text)
    OSTmrCreate                              0x0800d0ef   Thumb Code   286  os_tmr.o(.text)
    OS_TmrClr                                0x0800d20d   Thumb Code    36  os_tmr.o(.text)
    OS_TmrUnlink                             0x0800d231   Thumb Code    72  os_tmr.o(.text)
    OS_TmrDbgListRemove                      0x0800d279   Thumb Code    44  os_tmr.o(.text)
    OSTmrDel                                 0x0800d2a5   Thumb Code   182  os_tmr.o(.text)
    OSTmrRemainGet                           0x0800d35b   Thumb Code   188  os_tmr.o(.text)
    OS_TmrLink                               0x0800d417   Thumb Code   242  os_tmr.o(.text)
    OSTmrStart                               0x0800d509   Thumb Code   170  os_tmr.o(.text)
    OSTmrStateGet                            0x0800d5b3   Thumb Code   142  os_tmr.o(.text)
    OSTmrStop                                0x0800d641   Thumb Code   246  os_tmr.o(.text)
    OS_TmrTask                               0x0800d737   Thumb Code   176  os_tmr.o(.text)
    OS_TmrInit                               0x0800d7e7   Thumb Code   208  os_tmr.o(.text)
    OS_TmrResetPeak                          0x0800d8b7   Thumb Code    28  os_tmr.o(.text)
    OSIdleTaskHook                           0x0800d931   Thumb Code    16  os_cpu_c.o(.text)
    OSInitHook                               0x0800d941   Thumb Code    42  os_cpu_c.o(.text)
    OSStatTaskHook                           0x0800d96b   Thumb Code    16  os_cpu_c.o(.text)
    OSTaskCreateHook                         0x0800d97b   Thumb Code    20  os_cpu_c.o(.text)
    OSTaskDelHook                            0x0800d98f   Thumb Code    20  os_cpu_c.o(.text)
    OSTaskReturnHook                         0x0800d9a3   Thumb Code    20  os_cpu_c.o(.text)
    OSTaskStkInit                            0x0800d9b7   Thumb Code   188  os_cpu_c.o(.text)
    OSTaskSwHook                             0x0800da73   Thumb Code   146  os_cpu_c.o(.text)
    OSTimeTickHook                           0x0800db05   Thumb Code    16  os_cpu_c.o(.text)
    OS_CPU_SysTickHandler                    0x0800db15   Thumb Code    60  os_cpu_c.o(.text)
    OS_CPU_SysTickInit                       0x0800db51   Thumb Code    44  os_cpu_c.o(.text)
    SystemInit                               0x0800dc9b   Thumb Code    78  system_stm32f10x.o(.text)
    SystemCoreClockUpdate                    0x0800dce9   Thumb Code   142  system_stm32f10x.o(.text)
    Reset_Handler                            0x0800dd9d   Thumb Code     8  startup_stm32f10x_hd.o(.text)
    ADC1_2_IRQHandler                        0x0800ddb7   Thumb Code     0  startup_stm32f10x_hd.o(.text)
    ADC3_IRQHandler                          0x0800ddb7   Thumb Code     0  startup_stm32f10x_hd.o(.text)
    CAN1_RX1_IRQHandler                      0x0800ddb7   Thumb Code     0  startup_stm32f10x_hd.o(.text)
    CAN1_SCE_IRQHandler                      0x0800ddb7   Thumb Code     0  startup_stm32f10x_hd.o(.text)
    DMA1_Channel1_IRQHandler                 0x0800ddb7   Thumb Code     0  startup_stm32f10x_hd.o(.text)
    DMA1_Channel2_IRQHandler                 0x0800ddb7   Thumb Code     0  startup_stm32f10x_hd.o(.text)
    DMA1_Channel3_IRQHandler                 0x0800ddb7   Thumb Code     0  startup_stm32f10x_hd.o(.text)
    DMA1_Channel4_IRQHandler                 0x0800ddb7   Thumb Code     0  startup_stm32f10x_hd.o(.text)
    DMA1_Channel5_IRQHandler                 0x0800ddb7   Thumb Code     0  startup_stm32f10x_hd.o(.text)
    DMA1_Channel6_IRQHandler                 0x0800ddb7   Thumb Code     0  startup_stm32f10x_hd.o(.text)
    DMA1_Channel7_IRQHandler                 0x0800ddb7   Thumb Code     0  startup_stm32f10x_hd.o(.text)
    DMA2_Channel1_IRQHandler                 0x0800ddb7   Thumb Code     0  startup_stm32f10x_hd.o(.text)
    DMA2_Channel2_IRQHandler                 0x0800ddb7   Thumb Code     0  startup_stm32f10x_hd.o(.text)
    DMA2_Channel3_IRQHandler                 0x0800ddb7   Thumb Code     0  startup_stm32f10x_hd.o(.text)
    DMA2_Channel4_5_IRQHandler               0x0800ddb7   Thumb Code     0  startup_stm32f10x_hd.o(.text)
    FLASH_IRQHandler                         0x0800ddb7   Thumb Code     0  startup_stm32f10x_hd.o(.text)
    FSMC_IRQHandler                          0x0800ddb7   Thumb Code     0  startup_stm32f10x_hd.o(.text)
    I2C1_ER_IRQHandler                       0x0800ddb7   Thumb Code     0  startup_stm32f10x_hd.o(.text)
    I2C1_EV_IRQHandler                       0x0800ddb7   Thumb Code     0  startup_stm32f10x_hd.o(.text)
    I2C2_ER_IRQHandler                       0x0800ddb7   Thumb Code     0  startup_stm32f10x_hd.o(.text)
    I2C2_EV_IRQHandler                       0x0800ddb7   Thumb Code     0  startup_stm32f10x_hd.o(.text)
    PVD_IRQHandler                           0x0800ddb7   Thumb Code     0  startup_stm32f10x_hd.o(.text)
    RCC_IRQHandler                           0x0800ddb7   Thumb Code     0  startup_stm32f10x_hd.o(.text)
    RTCAlarm_IRQHandler                      0x0800ddb7   Thumb Code     0  startup_stm32f10x_hd.o(.text)
    RTC_IRQHandler                           0x0800ddb7   Thumb Code     0  startup_stm32f10x_hd.o(.text)
    SDIO_IRQHandler                          0x0800ddb7   Thumb Code     0  startup_stm32f10x_hd.o(.text)
    SPI1_IRQHandler                          0x0800ddb7   Thumb Code     0  startup_stm32f10x_hd.o(.text)
    SPI2_IRQHandler                          0x0800ddb7   Thumb Code     0  startup_stm32f10x_hd.o(.text)
    SPI3_IRQHandler                          0x0800ddb7   Thumb Code     0  startup_stm32f10x_hd.o(.text)
    TAMPER_IRQHandler                        0x0800ddb7   Thumb Code     0  startup_stm32f10x_hd.o(.text)
    TIM1_BRK_IRQHandler                      0x0800ddb7   Thumb Code     0  startup_stm32f10x_hd.o(.text)
    TIM1_CC_IRQHandler                       0x0800ddb7   Thumb Code     0  startup_stm32f10x_hd.o(.text)
    TIM1_TRG_COM_IRQHandler                  0x0800ddb7   Thumb Code     0  startup_stm32f10x_hd.o(.text)
    TIM1_UP_IRQHandler                       0x0800ddb7   Thumb Code     0  startup_stm32f10x_hd.o(.text)
    TIM2_IRQHandler                          0x0800ddb7   Thumb Code     0  startup_stm32f10x_hd.o(.text)
    TIM3_IRQHandler                          0x0800ddb7   Thumb Code     0  startup_stm32f10x_hd.o(.text)
    TIM4_IRQHandler                          0x0800ddb7   Thumb Code     0  startup_stm32f10x_hd.o(.text)
    TIM5_IRQHandler                          0x0800ddb7   Thumb Code     0  startup_stm32f10x_hd.o(.text)
    TIM7_IRQHandler                          0x0800ddb7   Thumb Code     0  startup_stm32f10x_hd.o(.text)
    TIM8_BRK_IRQHandler                      0x0800ddb7   Thumb Code     0  startup_stm32f10x_hd.o(.text)
    TIM8_CC_IRQHandler                       0x0800ddb7   Thumb Code     0  startup_stm32f10x_hd.o(.text)
    TIM8_TRG_COM_IRQHandler                  0x0800ddb7   Thumb Code     0  startup_stm32f10x_hd.o(.text)
    TIM8_UP_IRQHandler                       0x0800ddb7   Thumb Code     0  startup_stm32f10x_hd.o(.text)
    USBWakeUp_IRQHandler                     0x0800ddb7   Thumb Code     0  startup_stm32f10x_hd.o(.text)
    USB_HP_CAN1_TX_IRQHandler                0x0800ddb7   Thumb Code     0  startup_stm32f10x_hd.o(.text)
    USB_LP_CAN1_RX0_IRQHandler               0x0800ddb7   Thumb Code     0  startup_stm32f10x_hd.o(.text)
    WWDG_IRQHandler                          0x0800ddb7   Thumb Code     0  startup_stm32f10x_hd.o(.text)
    __user_initial_stackheap                 0x0800ddb9   Thumb Code     0  startup_stm32f10x_hd.o(.text)
    __aeabi_memcpy4                          0x0800dddd   Thumb Code     0  rt_memcpy_w.o(.text)
    __aeabi_memcpy8                          0x0800dddd   Thumb Code     0  rt_memcpy_w.o(.text)
    __rt_memcpy_w                            0x0800dddd   Thumb Code   100  rt_memcpy_w.o(.text)
    _memcpy_lastbytes_aligned                0x0800de25   Thumb Code     0  rt_memcpy_w.o(.text)
    __use_two_region_memory                  0x0800de41   Thumb Code     2  heapauxi.o(.text)
    __rt_heap_escrow$2region                 0x0800de43   Thumb Code     2  heapauxi.o(.text)
    __rt_heap_expand$2region                 0x0800de45   Thumb Code     2  heapauxi.o(.text)
    __user_setup_stackheap                   0x0800de47   Thumb Code    74  sys_stackheap_outer.o(.text)
    exit                                     0x0800de91   Thumb Code    18  exit.o(.text)
    __user_libspace                          0x0800dea5   Thumb Code     8  libspace.o(.text)
    __user_perproc_libspace                  0x0800dea5   Thumb Code     0  libspace.o(.text)
    __user_perthread_libspace                0x0800dea5   Thumb Code     0  libspace.o(.text)
    _sys_exit                                0x0800dead   Thumb Code     8  sys_exit.o(.text)
    __I$use$semihosting                      0x0800deb9   Thumb Code     0  use_no_semi.o(.text)
    __use_no_semihosting_swi                 0x0800deb9   Thumb Code     2  use_no_semi.o(.text)
    __semihosting_library_function           0x0800debb   Thumb Code     0  indicate_semi.o(.text)
    OSStartHighRdy                           0x0800debd   Thumb Code     0  os_cpu_a.o(CODE)
    OS_CPU_PendSVHandler                     0x0800dedf   Thumb Code     0  os_cpu_a.o(CODE)
    OSCfg_IdleTaskStkBasePtr                 0x0800e0f4   Data           4  os_cfg_app.o(.constdata)
    OSCfg_IdleTaskStkLimit                   0x0800e0f8   Data           4  os_cfg_app.o(.constdata)
    OSCfg_IdleTaskStkSize                    0x0800e0fc   Data           4  os_cfg_app.o(.constdata)
    OSCfg_IdleTaskStkSizeRAM                 0x0800e100   Data           4  os_cfg_app.o(.constdata)
    OSCfg_IntQBasePtr                        0x0800e104   Data           4  os_cfg_app.o(.constdata)
    OSCfg_IntQSize                           0x0800e108   Data           2  os_cfg_app.o(.constdata)
    OSCfg_IntQSizeRAM                        0x0800e10c   Data           4  os_cfg_app.o(.constdata)
    OSCfg_IntQTaskStkBasePtr                 0x0800e110   Data           4  os_cfg_app.o(.constdata)
    OSCfg_IntQTaskStkLimit                   0x0800e114   Data           4  os_cfg_app.o(.constdata)
    OSCfg_IntQTaskStkSize                    0x0800e118   Data           4  os_cfg_app.o(.constdata)
    OSCfg_IntQTaskStkSizeRAM                 0x0800e11c   Data           4  os_cfg_app.o(.constdata)
    OSCfg_ISRStkBasePtr                      0x0800e120   Data           4  os_cfg_app.o(.constdata)
    OSCfg_ISRStkSize                         0x0800e124   Data           4  os_cfg_app.o(.constdata)
    OSCfg_ISRStkSizeRAM                      0x0800e128   Data           4  os_cfg_app.o(.constdata)
    OSCfg_MsgPoolSize                        0x0800e12c   Data           2  os_cfg_app.o(.constdata)
    OSCfg_MsgPoolSizeRAM                     0x0800e130   Data           4  os_cfg_app.o(.constdata)
    OSCfg_MsgPoolBasePtr                     0x0800e134   Data           4  os_cfg_app.o(.constdata)
    OSCfg_StatTaskPrio                       0x0800e138   Data           1  os_cfg_app.o(.constdata)
    OSCfg_StatTaskRate_Hz                    0x0800e13c   Data           4  os_cfg_app.o(.constdata)
    OSCfg_StatTaskStkBasePtr                 0x0800e140   Data           4  os_cfg_app.o(.constdata)
    OSCfg_StatTaskStkLimit                   0x0800e144   Data           4  os_cfg_app.o(.constdata)
    OSCfg_StatTaskStkSize                    0x0800e148   Data           4  os_cfg_app.o(.constdata)
    OSCfg_StatTaskStkSizeRAM                 0x0800e14c   Data           4  os_cfg_app.o(.constdata)
    OSCfg_StkSizeMin                         0x0800e150   Data           4  os_cfg_app.o(.constdata)
    OSCfg_TickRate_Hz                        0x0800e154   Data           4  os_cfg_app.o(.constdata)
    OSCfg_TickTaskPrio                       0x0800e158   Data           1  os_cfg_app.o(.constdata)
    OSCfg_TickTaskStkBasePtr                 0x0800e15c   Data           4  os_cfg_app.o(.constdata)
    OSCfg_TickTaskStkLimit                   0x0800e160   Data           4  os_cfg_app.o(.constdata)
    OSCfg_TickTaskStkSize                    0x0800e164   Data           4  os_cfg_app.o(.constdata)
    OSCfg_TickTaskStkSizeRAM                 0x0800e168   Data           4  os_cfg_app.o(.constdata)
    OSCfg_TickWheelSize                      0x0800e16c   Data           2  os_cfg_app.o(.constdata)
    OSCfg_TickWheelSizeRAM                   0x0800e170   Data           4  os_cfg_app.o(.constdata)
    OSCfg_TmrTaskPrio                        0x0800e174   Data           1  os_cfg_app.o(.constdata)
    OSCfg_TmrTaskRate_Hz                     0x0800e178   Data           4  os_cfg_app.o(.constdata)
    OSCfg_TmrTaskStkBasePtr                  0x0800e17c   Data           4  os_cfg_app.o(.constdata)
    OSCfg_TmrTaskStkLimit                    0x0800e180   Data           4  os_cfg_app.o(.constdata)
    OSCfg_TmrTaskStkSize                     0x0800e184   Data           4  os_cfg_app.o(.constdata)
    OSCfg_TmrTaskStkSizeRAM                  0x0800e188   Data           4  os_cfg_app.o(.constdata)
    OSCfg_TmrWheelSize                       0x0800e18c   Data           2  os_cfg_app.o(.constdata)
    OSCfg_TmrWheelSizeRAM                    0x0800e190   Data           4  os_cfg_app.o(.constdata)
    OSCfg_DataSizeRAM                        0x0800e194   Data           4  os_cfg_app.o(.constdata)
    OSDbg_DbgEn                              0x0800e198   Data           1  os_dbg.o(.constdata)
    OSDbg_ArgChkEn                           0x0800e199   Data           1  os_dbg.o(.constdata)
    OSDbg_AppHooksEn                         0x0800e19a   Data           1  os_dbg.o(.constdata)
    OSDbg_EndiannessTest                     0x0800e19c   Data           4  os_dbg.o(.constdata)
    OSDbg_CalledFromISRChkEn                 0x0800e1a0   Data           1  os_dbg.o(.constdata)
    OSDbg_FlagEn                             0x0800e1a1   Data           1  os_dbg.o(.constdata)
    OSDbg_FlagGrp                            0x0800e1a4   Data          40  os_dbg.o(.constdata)
    OSDbg_FlagDelEn                          0x0800e1cc   Data           1  os_dbg.o(.constdata)
    OSDbg_FlagModeClrEn                      0x0800e1cd   Data           1  os_dbg.o(.constdata)
    OSDbg_FlagPendAbortEn                    0x0800e1ce   Data           1  os_dbg.o(.constdata)
    OSDbg_FlagGrpSize                        0x0800e1d0   Data           2  os_dbg.o(.constdata)
    OSDbg_FlagWidth                          0x0800e1d2   Data           2  os_dbg.o(.constdata)
    OSDbg_IntQ                               0x0800e1d4   Data           2  os_dbg.o(.constdata)
    OSDbg_ISRPostDeferredEn                  0x0800e1d6   Data           1  os_dbg.o(.constdata)
    OSDbg_Mem                                0x0800e1d8   Data          32  os_dbg.o(.constdata)
    OSDbg_MemEn                              0x0800e1f8   Data           1  os_dbg.o(.constdata)
    OSDbg_MemSize                            0x0800e1fa   Data           2  os_dbg.o(.constdata)
    OSDbg_MsgEn                              0x0800e1fc   Data           1  os_dbg.o(.constdata)
    OSDbg_MsgSize                            0x0800e1fe   Data           2  os_dbg.o(.constdata)
    OSDbg_MsgPoolSize                        0x0800e200   Data           2  os_dbg.o(.constdata)
    OSDbg_MsgQSize                           0x0800e202   Data           2  os_dbg.o(.constdata)
    OSDbg_Mutex                              0x0800e204   Data          44  os_dbg.o(.constdata)
    OSDbg_MutexEn                            0x0800e230   Data           1  os_dbg.o(.constdata)
    OSDbg_MutexDelEn                         0x0800e231   Data           1  os_dbg.o(.constdata)
    OSDbg_MutexPendAbortEn                   0x0800e232   Data           1  os_dbg.o(.constdata)
    OSDbg_MutexSize                          0x0800e234   Data           2  os_dbg.o(.constdata)
    OSDbg_ObjTypeChkEn                       0x0800e236   Data           1  os_dbg.o(.constdata)
    OSDbg_PendMultiEn                        0x0800e237   Data           1  os_dbg.o(.constdata)
    OSDbg_PendDataSize                       0x0800e238   Data           2  os_dbg.o(.constdata)
    OSDbg_PendListSize                       0x0800e23a   Data           2  os_dbg.o(.constdata)
    OSDbg_PendObjSize                        0x0800e23c   Data           2  os_dbg.o(.constdata)
    OSDbg_PrioMax                            0x0800e23e   Data           2  os_dbg.o(.constdata)
    OSDbg_PrioTblSize                        0x0800e240   Data           2  os_dbg.o(.constdata)
    OSDbg_PtrSize                            0x0800e242   Data           2  os_dbg.o(.constdata)
    OSDbg_Q                                  0x0800e244   Data          48  os_dbg.o(.constdata)
    OSDbg_QEn                                0x0800e274   Data           1  os_dbg.o(.constdata)
    OSDbg_QDelEn                             0x0800e275   Data           1  os_dbg.o(.constdata)
    OSDbg_QFlushEn                           0x0800e276   Data           1  os_dbg.o(.constdata)
    OSDbg_QPendAbortEn                       0x0800e277   Data           1  os_dbg.o(.constdata)
    OSDbg_QSize                              0x0800e278   Data           2  os_dbg.o(.constdata)
    OSDbg_SchedRoundRobinEn                  0x0800e27a   Data           1  os_dbg.o(.constdata)
    OSDbg_Sem                                0x0800e27c   Data          40  os_dbg.o(.constdata)
    OSDbg_SemEn                              0x0800e2a4   Data           1  os_dbg.o(.constdata)
    OSDbg_SemDelEn                           0x0800e2a5   Data           1  os_dbg.o(.constdata)
    OSDbg_SemPendAbortEn                     0x0800e2a6   Data           1  os_dbg.o(.constdata)
    OSDbg_SemSetEn                           0x0800e2a7   Data           1  os_dbg.o(.constdata)
    OSDbg_SemSize                            0x0800e2a8   Data           2  os_dbg.o(.constdata)
    OSDbg_RdyList                            0x0800e2aa   Data           2  os_dbg.o(.constdata)
    OSDbg_RdyListSize                        0x0800e2ac   Data           4  os_dbg.o(.constdata)
    OSDbg_StkWidth                           0x0800e2b0   Data           1  os_dbg.o(.constdata)
    OSDbg_StatTaskEn                         0x0800e2b1   Data           1  os_dbg.o(.constdata)
    OSDbg_StatTaskStkChkEn                   0x0800e2b2   Data           1  os_dbg.o(.constdata)
    OSDbg_TaskChangePrioEn                   0x0800e2b3   Data           1  os_dbg.o(.constdata)
    OSDbg_TaskDelEn                          0x0800e2b4   Data           1  os_dbg.o(.constdata)
    OSDbg_TaskQEn                            0x0800e2b5   Data           1  os_dbg.o(.constdata)
    OSDbg_TaskQPendAbortEn                   0x0800e2b6   Data           1  os_dbg.o(.constdata)
    OSDbg_TaskProfileEn                      0x0800e2b7   Data           1  os_dbg.o(.constdata)
    OSDbg_TaskRegTblSize                     0x0800e2b8   Data           2  os_dbg.o(.constdata)
    OSDbg_TaskSemPendAbortEn                 0x0800e2ba   Data           1  os_dbg.o(.constdata)
    OSDbg_TaskSuspendEn                      0x0800e2bb   Data           1  os_dbg.o(.constdata)
    OSDbg_TCBSize                            0x0800e2bc   Data           2  os_dbg.o(.constdata)
    OSDbg_TickSpokeSize                      0x0800e2be   Data           2  os_dbg.o(.constdata)
    OSDbg_TimeDlyHMSMEn                      0x0800e2c0   Data           1  os_dbg.o(.constdata)
    OSDbg_TimeDlyResumeEn                    0x0800e2c1   Data           1  os_dbg.o(.constdata)
    OSDbg_TLS_TblSize                        0x0800e2c2   Data           2  os_dbg.o(.constdata)
    OSDbg_Tmr                                0x0800e2c4   Data          52  os_dbg.o(.constdata)
    OSDbg_TmrEn                              0x0800e2f8   Data           1  os_dbg.o(.constdata)
    OSDbg_TmrDelEn                           0x0800e2f9   Data           1  os_dbg.o(.constdata)
    OSDbg_TmrSize                            0x0800e2fa   Data           2  os_dbg.o(.constdata)
    OSDbg_TmrSpokeSize                       0x0800e2fc   Data           2  os_dbg.o(.constdata)
    OSDbg_VersionNbr                         0x0800e2fe   Data           2  os_dbg.o(.constdata)
    OSDbg_DataSize                           0x0800e300   Data           4  os_dbg.o(.constdata)
    Region$$Table$$Base                      0x0800e304   Number         0  anon$$obj.o(Region$$Table)
    Region$$Table$$Limit                     0x0800e324   Number         0  anon$$obj.o(Region$$Table)
    CPU_TS_TmrFreq_Hz                        0x20000030   Data           4  cpu_core.o(.data)
    CPU_IntDisMeasCtr                        0x20000034   Data           2  cpu_core.o(.data)
    CPU_IntDisNestCtr                        0x20000036   Data           2  cpu_core.o(.data)
    CPU_IntDisMeasStart_cnts                 0x20000038   Data           4  cpu_core.o(.data)
    CPU_IntDisMeasStop_cnts                  0x2000003c   Data           4  cpu_core.o(.data)
    CPU_IntDisMeasOvrhd_cnts                 0x20000040   Data           4  cpu_core.o(.data)
    CPU_IntDisMeasMaxCur_cnts                0x20000044   Data           4  cpu_core.o(.data)
    CPU_IntDisMeasMax_cnts                   0x20000048   Data           4  cpu_core.o(.data)
    Mem_PoolTbl                              0x2000004c   Data           4  lib_mem.o(.data)
    OSPrioTbl                                0x20000050   Data           4  os_prio.o(.data)
    OS_AppTaskCreateHookPtr                  0x20000054   Data           4  os_var.o(.data)
    OS_AppTaskDelHookPtr                     0x20000058   Data           4  os_var.o(.data)
    OS_AppTaskReturnHookPtr                  0x2000005c   Data           4  os_var.o(.data)
    OS_AppIdleTaskHookPtr                    0x20000060   Data           4  os_var.o(.data)
    OS_AppStatTaskHookPtr                    0x20000064   Data           4  os_var.o(.data)
    OS_AppTaskSwHookPtr                      0x20000068   Data           4  os_var.o(.data)
    OS_AppTimeTickHookPtr                    0x2000006c   Data           4  os_var.o(.data)
    OSIdleTaskCtr                            0x20000070   Data           4  os_var.o(.data)
    OSIntNestingCtr                          0x20000074   Data           1  os_var.o(.data)
    OSIntDisTimeMax                          0x20000078   Data           4  os_var.o(.data)
    OSRunning                                0x2000007c   Data           1  os_var.o(.data)
    OSIntQInPtr                              0x20000080   Data           4  os_var.o(.data)
    OSIntQOutPtr                             0x20000084   Data           4  os_var.o(.data)
    OSIntQNbrEntries                         0x20000088   Data           2  os_var.o(.data)
    OSIntQNbrEntriesMax                      0x2000008a   Data           2  os_var.o(.data)
    OSIntQOvfCtr                             0x2000008c   Data           2  os_var.o(.data)
    OSIntQTaskTimeMax                        0x20000090   Data           4  os_var.o(.data)
    OSFlagDbgListPtr                         0x20000094   Data           4  os_var.o(.data)
    OSFlagQty                                0x20000098   Data           2  os_var.o(.data)
    OSMemDbgListPtr                          0x2000009c   Data           4  os_var.o(.data)
    OSMemQty                                 0x200000a0   Data           2  os_var.o(.data)
    OSMutexDbgListPtr                        0x200000a4   Data           4  os_var.o(.data)
    OSMutexQty                               0x200000a8   Data           2  os_var.o(.data)
    OSPrioCur                                0x200000aa   Data           1  os_var.o(.data)
    OSPrioHighRdy                            0x200000ab   Data           1  os_var.o(.data)
    OSPrioSaved                              0x200000ac   Data           1  os_var.o(.data)
    OSQDbgListPtr                            0x200000b0   Data           4  os_var.o(.data)
    OSQQty                                   0x200000b4   Data           2  os_var.o(.data)
    OSSchedLockTimeBegin                     0x200000b8   Data           4  os_var.o(.data)
    OSSchedLockTimeMax                       0x200000bc   Data           4  os_var.o(.data)
    OSSchedLockTimeMaxCur                    0x200000c0   Data           4  os_var.o(.data)
    OSSchedLockNestingCtr                    0x200000c4   Data           1  os_var.o(.data)
    OSSchedRoundRobinDfltTimeQuanta          0x200000c8   Data           4  os_var.o(.data)
    OSSchedRoundRobinEn                      0x200000cc   Data           1  os_var.o(.data)
    OSSemDbgListPtr                          0x200000d0   Data           4  os_var.o(.data)
    OSSemQty                                 0x200000d4   Data           2  os_var.o(.data)
    OSStatResetFlag                          0x200000d6   Data           1  os_var.o(.data)
    OSStatTaskCPUUsage                       0x200000d8   Data           2  os_var.o(.data)
    OSStatTaskCPUUsageMax                    0x200000da   Data           2  os_var.o(.data)
    OSStatTaskCtr                            0x200000dc   Data           4  os_var.o(.data)
    OSStatTaskCtrMax                         0x200000e0   Data           4  os_var.o(.data)
    OSStatTaskCtrRun                         0x200000e4   Data           4  os_var.o(.data)
    OSStatTaskRdy                            0x200000e8   Data           1  os_var.o(.data)
    OSStatTaskTimeMax                        0x200000ec   Data           4  os_var.o(.data)
    OSTaskCtxSwCtr                           0x200000f0   Data           4  os_var.o(.data)
    OSTaskDbgListPtr                         0x200000f4   Data           4  os_var.o(.data)
    OSTaskQty                                0x200000f8   Data           2  os_var.o(.data)
    OSTaskRegNextAvailID                     0x200000fa   Data           1  os_var.o(.data)
    OSTickCtr                                0x200000fc   Data           4  os_var.o(.data)
    OSTickTaskTimeMax                        0x20000100   Data           4  os_var.o(.data)
    OSTmrDbgListPtr                          0x20000104   Data           4  os_var.o(.data)
    OSTmrQty                                 0x20000108   Data           2  os_var.o(.data)
    OSTmrTaskTimeMax                         0x2000010c   Data           4  os_var.o(.data)
    OSTmrTickCtr                             0x20000110   Data           4  os_var.o(.data)
    OSTmrUpdateCnt                           0x20000114   Data           4  os_var.o(.data)
    OSTmrUpdateCtr                           0x20000118   Data           4  os_var.o(.data)
    OSTCBCurPtr                              0x2000011c   Data           4  os_var.o(.data)
    OSTCBHighRdyPtr                          0x20000120   Data           4  os_var.o(.data)
    OS_CPU_ExceptStkBase                     0x20000124   Data           4  os_cpu_c.o(.data)
    SystemCoreClock                          0x20000128   Data           4  system_stm32f10x.o(.data)
    AHBPrescTable                            0x2000012c   Data          16  system_stm32f10x.o(.data)
    c_ENC28J60_Dev                           0x20000404   Data          16  hdl_enc28j60.o(.bss)
    CPU_Name                                 0x20000414   Data          16  cpu_core.o(.bss)
    Mem_PoolHeap                             0x20000424   Data          72  lib_mem.o(.bss)
    Mem_Heap                                 0x2000046c   Data       27648  lib_mem.o(.bss)
    OSCfg_IdleTaskStk                        0x2000706c   Data         512  os_cfg_app.o(.bss)
    OSCfg_IntQ                               0x2000726c   Data         320  os_cfg_app.o(.bss)
    OSCfg_IntQTaskStk                        0x200073ac   Data         512  os_cfg_app.o(.bss)
    OSCfg_ISRStk                             0x200075ac   Data         512  os_cfg_app.o(.bss)
    OSCfg_MsgPool                            0x200077ac   Data        1600  os_cfg_app.o(.bss)
    OSCfg_StatTaskStk                        0x20007dec   Data         512  os_cfg_app.o(.bss)
    OSCfg_TickTaskStk                        0x20007fec   Data         512  os_cfg_app.o(.bss)
    OSCfg_TickWheel                          0x200081ec   Data         136  os_cfg_app.o(.bss)
    OSCfg_TmrTaskStk                         0x20008274   Data         512  os_cfg_app.o(.bss)
    OSCfg_TmrWheel                           0x20008474   Data         136  os_cfg_app.o(.bss)
    OSIdleTaskTCB                            0x200084fc   Data         200  os_var.o(.bss)
    OSIntQTaskTCB                            0x200085c4   Data         200  os_var.o(.bss)
    OSMsgPool                                0x2000868c   Data          12  os_var.o(.bss)
    OSRdyList                                0x20008698   Data         384  os_var.o(.bss)
    OSStatTaskTCB                            0x20008818   Data         200  os_var.o(.bss)
    OSTickTaskTCB                            0x200088e0   Data         200  os_var.o(.bss)
    OSTmrTaskTCB                             0x200089a8   Data         200  os_var.o(.bss)
    __libspace_start                         0x20008a70   Data          96  libspace.o(.bss)
    __temporary_stack_top$libspace           0x20008ad0   Data           0  libspace.o(.bss)



==============================================================================

Memory Map of the image

  Image Entry point : 0x08000131

  Load Region LR_IROM1 (Base: 0x08000000, Size: 0x0000e460, Max: 0x00080000, ABSOLUTE, COMPRESSED[0x0000e348])

    Execution Region ER_IROM1 (Exec base: 0x08000000, Load base: 0x08000000, Size: 0x0000e324, Max: 0x00080000, ABSOLUTE)

    Exec Addr    Load Addr    Size         Type   Attr      Idx    E Section Name        Object

    0x08000000   0x08000000   0x00000130   Data   RO         1087    RESET               startup_stm32f10x_hd.o
    0x08000130   0x08000130   0x00000008   Code   RO         1100  * !!!main             c_w.l(__main.o)
    0x08000138   0x08000138   0x00000034   Code   RO         1259    !!!scatter          c_w.l(__scatter.o)
    0x0800016c   0x0800016c   0x0000003a   Code   RO         1257    !!dczerorl          c_w.l(__dczerorl.o)
    0x080001a6   0x080001a6   0x00000002   PAD
    0x080001a8   0x080001a8   0x0000001c   Code   RO         1261    !!handler_zi        c_w.l(__scatter_zi.o)
    0x080001c4   0x080001c4   0x00000002   Code   RO         1127    .ARM.Collect$$libinit$$00000000  c_w.l(libinit.o)
    0x080001c6   0x080001c6   0x00000000   Code   RO         1134    .ARM.Collect$$libinit$$00000002  c_w.l(libinit2.o)
    0x080001c6   0x080001c6   0x00000000   Code   RO         1136    .ARM.Collect$$libinit$$00000004  c_w.l(libinit2.o)
    0x080001c6   0x080001c6   0x00000000   Code   RO         1139    .ARM.Collect$$libinit$$0000000A  c_w.l(libinit2.o)
    0x080001c6   0x080001c6   0x00000000   Code   RO         1141    .ARM.Collect$$libinit$$0000000C  c_w.l(libinit2.o)
    0x080001c6   0x080001c6   0x00000000   Code   RO         1143    .ARM.Collect$$libinit$$0000000E  c_w.l(libinit2.o)
    0x080001c6   0x080001c6   0x00000000   Code   RO         1146    .ARM.Collect$$libinit$$00000011  c_w.l(libinit2.o)
    0x080001c6   0x080001c6   0x00000000   Code   RO         1148    .ARM.Collect$$libinit$$00000013  c_w.l(libinit2.o)
    0x080001c6   0x080001c6   0x00000000   Code   RO         1150    .ARM.Collect$$libinit$$00000015  c_w.l(libinit2.o)
    0x080001c6   0x080001c6   0x00000000   Code   RO         1152    .ARM.Collect$$libinit$$00000017  c_w.l(libinit2.o)
    0x080001c6   0x080001c6   0x00000000   Code   RO         1154    .ARM.Collect$$libinit$$00000019  c_w.l(libinit2.o)
    0x080001c6   0x080001c6   0x00000000   Code   RO         1156    .ARM.Collect$$libinit$$0000001B  c_w.l(libinit2.o)
    0x080001c6   0x080001c6   0x00000000   Code   RO         1158    .ARM.Collect$$libinit$$0000001D  c_w.l(libinit2.o)
    0x080001c6   0x080001c6   0x00000000   Code   RO         1160    .ARM.Collect$$libinit$$0000001F  c_w.l(libinit2.o)
    0x080001c6   0x080001c6   0x00000000   Code   RO         1162    .ARM.Collect$$libinit$$00000021  c_w.l(libinit2.o)
    0x080001c6   0x080001c6   0x00000000   Code   RO         1164    .ARM.Collect$$libinit$$00000023  c_w.l(libinit2.o)
    0x080001c6   0x080001c6   0x00000000   Code   RO         1166    .ARM.Collect$$libinit$$00000025  c_w.l(libinit2.o)
    0x080001c6   0x080001c6   0x00000000   Code   RO         1170    .ARM.Collect$$libinit$$0000002C  c_w.l(libinit2.o)
    0x080001c6   0x080001c6   0x00000000   Code   RO         1172    .ARM.Collect$$libinit$$0000002E  c_w.l(libinit2.o)
    0x080001c6   0x080001c6   0x00000000   Code   RO         1174    .ARM.Collect$$libinit$$00000030  c_w.l(libinit2.o)
    0x080001c6   0x080001c6   0x00000000   Code   RO         1176    .ARM.Collect$$libinit$$00000032  c_w.l(libinit2.o)
    0x080001c6   0x080001c6   0x00000002   Code   RO         1177    .ARM.Collect$$libinit$$00000033  c_w.l(libinit2.o)
    0x080001c8   0x080001c8   0x00000002   Code   RO         1197    .ARM.Collect$$libshutdown$$00000000  c_w.l(libshutdown.o)
    0x080001ca   0x080001ca   0x00000000   Code   RO         1210    .ARM.Collect$$libshutdown$$00000002  c_w.l(libshutdown2.o)
    0x080001ca   0x080001ca   0x00000000   Code   RO         1212    .ARM.Collect$$libshutdown$$00000004  c_w.l(libshutdown2.o)
    0x080001ca   0x080001ca   0x00000000   Code   RO         1215    .ARM.Collect$$libshutdown$$00000007  c_w.l(libshutdown2.o)
    0x080001ca   0x080001ca   0x00000000   Code   RO         1218    .ARM.Collect$$libshutdown$$0000000A  c_w.l(libshutdown2.o)
    0x080001ca   0x080001ca   0x00000000   Code   RO         1220    .ARM.Collect$$libshutdown$$0000000C  c_w.l(libshutdown2.o)
    0x080001ca   0x080001ca   0x00000000   Code   RO         1223    .ARM.Collect$$libshutdown$$0000000F  c_w.l(libshutdown2.o)
    0x080001ca   0x080001ca   0x00000002   Code   RO         1224    .ARM.Collect$$libshutdown$$00000010  c_w.l(libshutdown2.o)
    0x080001cc   0x080001cc   0x00000000   Code   RO         1102    .ARM.Collect$$rtentry$$00000000  c_w.l(__rtentry.o)
    0x080001cc   0x080001cc   0x00000000   Code   RO         1104    .ARM.Collect$$rtentry$$00000002  c_w.l(__rtentry2.o)
    0x080001cc   0x080001cc   0x00000006   Code   RO         1116    .ARM.Collect$$rtentry$$00000004  c_w.l(__rtentry4.o)
    0x080001d2   0x080001d2   0x00000000   Code   RO         1106    .ARM.Collect$$rtentry$$00000009  c_w.l(__rtentry2.o)
    0x080001d2   0x080001d2   0x00000004   Code   RO         1107    .ARM.Collect$$rtentry$$0000000A  c_w.l(__rtentry2.o)
    0x080001d6   0x080001d6   0x00000000   Code   RO         1109    .ARM.Collect$$rtentry$$0000000C  c_w.l(__rtentry2.o)
    0x080001d6   0x080001d6   0x00000008   Code   RO         1110    .ARM.Collect$$rtentry$$0000000D  c_w.l(__rtentry2.o)
    0x080001de   0x080001de   0x00000002   Code   RO         1131    .ARM.Collect$$rtexit$$00000000  c_w.l(rtexit.o)
    0x080001e0   0x080001e0   0x00000000   Code   RO         1179    .ARM.Collect$$rtexit$$00000002  c_w.l(rtexit2.o)
    0x080001e0   0x080001e0   0x00000004   Code   RO         1180    .ARM.Collect$$rtexit$$00000003  c_w.l(rtexit2.o)
    0x080001e4   0x080001e4   0x00000006   Code   RO         1181    .ARM.Collect$$rtexit$$00000004  c_w.l(rtexit2.o)
    0x080001ea   0x080001ea   0x0000000a   Code   RO            1    .text               main.o
    0x080001f4   0x080001f4   0x000000e4   Code   RO          196    .text               app.o
    0x080002d8   0x080002d8   0x00000016   Code   RO          211    .text               stm32f10x_it.o
    0x080002ee   0x080002ee   0x00000002   PAD
    0x080002f0   0x080002f0   0x000004fc   Code   RO          226    .text               hdl_enc28j60.o
    0x080007ec   0x080007ec   0x00000084   Code   RO          241    .text               hal_init.o
    0x08000870   0x08000870   0x0000001a   Code   RO          253    .text               hal_io.o
    0x0800088a   0x0800088a   0x00000002   PAD
    0x0800088c   0x0800088c   0x0000067c   Code   RO          265    .text               hal_uart.o
    0x08000f08   0x08000f08   0x000001c4   Code   RO          280    .text               hal_spi.o
    0x080010cc   0x080010cc   0x00000304   Code   RO          292    .text               hal_rtc.o
    0x080013d0   0x080013d0   0x000000a4   Code   RO          331    .text               hal_tim.o
    0x08001474   0x08001474   0x000000dc   Code   RO          390    .text               misc.o
    0x08001550   0x08001550   0x000000c4   Code   RO          414    .text               stm32f10x_bkp.o
    0x08001614   0x08001614   0x0000035c   Code   RO          534    .text               stm32f10x_gpio.o
    0x08001970   0x08001970   0x000000cc   Code   RO          570    .text               stm32f10x_pwr.o
    0x08001a3c   0x08001a3c   0x000003a4   Code   RO          582    .text               stm32f10x_rcc.o
    0x08001de0   0x08001de0   0x00000148   Code   RO          596    .text               stm32f10x_rtc.o
    0x08001f28   0x08001f28   0x0000030c   Code   RO          620    .text               stm32f10x_spi.o
    0x08002234   0x08002234   0x00000e1a   Code   RO          632    .text               stm32f10x_tim.o
    0x0800304e   0x0800304e   0x00000002   PAD
    0x08003050   0x08003050   0x00000408   Code   RO          644    .text               stm32f10x_usart.o
    0x08003458   0x08003458   0x00000034   Code   RO          683    .text               cpu_a.o
    0x0800348c   0x0800348c   0x0000043c   Code   RO          699    .text               cpu_core.o
    0x080038c8   0x080038c8   0x00000256   Code   RO          725    .text               lib_ascii.o
    0x08003b1e   0x08003b1e   0x00000002   PAD
    0x08003b20   0x08003b20   0x00000f8c   Code   RO          758    .text               lib_mem.o
    0x08004aac   0x08004aac   0x00000928   Code   RO          777    .text               lib_str.o
    0x080053d4   0x080053d4   0x00000220   Code   RO          794    .text               lib_mem_a.o
    0x080055f4   0x080055f4   0x00000002   Code   RO          797    .text               os_cfg_app.o
    0x080055f6   0x080055f6   0x00000002   PAD
    0x080055f8   0x080055f8   0x00000e50   Code   RO          820    .text               os_core.o
    0x08006448   0x08006448   0x000001b4   Code   RO          832    .text               os_dbg.o
    0x080065fc   0x080065fc   0x0000100c   Code   RO          847    .text               os_flag.o
    0x08007608   0x08007608   0x00000460   Code   RO          859    .text               os_int.o
    0x08007a68   0x08007a68   0x00000278   Code   RO          871    .text               os_mem.o
    0x08007ce0   0x08007ce0   0x00000228   Code   RO          883    .text               os_msg.o
    0x08007f08   0x08007f08   0x00000c40   Code   RO          895    .text               os_mutex.o
    0x08008b48   0x08008b48   0x0000007c   Code   RO          919    .text               os_prio.o
    0x08008bc4   0x08008bc4   0x00000a00   Code   RO          938    .text               os_q.o
    0x080095c4   0x080095c4   0x00000934   Code   RO          950    .text               os_sem.o
    0x08009ef8   0x08009ef8   0x000006dc   Code   RO          962    .text               os_stat.o
    0x0800a5d4   0x0800a5d4   0x00001f88   Code   RO          974    .text               os_task.o
    0x0800c55c   0x0800c55c   0x00000524   Code   RO          986    .text               os_tick.o
    0x0800ca80   0x0800ca80   0x0000064c   Code   RO          998    .text               os_time.o
    0x0800d0cc   0x0800d0cc   0x00000864   Code   RO         1010    .text               os_tmr.o
    0x0800d930   0x0800d930   0x0000028c   Code   RO         1036    .text               os_cpu_c.o
    0x0800dbbc   0x0800dbbc   0x000001e0   Code   RO         1067    .text               system_stm32f10x.o
    0x0800dd9c   0x0800dd9c   0x00000040   Code   RO         1088    .text               startup_stm32f10x_hd.o
    0x0800dddc   0x0800dddc   0x00000064   Code   RO         1094    .text               c_w.l(rt_memcpy_w.o)
    0x0800de40   0x0800de40   0x00000006   Code   RO         1098    .text               c_w.l(heapauxi.o)
    0x0800de46   0x0800de46   0x0000004a   Code   RO         1118    .text               c_w.l(sys_stackheap_outer.o)
    0x0800de90   0x0800de90   0x00000012   Code   RO         1120    .text               c_w.l(exit.o)
    0x0800dea2   0x0800dea2   0x00000002   PAD
    0x0800dea4   0x0800dea4   0x00000008   Code   RO         1128    .text               c_w.l(libspace.o)
    0x0800deac   0x0800deac   0x0000000c   Code   RO         1189    .text               c_w.l(sys_exit.o)
    0x0800deb8   0x0800deb8   0x00000002   Code   RO         1200    .text               c_w.l(use_no_semi.o)
    0x0800deba   0x0800deba   0x00000000   Code   RO         1202    .text               c_w.l(indicate_semi.o)
    0x0800deba   0x0800deba   0x00000002   PAD
    0x0800debc   0x0800debc   0x00000084   Code   RO         1054    CODE                os_cpu_a.o
    0x0800df40   0x0800df40   0x00000014   Data   RO          266    .constdata          hal_uart.o
    0x0800df54   0x0800df54   0x0000000c   Data   RO          293    .constdata          hal_rtc.o
    0x0800df60   0x0800df60   0x00000100   Data   RO          701    .constdata          cpu_core.o
    0x0800e060   0x0800e060   0x00000094   Data   RO          778    .constdata          lib_str.o
    0x0800e0f4   0x0800e0f4   0x000000a4   Data   RO          799    .constdata          os_cfg_app.o
    0x0800e198   0x0800e198   0x0000016c   Data   RO          833    .constdata          os_dbg.o
    0x0800e304   0x0800e304   0x00000020   Data   RO         1255    Region$$Table       anon$$obj.o


    Execution Region RW_IRAM1 (Exec base: 0x20000000, Load base: 0x0800e324, Size: 0x000090d0, Max: 0x00010000, ABSOLUTE, COMPRESSED[0x00000024])

    Exec Addr    Load Addr    Size         Type   Attr      Idx    E Section Name        Object

    0x20000000   COMPRESSED   0x00000008   Data   RW          198    .data               app.o
    0x20000008   COMPRESSED   0x0000000c   Data   RW          267    .data               hal_uart.o
    0x20000014   COMPRESSED   0x00000002   Data   RW          294    .data               hal_rtc.o
    0x20000016   COMPRESSED   0x00000002   PAD
    0x20000018   COMPRESSED   0x00000004   Data   RW          332    .data               hal_tim.o
    0x2000001c   COMPRESSED   0x00000014   Data   RW          583    .data               stm32f10x_rcc.o
    0x20000030   COMPRESSED   0x0000001c   Data   RW          702    .data               cpu_core.o
    0x2000004c   COMPRESSED   0x00000004   Data   RW          760    .data               lib_mem.o
    0x20000050   COMPRESSED   0x00000004   Data   RW          920    .data               os_prio.o
    0x20000054   COMPRESSED   0x000000d0   Data   RW         1023    .data               os_var.o
    0x20000124   COMPRESSED   0x00000004   Data   RW         1037    .data               os_cpu_c.o
    0x20000128   COMPRESSED   0x00000014   Data   RW         1068    .data               system_stm32f10x.o
    0x2000013c        -       0x000002c8   Zero   RW          197    .bss                app.o
    0x20000404        -       0x00000010   Zero   RW          227    .bss                hdl_enc28j60.o
    0x20000414        -       0x00000010   Zero   RW          700    .bss                cpu_core.o
    0x20000424        -       0x00006c48   Zero   RW          759    .bss                lib_mem.o
    0x2000706c        -       0x00001490   Zero   RW          798    .bss                os_cfg_app.o
    0x200084fc        -       0x00000574   Zero   RW         1022    .bss                os_var.o
    0x20008a70        -       0x00000060   Zero   RW         1129    .bss                c_w.l(libspace.o)
    0x20008ad0        -       0x00000200   Zero   RW         1086    HEAP                startup_stm32f10x_hd.o
    0x20008cd0        -       0x00000400   Zero   RW         1085    STACK               startup_stm32f10x_hd.o


==============================================================================

Image component sizes


      Code (inc. data)   RO Data    RW Data    ZI Data      Debug   Object Name

       228         36          0          8        712       1578   app.o
        52          0          0          0          0        368   cpu_a.o
      1084         42        256         28         16      16389   cpu_core.o
       132         14          0          0          0       1133   hal_init.o
        26          0          0          0          0       2265   hal_io.o
       772         32         12          2          0       2815   hal_rtc.o
       452         16          0          0          0       1648   hal_spi.o
       164         10          0          4          0       1086   hal_tim.o
      1660         68         20         12          0       4419   hal_uart.o
      1276         16          0          0         16       9115   hdl_enc28j60.o
       598          0          0          0          0       3876   lib_ascii.o
      3980         62          0          4      27720      25172   lib_mem.o
       544          0          0          0          0        480   lib_mem_a.o
      2344          4        148          0          0      13782   lib_str.o
        10          0          0          0          0     306634   main.o
       220         22          0          0          0       1729   misc.o
         2          0        164          0       5264      20902   os_cfg_app.o
      3664        294          0          0          0      12549   os_core.o
       132         32          0          0          0        380   os_cpu_a.o
       652         64          0          4          0       3833   os_cpu_c.o
       436        286        364          0          0       4765   os_dbg.o
      4108        110          0          0          0       8483   os_flag.o
      1120        146          0          0          0       2360   os_int.o
       632         22          0          0          0       2812   os_mem.o
       552         14          0          0          0       2658   os_msg.o
      3136        114          0          0          0       5890   os_mutex.o
       124          4          0          4          0       1732   os_prio.o
      2560         82          0          0          0       6584   os_q.o
      2356         72          0          0          0       6580   os_sem.o
      1756        190          0          0          0       2957   os_stat.o
      8072        282          0          0          0      15086   os_task.o
      1316         90          0          0          0       3325   os_tick.o
      1612         44          0          0          0       3493   os_time.o
      2148        140          0          0          0       6730   os_tmr.o
         0          0          0        208       1396      19461   os_var.o
        64         26        304          0       1536        828   startup_stm32f10x_hd.o
       196          8          0          0          0       3428   stm32f10x_bkp.o
       860         38          0          0          0       5665   stm32f10x_gpio.o
        22          0          0          0          0       1007   stm32f10x_it.o
       204         14          0          0          0       1923   stm32f10x_pwr.o
       932         36          0         20          0       8820   stm32f10x_rcc.o
       328          4          0          0          0       2694   stm32f10x_rtc.o
       780         14          0          0          0       6542   stm32f10x_spi.o
      3610         88          0          0          0      22772   stm32f10x_tim.o
      1032         22          0          0          0       8384   stm32f10x_usart.o
       480         38          0         20          0       1755   system_stm32f10x.o

    ----------------------------------------------------------------------
     56438       2596       1300        316      36660     586887   Object Totals
         0          0         32          0          0          0   (incl. Generated)
        10          0          0          2          0          0   (incl. Padding)

    ----------------------------------------------------------------------

      Code (inc. data)   RO Data    RW Data    ZI Data      Debug   Library Member Name

        58          0          0          0          0          0   __dczerorl.o
         8          0          0          0          0         68   __main.o
         0          0          0          0          0          0   __rtentry.o
        12          0          0          0          0          0   __rtentry2.o
         6          0          0          0          0          0   __rtentry4.o
        52          8          0          0          0          0   __scatter.o
        28          0          0          0          0          0   __scatter_zi.o
        18          0          0          0          0         80   exit.o
         6          0          0          0          0        152   heapauxi.o
         0          0          0          0          0          0   indicate_semi.o
         2          0          0          0          0          0   libinit.o
         2          0          0          0          0          0   libinit2.o
         2          0          0          0          0          0   libshutdown.o
         2          0          0          0          0          0   libshutdown2.o
         8          4          0          0         96         68   libspace.o
       100          0          0          0          0         80   rt_memcpy_w.o
         2          0          0          0          0          0   rtexit.o
        10          0          0          0          0          0   rtexit2.o
        12          4          0          0          0         68   sys_exit.o
        74          0          0          0          0         80   sys_stackheap_outer.o
         2          0          0          0          0         68   use_no_semi.o

    ----------------------------------------------------------------------
       410         16          0          0         96        664   Library Totals
         6          0          0          0          0          0   (incl. Padding)

    ----------------------------------------------------------------------

      Code (inc. data)   RO Data    RW Data    ZI Data      Debug   Library Name

       404         16          0          0         96        664   c_w.l

    ----------------------------------------------------------------------
       410         16          0          0         96        664   Library Totals

    ----------------------------------------------------------------------

==============================================================================


      Code (inc. data)   RO Data    RW Data    ZI Data      Debug   

     56848       2612       1300        316      36756     583023   Grand Totals
     56848       2612       1300         36      36756     583023   ELF Image Totals (compressed)
     56848       2612       1300         36          0          0   ROM Totals

==============================================================================

    Total RO  Size (Code + RO Data)                58148 (  56.79kB)
    Total RW  Size (RW Data + ZI Data)             37072 (  36.20kB)
    Total ROM Size (Code + RO Data + RW Data)      58184 (  56.82kB)

==============================================================================

