Component: ARM Compiler 5.06 update 6 (build 750) Tool: armlink [4d35ed]

==============================================================================

Section Cross References

    main.o(.text) refers to app.o(.text) for fRTOS_Start
    app.o(.text) refers to cpu_a.o(.text) for CPU_IntDis
    app.o(.text) refers to hal_init.o(.text) for fHAL_Iint
    app.o(.text) refers to cpu_core.o(.text) for CPU_Init
    app.o(.text) refers to os_cpu_c.o(.text) for OS_CPU_SysTickInit
    app.o(.text) refers to lib_mem.o(.text) for Mem_Init
    app.o(.text) refers to os_stat.o(.text) for OSStatTaskCPUUsageInit
    app.o(.text) refers to hal_rtc.o(.text) for fRTC_Set
    app.o(.text) refers to os_time.o(.text) for OSTimeDlyHMSM
    app.o(.text) refers to os_core.o(.text) for OSInit
    app.o(.text) refers to os_task.o(.text) for OSTaskCreate
    app.o(.text) refers to os_cfg_app.o(.constdata) for OSCfg_TickRate_Hz
    app.o(.text) refers to app.o(.data) for timer
    app.o(.text) refers to app.o(.bss) for AppTaskStartStk
    hal_init.o(.text) refers to stm32f10x_gpio.o(.text) for GPIO_ReadInputDataBit
    hal_init.o(.text) refers to misc.o(.text) for NVIC_PriorityGroupConfig
    hal_init.o(.text) refers to hal_uart.o(.text) for fUSART1_Init
    hal_init.o(.text) refers to hal_spi.o(.text) for fSPI1_Init
    hal_init.o(.text) refers to hal_rtc.o(.text) for fRTC_Init
    hal_init.o(.text) refers to stm32f10x_rcc.o(.text) for RCC_GetClocksFreq
    hal_init.o(.text) refers to cpu_core.o(.text) for CPU_TS_TmrFreqSet
    hal_uart.o(.text) refers to stm32f10x_rcc.o(.text) for RCC_APB2PeriphClockCmd
    hal_uart.o(.text) refers to stm32f10x_gpio.o(.text) for GPIO_Init
    hal_uart.o(.text) refers to misc.o(.text) for NVIC_Init
    hal_uart.o(.text) refers to stm32f10x_usart.o(.text) for USART_Init
    hal_uart.o(.text) refers to hal_uart.o(.data) for fGetSendData
    hal_uart.o(.text) refers to rt_memcpy_w.o(.text) for __aeabi_memcpy4
    hal_uart.o(.text) refers to hal_uart.o(.constdata) for .constdata
    hal_spi.o(.text) refers to stm32f10x_rcc.o(.text) for RCC_APB2PeriphClockCmd
    hal_spi.o(.text) refers to stm32f10x_gpio.o(.text) for GPIO_Init
    hal_spi.o(.text) refers to stm32f10x_spi.o(.text) for SPI_Init
    hal_rtc.o(.text) refers to stm32f10x_rtc.o(.text) for RTC_WaitForLastTask
    hal_rtc.o(.text) refers to stm32f10x_rcc.o(.text) for RCC_APB1PeriphClockCmd
    hal_rtc.o(.text) refers to stm32f10x_pwr.o(.text) for PWR_BackupAccessCmd
    hal_rtc.o(.text) refers to stm32f10x_bkp.o(.text) for BKP_ReadBackupRegister
    hal_rtc.o(.text) refers to hal_rtc.o(.constdata) for monTable
    hal_rtc.o(.text) refers to hal_rtc.o(.data) for lastDayCnt
    hal_pwm.o(.text) refers to stm32f10x_rcc.o(.text) for RCC_APB1PeriphClockCmd
    hal_pwm.o(.text) refers to stm32f10x_gpio.o(.text) for GPIO_PinRemapConfig
    hal_pwm.o(.text) refers to stm32f10x_tim.o(.text) for TIM_TimeBaseInit
    stm32f10x_adc.o(.text) refers to stm32f10x_rcc.o(.text) for RCC_APB2PeriphResetCmd
    stm32f10x_bkp.o(.text) refers to stm32f10x_rcc.o(.text) for RCC_BackupResetCmd
    stm32f10x_can.o(.text) refers to stm32f10x_rcc.o(.text) for RCC_APB1PeriphResetCmd
    stm32f10x_cec.o(.text) refers to stm32f10x_rcc.o(.text) for RCC_APB1PeriphResetCmd
    stm32f10x_dac.o(.text) refers to stm32f10x_rcc.o(.text) for RCC_APB1PeriphResetCmd
    stm32f10x_gpio.o(.text) refers to stm32f10x_rcc.o(.text) for RCC_APB2PeriphResetCmd
    stm32f10x_i2c.o(.text) refers to stm32f10x_rcc.o(.text) for RCC_APB1PeriphResetCmd
    stm32f10x_pwr.o(.text) refers to stm32f10x_rcc.o(.text) for RCC_APB1PeriphResetCmd
    stm32f10x_rcc.o(.text) refers to stm32f10x_rcc.o(.data) for APBAHBPrescTable
    stm32f10x_spi.o(.text) refers to stm32f10x_rcc.o(.text) for RCC_APB2PeriphResetCmd
    stm32f10x_tim.o(.text) refers to stm32f10x_rcc.o(.text) for RCC_APB2PeriphResetCmd
    stm32f10x_usart.o(.text) refers to stm32f10x_rcc.o(.text) for RCC_APB2PeriphResetCmd
    stm32f10x_wwdg.o(.text) refers to stm32f10x_rcc.o(.text) for RCC_APB1PeriphResetCmd
    os_app_hooks.o(.text) refers to cpu_a.o(.text) for CPU_SR_Save
    os_app_hooks.o(.text) refers to cpu_core.o(.text) for CPU_IntDisMeasStart
    os_app_hooks.o(.text) refers to os_var.o(.data) for OS_AppTaskCreateHookPtr
    cpu_c.o(.text) refers to cpu_a.o(.text) for CPU_SR_Save
    cpu_c.o(.text) refers to cpu_core.o(.text) for CPU_IntDisMeasStart
    cpu_core.o(.text) refers to hal_init.o(.text) for CPU_TS_TmrRd
    cpu_core.o(.text) refers to cpu_a.o(.text) for CPU_SR_Save
    cpu_core.o(.text) refers to lib_mem.o(.text) for Mem_Clr
    cpu_core.o(.text) refers to lib_str.o(.text) for Str_Copy_N
    cpu_core.o(.text) refers to cpu_core.o(.data) for CPU_IntDisNestCtr
    cpu_core.o(.text) refers to cpu_core.o(.bss) for CPU_Name
    cpu_core.o(.text) refers to cpu_core.o(.constdata) for CPU_CntLeadZerosTbl
    lib_math.o(.text) refers to cpu_a.o(.text) for CPU_SR_Save
[...]
    __rt_lib_init_lc_collate_1               0x080001c7   Thumb Code     0  libinit2.o(.ARM.Collect$$libinit$$00000011)
    __rt_lib_init_lc_ctype_1                 0x080001c7   Thumb Code     0  libinit2.o(.ARM.Collect$$libinit$$00000013)
    __rt_lib_init_lc_monetary_1              0x080001c7   Thumb Code     0  libinit2.o(.ARM.Collect$$libinit$$00000015)
    __rt_lib_init_lc_numeric_1               0x080001c7   Thumb Code     0  libinit2.o(.ARM.Collect$$libinit$$00000017)
    __rt_lib_init_lc_time_1                  0x080001c7   Thumb Code     0  libinit2.o(.ARM.Collect$$libinit$$00000019)
    __rt_lib_init_preinit_1                  0x080001c7   Thumb Code     0  libinit2.o(.ARM.Collect$$libinit$$00000004)
    __rt_lib_init_rand_1                     0x080001c7   Thumb Code     0  libinit2.o(.ARM.Collect$$libinit$$0000000E)
    __rt_lib_init_return                     0x080001c7   Thumb Code     0  libinit2.o(.ARM.Collect$$libinit$$00000033)
    __rt_lib_init_signal_1                   0x080001c7   Thumb Code     0  libinit2.o(.ARM.Collect$$libinit$$0000001D)
    __rt_lib_init_stdio_1                    0x080001c7   Thumb Code     0  libinit2.o(.ARM.Collect$$libinit$$00000025)
    __rt_lib_init_user_alloc_1               0x080001c7   Thumb Code     0  libinit2.o(.ARM.Collect$$libinit$$0000000C)
    __rt_lib_shutdown                        0x080001c9   Thumb Code     0  libshutdown.o(.ARM.Collect$$libshutdown$$00000000)
    __rt_lib_shutdown_cpp_1                  0x080001cb   Thumb Code     0  libshutdown2.o(.ARM.Collect$$libshutdown$$00000002)
    __rt_lib_shutdown_fp_trap_1              0x080001cb   Thumb Code     0  libshutdown2.o(.ARM.Collect$$libshutdown$$00000007)
    __rt_lib_shutdown_heap_1                 0x080001cb   Thumb Code     0  libshutdown2.o(.ARM.Collect$$libshutdown$$0000000F)
    __rt_lib_shutdown_return                 0x080001cb   Thumb Code     0  libshutdown2.o(.ARM.Collect$$libshutdown$$00000010)
    __rt_lib_shutdown_signal_1               0x080001cb   Thumb Code     0  libshutdown2.o(.ARM.Collect$$libshutdown$$0000000A)
    __rt_lib_shutdown_stdio_1                0x080001cb   Thumb Code     0  libshutdown2.o(.ARM.Collect$$libshutdown$$00000004)
    __rt_lib_shutdown_user_alloc_1           0x080001cb   Thumb Code     0  libshutdown2.o(.ARM.Collect$$libshutdown$$0000000C)
    __rt_entry                               0x080001cd   Thumb Code     0  __rtentry.o(.ARM.Collect$$rtentry$$00000000)
    __rt_entry_presh_1                       0x080001cd   Thumb Code     0  __rtentry2.o(.ARM.Collect$$rtentry$$00000002)
    __rt_entry_sh                            0x080001cd   Thumb Code     0  __rtentry4.o(.ARM.Collect$$rtentry$$00000004)
    __rt_entry_li                            0x080001d3   Thumb Code     0  __rtentry2.o(.ARM.Collect$$rtentry$$0000000A)
    __rt_entry_postsh_1                      0x080001d3   Thumb Code     0  __rtentry2.o(.ARM.Collect$$rtentry$$00000009)
    __rt_entry_main                          0x080001d7   Thumb Code     0  __rtentry2.o(.ARM.Collect$$rtentry$$0000000D)
    __rt_entry_postli_1                      0x080001d7   Thumb Code     0  __rtentry2.o(.ARM.Collect$$rtentry$$0000000C)
    __rt_exit                                0x080001df   Thumb Code     0  rtexit.o(.ARM.Collect$$rtexit$$00000000)
    __rt_exit_ls                             0x080001e1   Thumb Code     0  rtexit2.o(.ARM.Collect$$rtexit$$00000003)
    __rt_exit_prels_1                        0x080001e1   Thumb Code     0  rtexit2.o(.ARM.Collect$$rtexit$$00000002)
    __rt_exit_exit                           0x080001e5   Thumb Code     0  rtexit2.o(.ARM.Collect$$rtexit$$00000004)
    main                                     0x080001eb   Thumb Code    10  main.o(.text)
    fRTOS_Start                              0x08000265   Thumb Code    70  app.o(.text)
    NMI_Handler                              0x080002d1   Thumb Code     2  stm32f10x_it.o(.text)
    HardFault_Handler                        0x080002d3   Thumb Code     4  stm32f10x_it.o(.text)
    MemManage_Handler                        0x080002d7   Thumb Code     4  stm32f10x_it.o(.text)
    BusFault_Handler                         0x080002db   Thumb Code     4  stm32f10x_it.o(.text)
    UsageFault_Handler                       0x080002df   Thumb Code     4  stm32f10x_it.o(.text)
    SVC_Handler                              0x080002e3   Thumb Code     2  stm32f10x_it.o(.text)
    DebugMon_Handler                         0x080002e5   Thumb Code     2  stm32f10x_it.o(.text)
    test                                     0x080002e9   Thumb Code    26  hal_init.o(.text)
    fHAL_Iint                                0x08000303   Thumb Code    28  hal_init.o(.text)
    fGetCPU_ClkFreq                          0x0800031f   Thumb Code    16  hal_init.o(.text)
    CPU_TS_TmrInit                           0x0800032f   Thumb Code    44  hal_init.o(.text)
    CPU_TS_TmrRd                             0x0800035b   Thumb Code     6  hal_init.o(.text)
    fGPIO_Init                               0x0800036d   Thumb Code     2  hal_io.o(.text)
    fGPIO_NVIC_Init                          0x0800036f   Thumb Code     2  hal_io.o(.text)
    fGPIO_EXTI_Init                          0x08000371   Thumb Code     2  hal_io.o(.text)
    fSetGPIO_EXTI_CallBack                   0x08000373   Thumb Code     6  hal_io.o(.text)
    EXTI0_IRQHandler                         0x08000379   Thumb Code     2  hal_io.o(.text)
    EXTI1_IRQHandler                         0x0800037b   Thumb Code     2  hal_io.o(.text)
    EXTI2_IRQHandler                         0x0800037d   Thumb Code     2  hal_io.o(.text)
    EXTI3_IRQHandler                         0x0800037f   Thumb Code     2  hal_io.o(.text)
    EXTI4_IRQHandler                         0x08000381   Thumb Code     2  hal_io.o(.text)
    EXTI9_5_IRQHandler                       0x08000383   Thumb Code     2  hal_io.o(.text)
    EXTI15_10_IRQHandler                     0x08000385   Thumb Code     2  hal_io.o(.text)
    fUartSetCallFunction                     0x08000389   Thumb Code    14  hal_uart.o(.text)
    fUSART1_Init                             0x08000397   Thumb Code   186  hal_uart.o(.text)
    USART1_IRQHandler                        0x08000451   Thumb Code   110  hal_uart.o(.text)
    fUSART2_Init                             0x080004bf   Thumb Code   170  hal_uart.o(.text)
    USART2_IRQHandler                        0x08000569   Thumb Code   122  hal_uart.o(.text)
    fUSART3_Init                             0x080005e3   Thumb Code   176  hal_uart.o(.text)
    USART3_IRQHandler                        0x08000693   Thumb Code   122  hal_uart.o(.text)
    fUART4_Init                              0x0800070d   Thumb Code   214  hal_uart.o(.text)
    UART4_IRQHandler                         0x080007e3   Thumb Code   122  hal_uart.o(.text)
    fUART5_Init                              0x0800085d   Thumb Code   174  hal_uart.o(.text)
    UART5_IRQHandler                         0x0800090b   Thumb Code   122  hal_uart.o(.text)
    fUSART_SendArrayData                     0x08000985   Thumb Code    96  hal_uart.o(.text)
    fSPI1_Init                               0x08000a05   Thumb Code   156  hal_spi.o(.text)
    SPI1_FlashSendByte                       0x08000aa1   Thumb Code    50  hal_spi.o(.text)
    SPI1_FlashReadByte                       0x08000ad3   Thumb Code    10  hal_spi.o(.text)
    fSPI2_Init                               0x08000add   Thumb Code   160  hal_spi.o(.text)
    SPI2_FlashSendByte                       0x08000b7d   Thumb Code    50  hal_spi.o(.text)
    SPI2_FlashReadByte                       0x08000baf   Thumb Code    10  hal_spi.o(.text)
    fRTC_Set                                 0x08000c03   Thumb Code   172  hal_rtc.o(.text)
    fRTC_Init                                0x08000caf   Thumb Code   150  hal_rtc.o(.text)
    fRTC_GetWeek                             0x08000d45   Thumb Code   124  hal_rtc.o(.text)
    fRTC_Get                                 0x08000dc1   Thumb Code   236  hal_rtc.o(.text)
    NVIC_PriorityGroupConfig                 0x08000ecd   Thumb Code    10  misc.o(.text)
    NVIC_Init                                0x08000ed7   Thumb Code   100  misc.o(.text)
    NVIC_SetVectorTable                      0x08000f3b   Thumb Code    14  misc.o(.text)
    NVIC_SystemLPConfig                      0x08000f49   Thumb Code    34  misc.o(.text)
    SysTick_CLKSourceConfig                  0x08000f6b   Thumb Code    40  misc.o(.text)
    BKP_DeInit                               0x08000fa9   Thumb Code    16  stm32f10x_bkp.o(.text)
    BKP_TamperPinLevelConfig                 0x08000fb9   Thumb Code     6  stm32f10x_bkp.o(.text)
    BKP_TamperPinCmd                         0x08000fbf   Thumb Code     8  stm32f10x_bkp.o(.text)
    BKP_ITConfig                             0x08000fc7   Thumb Code     8  stm32f10x_bkp.o(.text)
    BKP_RTCOutputConfig                      0x08000fcf   Thumb Code    22  stm32f10x_bkp.o(.text)
    BKP_SetRTCCalibrationValue               0x08000fe5   Thumb Code    22  stm32f10x_bkp.o(.text)
    BKP_WriteBackupRegister                  0x08000ffb   Thumb Code    24  stm32f10x_bkp.o(.text)
    BKP_ReadBackupRegister                   0x08001013   Thumb Code    26  stm32f10x_bkp.o(.text)
    BKP_GetFlagStatus                        0x0800102d   Thumb Code    10  stm32f10x_bkp.o(.text)
    BKP_ClearFlag                            0x08001037   Thumb Code    18  stm32f10x_bkp.o(.text)
    BKP_GetITStatus                          0x08001049   Thumb Code    10  stm32f10x_bkp.o(.text)
    BKP_ClearITPendingBit                    0x08001053   Thumb Code    18  stm32f10x_bkp.o(.text)
    GPIO_DeInit                              0x0800106d   Thumb Code   172  stm32f10x_gpio.o(.text)
    GPIO_AFIODeInit                          0x08001119   Thumb Code    20  stm32f10x_gpio.o(.text)
    GPIO_Init                                0x0800112d   Thumb Code   278  stm32f10x_gpio.o(.text)
    GPIO_StructInit                          0x08001243   Thumb Code    16  stm32f10x_gpio.o(.text)
    GPIO_ReadInputDataBit                    0x08001253   Thumb Code    18  stm32f10x_gpio.o(.text)
    GPIO_ReadInputData                       0x08001265   Thumb Code     8  stm32f10x_gpio.o(.text)
    GPIO_ReadOutputDataBit                   0x0800126d   Thumb Code    18  stm32f10x_gpio.o(.text)
    GPIO_ReadOutputData                      0x0800127f   Thumb Code     8  stm32f10x_gpio.o(.text)
    GPIO_SetBits                             0x08001287   Thumb Code     4  stm32f10x_gpio.o(.text)
    GPIO_ResetBits                           0x0800128b   Thumb Code     4  stm32f10x_gpio.o(.text)
    GPIO_WriteBit                            0x0800128f   Thumb Code    10  stm32f10x_gpio.o(.text)
    GPIO_Write                               0x08001299   Thumb Code     4  stm32f10x_gpio.o(.text)
    GPIO_PinLockConfig                       0x0800129d   Thumb Code    18  stm32f10x_gpio.o(.text)
    GPIO_EventOutputConfig                   0x080012af   Thumb Code    26  stm32f10x_gpio.o(.text)
    GPIO_EventOutputCmd                      0x080012c9   Thumb Code     6  stm32f10x_gpio.o(.text)
    GPIO_PinRemapConfig                      0x080012cf   Thumb Code   138  stm32f10x_gpio.o(.text)
    GPIO_EXTILineConfig                      0x08001359   Thumb Code    66  stm32f10x_gpio.o(.text)
    GPIO_ETH_MediaInterfaceConfig            0x0800139b   Thumb Code     8  stm32f10x_gpio.o(.text)
    PWR_DeInit                               0x080013c9   Thumb Code    22  stm32f10x_pwr.o(.text)
    PWR_BackupAccessCmd                      0x080013df   Thumb Code     6  stm32f10x_pwr.o(.text)
    PWR_PVDCmd                               0x080013e5   Thumb Code     6  stm32f10x_pwr.o(.text)
    PWR_PVDLevelConfig                       0x080013eb   Thumb Code    18  stm32f10x_pwr.o(.text)
    PWR_WakeUpPinCmd                         0x080013fd   Thumb Code     8  stm32f10x_pwr.o(.text)
    PWR_EnterSTOPMode                        0x08001405   Thumb Code    54  stm32f10x_pwr.o(.text)
    PWR_EnterSTANDBYMode                     0x0800143b   Thumb Code    42  stm32f10x_pwr.o(.text)
    PWR_GetFlagStatus                        0x08001465   Thumb Code    20  stm32f10x_pwr.o(.text)
    PWR_ClearFlag                            0x08001479   Thumb Code    14  stm32f10x_pwr.o(.text)
    RCC_DeInit                               0x08001495   Thumb Code    64  stm32f10x_rcc.o(.text)
    RCC_HSEConfig                            0x080014d5   Thumb Code    70  stm32f10x_rcc.o(.text)
    RCC_GetFlagStatus                        0x0800151b   Thumb Code    56  stm32f10x_rcc.o(.text)
    RCC_WaitForHSEStartUp                    0x08001553   Thumb Code    56  stm32f10x_rcc.o(.text)
    RCC_AdjustHSICalibrationValue            0x0800158b   Thumb Code    20  stm32f10x_rcc.o(.text)
    RCC_HSICmd                               0x0800159f   Thumb Code     6  stm32f10x_rcc.o(.text)
    RCC_PLLConfig                            0x080015a5   Thumb Code    24  stm32f10x_rcc.o(.text)
    RCC_PLLCmd                               0x080015bd   Thumb Code     6  stm32f10x_rcc.o(.text)
    RCC_SYSCLKConfig                         0x080015c3   Thumb Code    18  stm32f10x_rcc.o(.text)
    RCC_GetSYSCLKSource                      0x080015d5   Thumb Code    10  stm32f10x_rcc.o(.text)
    RCC_HCLKConfig                           0x080015df   Thumb Code    18  stm32f10x_rcc.o(.text)
    RCC_PCLK1Config                          0x080015f1   Thumb Code    18  stm32f10x_rcc.o(.text)
    RCC_PCLK2Config                          0x08001603   Thumb Code    20  stm32f10x_rcc.o(.text)
    RCC_ITConfig                             0x08001617   Thumb Code    26  stm32f10x_rcc.o(.text)
    RCC_USBCLKConfig                         0x08001631   Thumb Code     8  stm32f10x_rcc.o(.text)
    RCC_ADCCLKConfig                         0x08001639   Thumb Code    18  stm32f10x_rcc.o(.text)
    RCC_LSEConfig                            0x0800164b   Thumb Code    50  stm32f10x_rcc.o(.text)
    RCC_LSICmd                               0x0800167d   Thumb Code     6  stm32f10x_rcc.o(.text)
    RCC_RTCCLKConfig                         0x08001683   Thumb Code    12  stm32f10x_rcc.o(.text)
    RCC_RTCCLKCmd                            0x0800168f   Thumb Code     8  stm32f10x_rcc.o(.text)
    RCC_GetClocksFreq                        0x08001697   Thumb Code   192  stm32f10x_rcc.o(.text)
    RCC_AHBPeriphClockCmd                    0x08001757   Thumb Code    26  stm32f10x_rcc.o(.text)
    RCC_APB2PeriphClockCmd                   0x08001771   Thumb Code    26  stm32f10x_rcc.o(.text)
    RCC_APB1PeriphClockCmd                   0x0800178b   Thumb Code    26  stm32f10x_rcc.o(.text)
    RCC_APB2PeriphResetCmd                   0x080017a5   Thumb Code    26  stm32f10x_rcc.o(.text)
    RCC_APB1PeriphResetCmd                   0x080017bf   Thumb Code    26  stm32f10x_rcc.o(.text)
    RCC_BackupResetCmd                       0x080017d9   Thumb Code     8  stm32f10x_rcc.o(.text)
    RCC_ClockSecuritySystemCmd               0x080017e1   Thumb Code     6  stm32f10x_rcc.o(.text)
    RCC_MCOConfig                            0x080017e7   Thumb Code     6  stm32f10x_rcc.o(.text)
    RCC_ClearFlag                            0x080017ed   Thumb Code    14  stm32f10x_rcc.o(.text)
    RCC_GetITStatus                          0x080017fb   Thumb Code    20  stm32f10x_rcc.o(.text)
    RCC_ClearITPendingBit                    0x0800180f   Thumb Code     6  stm32f10x_rcc.o(.text)
    RTC_ITConfig                             0x08001839   Thumb Code    26  stm32f10x_rtc.o(.text)
    RTC_EnterConfigMode                      0x08001853   Thumb Code    18  stm32f10x_rtc.o(.text)
    RTC_ExitConfigMode                       0x08001865   Thumb Code    20  stm32f10x_rtc.o(.text)
    RTC_GetCounter                           0x08001879   Thumb Code    18  stm32f10x_rtc.o(.text)
    RTC_SetCounter                           0x0800188b   Thumb Code    26  stm32f10x_rtc.o(.text)
    RTC_SetPrescaler                         0x080018a5   Thumb Code    28  stm32f10x_rtc.o(.text)
    RTC_SetAlarm                             0x080018c1   Thumb Code    26  stm32f10x_rtc.o(.text)
    RTC_GetDivider                           0x080018db   Thumb Code    22  stm32f10x_rtc.o(.text)
    RTC_WaitForLastTask                      0x080018f1   Thumb Code    18  stm32f10x_rtc.o(.text)
    RTC_WaitForSynchro                       0x08001903   Thumb Code    36  stm32f10x_rtc.o(.text)
    RTC_GetFlagStatus                        0x08001927   Thumb Code    22  stm32f10x_rtc.o(.text)
    RTC_ClearFlag                            0x0800193d   Thumb Code    16  stm32f10x_rtc.o(.text)
    RTC_GetITStatus                          0x0800194d   Thumb Code    32  stm32f10x_rtc.o(.text)
    RTC_ClearITPendingBit                    0x0800196d   Thumb Code    16  stm32f10x_rtc.o(.text)
    SPI_I2S_DeInit                           0x08001981   Thumb Code    76  stm32f10x_spi.o(.text)
    SPI_Init                                 0x080019cd   Thumb Code    60  stm32f10x_spi.o(.text)
    I2S_Init                                 0x08001a09   Thumb Code   226  stm32f10x_spi.o(.text)
    SPI_StructInit                           0x08001aeb   Thumb Code    24  stm32f10x_spi.o(.text)
    I2S_StructInit                           0x08001b03   Thumb Code    20  stm32f10x_spi.o(.text)
    SPI_Cmd                                  0x08001b17   Thumb Code    24  stm32f10x_spi.o(.text)
    I2S_Cmd                                  0x08001b2f   Thumb Code    24  stm32f10x_spi.o(.text)
    SPI_I2S_ITConfig                         0x08001b47   Thumb Code    32  stm32f10x_spi.o(.text)
    SPI_I2S_DMACmd                           0x08001b67   Thumb Code    18  stm32f10x_spi.o(.text)
    SPI_I2S_SendData                         0x08001b79   Thumb Code     4  stm32f10x_spi.o(.text)
    SPI_I2S_ReceiveData                      0x08001b7d   Thumb Code     6  stm32f10x_spi.o(.text)
    SPI_NSSInternalSoftwareConfig            0x08001b83   Thumb Code    30  stm32f10x_spi.o(.text)
    SPI_SSOutputCmd                          0x08001ba1   Thumb Code    24  stm32f10x_spi.o(.text)
    SPI_DataSizeConfig                       0x08001bb9   Thumb Code    18  stm32f10x_spi.o(.text)
    SPI_TransmitCRC                          0x08001bcb   Thumb Code    10  stm32f10x_spi.o(.text)
    SPI_CalculateCRC                         0x08001bd5   Thumb Code    24  stm32f10x_spi.o(.text)
    SPI_GetCRC                               0x08001bed   Thumb Code    16  stm32f10x_spi.o(.text)
    SPI_GetCRCPolynomial                     0x08001bfd   Thumb Code     6  stm32f10x_spi.o(.text)
    SPI_BiDirectionalLineConfig              0x08001c03   Thumb Code    28  stm32f10x_spi.o(.text)
    SPI_I2S_GetFlagStatus                    0x08001c1f   Thumb Code    18  stm32f10x_spi.o(.text)
    SPI_I2S_ClearFlag                        0x08001c31   Thumb Code     6  stm32f10x_spi.o(.text)
    SPI_I2S_GetITStatus                      0x08001c37   Thumb Code    52  stm32f10x_spi.o(.text)
    SPI_I2S_ClearITPendingBit                0x08001c6b   Thumb Code    20  stm32f10x_spi.o(.text)
    USART_DeInit                             0x08001c8d   Thumb Code   134  stm32f10x_usart.o(.text)
    USART_Init                               0x08001d13   Thumb Code   210  stm32f10x_usart.o(.text)
    USART_StructInit                         0x08001de5   Thumb Code    24  stm32f10x_usart.o(.text)
    USART_ClockInit                          0x08001dfd   Thumb Code    34  stm32f10x_usart.o(.text)
    USART_ClockStructInit                    0x08001e1f   Thumb Code    12  stm32f10x_usart.o(.text)
    USART_Cmd                                0x08001e2b   Thumb Code    24  stm32f10x_usart.o(.text)
    USART_ITConfig                           0x08001e43   Thumb Code    74  stm32f10x_usart.o(.text)
    USART_DMACmd                             0x08001e8d   Thumb Code    18  stm32f10x_usart.o(.text)
    USART_SetAddress                         0x08001e9f   Thumb Code    18  stm32f10x_usart.o(.text)
    USART_WakeUpConfig                       0x08001eb1   Thumb Code    18  stm32f10x_usart.o(.text)
    USART_ReceiverWakeUpCmd                  0x08001ec3   Thumb Code    24  stm32f10x_usart.o(.text)
    USART_LINBreakDetectLengthConfig         0x08001edb   Thumb Code    18  stm32f10x_usart.o(.text)
    USART_LINCmd                             0x08001eed   Thumb Code    24  stm32f10x_usart.o(.text)
    USART_SendData                           0x08001f05   Thumb Code     8  stm32f10x_usart.o(.text)
    USART_ReceiveData                        0x08001f0d   Thumb Code    10  stm32f10x_usart.o(.text)
    USART_SendBreak                          0x08001f17   Thumb Code    10  stm32f10x_usart.o(.text)
    USART_SetGuardTime                       0x08001f21   Thumb Code    16  stm32f10x_usart.o(.text)
    USART_SetPrescaler                       0x08001f31   Thumb Code    16  stm32f10x_usart.o(.text)
    USART_SmartCardCmd                       0x08001f41   Thumb Code    24  stm32f10x_usart.o(.text)
    USART_SmartCardNACKCmd                   0x08001f59   Thumb Code    24  stm32f10x_usart.o(.text)
    USART_HalfDuplexCmd                      0x08001f71   Thumb Code    24  stm32f10x_usart.o(.text)
    USART_OverSampling8Cmd                   0x08001f89   Thumb Code    22  stm32f10x_usart.o(.text)
    USART_OneBitMethodCmd                    0x08001f9f   Thumb Code    24  stm32f10x_usart.o(.text)
    USART_IrDAConfig                         0x08001fb7   Thumb Code    18  stm32f10x_usart.o(.text)
    USART_IrDACmd                            0x08001fc9   Thumb Code    24  stm32f10x_usart.o(.text)
    USART_GetFlagStatus                      0x08001fe1   Thumb Code    26  stm32f10x_usart.o(.text)
    USART_ClearFlag                          0x08001ffb   Thumb Code    18  stm32f10x_usart.o(.text)
    USART_GetITStatus                        0x0800200d   Thumb Code    84  stm32f10x_usart.o(.text)
    USART_ClearITPendingBit                  0x08002061   Thumb Code    52  stm32f10x_usart.o(.text)
    CPU_IntDis                               0x08002095   Thumb Code     0  cpu_a.o(.text)
    CPU_IntEn                                0x08002099   Thumb Code     0  cpu_a.o(.text)
    CPU_SR_Save                              0x0800209d   Thumb Code     0  cpu_a.o(.text)
    CPU_SR_Restore                           0x080020a5   Thumb Code     0  cpu_a.o(.text)
    CPU_WaitForInt                           0x080020ab   Thumb Code     0  cpu_a.o(.text)
    CPU_WaitForExcept                        0x080020af   Thumb Code     0  cpu_a.o(.text)
    CPU_CntLeadZeros                         0x080020b3   Thumb Code     0  cpu_a.o(.text)
    CPU_CntTrailZeros                        0x080020b9   Thumb Code     0  cpu_a.o(.text)
    CPU_RevBits                              0x080020c3   Thumb Code     0  cpu_a.o(.text)
    CPU_IntDisMeasStop                       0x080020c9   Thumb Code    62  cpu_core.o(.text)
    CPU_IntDisMeasStart                      0x08002107   Thumb Code    38  cpu_core.o(.text)
    CPU_NameClr                              0x0800212d   Thumb Code    50  cpu_core.o(.text)
    CPU_Init                                 0x080021dd   Thumb Code    16  cpu_core.o(.text)
    CPU_SW_Exception                         0x080021ed   Thumb Code     4  cpu_core.o(.text)
    CPU_NameGet                              0x080021f1   Thumb Code    78  cpu_core.o(.text)
    CPU_NameSet                              0x0800223f   Thumb Code   104  cpu_core.o(.text)
    CPU_TS_Get32                             0x080022a7   Thumb Code    12  cpu_core.o(.text)
    CPU_TS_Update                            0x080022b3   Thumb Code     2  cpu_core.o(.text)
    CPU_TS_TmrFreqGet                        0x080022b5   Thumb Code    30  cpu_core.o(.text)
    CPU_TS_TmrFreqSet                        0x080022d3   Thumb Code     6  cpu_core.o(.text)
    CPU_IntDisMeasMaxCurGet                  0x080022f1   Thumb Code    40  cpu_core.o(.text)
    CPU_IntDisMeasMaxCurReset                0x08002319   Thumb Code    40  cpu_core.o(.text)
    CPU_IntDisMeasMaxGet                     0x08002341   Thumb Code    40  cpu_core.o(.text)
    CPU_CntLeadZeros08                       0x08002369   Thumb Code    18  cpu_core.o(.text)
    CPU_CntLeadZeros16                       0x0800237b   Thumb Code    18  cpu_core.o(.text)
    CPU_CntLeadZeros32                       0x0800238d   Thumb Code    18  cpu_core.o(.text)
    CPU_CntLeadZeros64                       0x0800239f   Thumb Code   188  cpu_core.o(.text)
    CPU_CntTrailZeros08                      0x0800245b   Thumb Code    22  cpu_core.o(.text)
    CPU_CntTrailZeros16                      0x08002471   Thumb Code    22  cpu_core.o(.text)
    CPU_CntTrailZeros32                      0x08002487   Thumb Code    22  cpu_core.o(.text)
    CPU_CntTrailZeros64                      0x0800249d   Thumb Code   104  cpu_core.o(.text)
    ASCII_IsAlpha                            0x08002505   Thumb Code    48  lib_ascii.o(.text)
    ASCII_IsAlphaNum                         0x08002535   Thumb Code    76  lib_ascii.o(.text)
    ASCII_IsLower                            0x08002581   Thumb Code    20  lib_ascii.o(.text)
    ASCII_IsUpper                            0x08002595   Thumb Code    20  lib_ascii.o(.text)
    ASCII_IsDig                              0x080025a9   Thumb Code    20  lib_ascii.o(.text)
    ASCII_IsDigOct                           0x080025bd   Thumb Code    20  lib_ascii.o(.text)
    ASCII_IsDigHex                           0x080025d1   Thumb Code    36  lib_ascii.o(.text)
    ASCII_IsBlank                            0x080025f5   Thumb Code    20  lib_ascii.o(.text)
    ASCII_IsSpace                            0x08002609   Thumb Code    36  lib_ascii.o(.text)
    ASCII_IsPrint                            0x0800262d   Thumb Code    20  lib_ascii.o(.text)
    ASCII_IsGraph                            0x08002641   Thumb Code    20  lib_ascii.o(.text)
    ASCII_IsPunct                            0x08002655   Thumb Code   134  lib_ascii.o(.text)
    ASCII_IsCtrl                             0x080026db   Thumb Code    26  lib_ascii.o(.text)
    ASCII_ToLower                            0x080026f5   Thumb Code    32  lib_ascii.o(.text)
    ASCII_ToUpper                            0x08002715   Thumb Code    32  lib_ascii.o(.text)
    ASCII_Cmp                                0x08002735   Thumb Code    38  lib_ascii.o(.text)
    Mem_Init                                 0x0800275d   Thumb Code    54  lib_mem.o(.text)
    Mem_Set                                  0x08002793   Thumb Code    98  lib_mem.o(.text)
    Mem_Clr                                  0x080027f5   Thumb Code    18  lib_mem.o(.text)
    Mem_Move                                 0x08002807   Thumb Code   204  lib_mem.o(.text)
    Mem_Cmp                                  0x080028d3   Thumb Code   192  lib_mem.o(.text)
    Mem_HeapAlloc                            0x08002a87   Thumb Code   274  lib_mem.o(.text)
    Mem_SegGetSizeRem                        0x08002b99   Thumb Code   226  lib_mem.o(.text)
    Mem_HeapGetSizeRem                       0x08002c7b   Thumb Code    22  lib_mem.o(.text)
    Mem_PoolClr                              0x08002c91   Thumb Code    78  lib_mem.o(.text)
    Mem_PoolCreate                           0x08002cdf   Thumb Code  1132  lib_mem.o(.text)
    Mem_PoolBlkGetNbrAvail                   0x0800314b   Thumb Code   140  lib_mem.o(.text)
    Mem_PoolBlkGet                           0x080031d7   Thumb Code   248  lib_mem.o(.text)
    Mem_PoolBlkGetUsedAtIx                   0x080032cf   Thumb Code   236  lib_mem.o(.text)
    Mem_PoolBlkFree                          0x08003421   Thumb Code   366  lib_mem.o(.text)
    Mem_PoolBlkIxGet                         0x0800358f   Thumb Code   342  lib_mem.o(.text)
    Str_Len_N                                0x080036e9   Thumb Code    28  lib_str.o(.text)
    Str_Len                                  0x08003705   Thumb Code    20  lib_str.o(.text)
    Str_Copy_N                               0x08003719   Thumb Code    70  lib_str.o(.text)
    Str_Copy                                 0x0800375f   Thumb Code    24  lib_str.o(.text)
    Str_Cat_N                                0x08003777   Thumb Code    90  lib_str.o(.text)
    Str_Cat                                  0x080037d1   Thumb Code    24  lib_str.o(.text)
    Str_Cmp_N                                0x080037e9   Thumb Code   156  lib_str.o(.text)
    Str_Cmp                                  0x08003885   Thumb Code    24  lib_str.o(.text)
    Str_CmpIgnoreCase_N                      0x0800389d   Thumb Code   264  lib_str.o(.text)
    Str_CmpIgnoreCase                        0x080039a5   Thumb Code    24  lib_str.o(.text)
    Str_Char_N                               0x080039bd   Thumb Code    74  lib_str.o(.text)
    Str_Char                                 0x08003a07   Thumb Code    24  lib_str.o(.text)
    Str_Char_Last_N                          0x08003a1f   Thumb Code    76  lib_str.o(.text)
    Str_Char_Last                            0x08003a6b   Thumb Code    24  lib_str.o(.text)
    Str_Char_Replace_N                       0x08003a83   Thumb Code    52  lib_str.o(.text)
    Str_Char_Replace                         0x08003ab7   Thumb Code    28  lib_str.o(.text)
    Str_Str_N                                0x08003ad3   Thumb Code   182  lib_str.o(.text)
    Str_Str                                  0x08003b89   Thumb Code    24  lib_str.o(.text)
    Str_FmtNbr_Int32U                        0x08003d7b   Thumb Code    46  lib_str.o(.text)
    Str_FmtNbr_Int32S                        0x08003da9   Thumb Code    62  lib_str.o(.text)
    Str_ParseNbr_Int32U                      0x08003fa5   Thumb Code    30  lib_str.o(.text)
    Str_ParseNbr_Int32S                      0x08003fc3   Thumb Code    74  lib_str.o(.text)
    Mem_Copy                                 0x08004011   Thumb Code     0  lib_mem_a.o(.text)
    OSCfg_Init                               0x08004231   Thumb Code     2  os_cfg_app.o(.text)
    OS_IdleTask                              0x08004235   Thumb Code    68  os_core.o(.text)
    OS_IdleTaskInit                          0x08004279   Thumb Code    68  os_core.o(.text)
    OS_RdyListInit                           0x080042bd   Thumb Code    32  os_core.o(.text)
    OSInit                                   0x080042dd   Thumb Code   300  os_core.o(.text)
    OSIntEnter                               0x08004409   Thumb Code    34  os_core.o(.text)
    OSIntExit                                0x0800442b   Thumb Code   192  os_core.o(.text)
    OSSched                                  0x080044eb   Thumb Code   134  os_core.o(.text)
    OS_SchedLockTimeMeasStart                0x08004571   Thumb Code    20  os_core.o(.text)
    OSSchedLock                              0x08004585   Thumb Code   112  os_core.o(.text)
    OS_SchedLockTimeMeasStop                 0x080045f5   Thumb Code    44  os_core.o(.text)
    OSSchedUnlock                            0x08004621   Thumb Code   302  os_core.o(.text)
    OSSchedRoundRobinCfg                     0x0800474f   Thumb Code    96  os_core.o(.text)
    OS_RdyListMoveHeadToTail                 0x080047af   Thumb Code    68  os_core.o(.text)
    OSSchedRoundRobinYield                   0x080047f3   Thumb Code   176  os_core.o(.text)
    OSStart                                  0x080048a3   Thumb Code    78  os_core.o(.text)
    OSVersion                                0x080048f1   Thumb Code    12  os_core.o(.text)
    OS_PendDbgNameAdd                        0x080048fd   Thumb Code    66  os_core.o(.text)
    OS_PendListInsertPrio                    0x0800493f   Thumb Code   102  os_core.o(.text)
    OS_PendDataInit                          0x080049a5   Thumb Code    38  os_core.o(.text)
    OS_RdyListRemove                         0x080049cb   Thumb Code    86  os_core.o(.text)
    OS_TaskBlock                             0x08004a21   Thumb Code    56  os_core.o(.text)
    OS_Pend                                  0x08004a59   Thumb Code   168  os_core.o(.text)
    OS_PendListRemove1                       0x08004b01   Thumb Code    66  os_core.o(.text)
    OS_PendListRemove                        0x08004b43   Thumb Code    48  os_core.o(.text)
    OS_PendAbort1                            0x08004b73   Thumb Code    36  os_core.o(.text)
    OS_RdyListInsertHead                     0x08004b97   Thumb Code    58  os_core.o(.text)
    OS_RdyListInsertTail                     0x08004bd1   Thumb Code    56  os_core.o(.text)
    OS_RdyListInsert                         0x08004c09   Thumb Code    40  os_core.o(.text)
    OS_TaskRdy                               0x08004c31   Thumb Code    28  os_core.o(.text)
    OS_PendAbort                             0x08004c4d   Thumb Code   166  os_core.o(.text)
    OS_PendDbgNameRemove                     0x08004cf3   Thumb Code    34  os_core.o(.text)
    OS_PendListChangePrio                    0x08004d15   Thumb Code    70  os_core.o(.text)
    OS_PendListInit                          0x08004d5b   Thumb Code    10  os_core.o(.text)
    OS_PendListInsertHead                    0x08004d65   Thumb Code    32  os_core.o(.text)
    OS_PendObjDel1                           0x08004d85   Thumb Code    36  os_core.o(.text)
    OS_PendObjDel                            0x08004da9   Thumb Code   162  os_core.o(.text)
    OS_Post1                                 0x08004e4b   Thumb Code    42  os_core.o(.text)
    OS_Post                                  0x08004e75   Thumb Code   192  os_core.o(.text)
    OS_Sched0                                0x08004f35   Thumb Code   100  os_core.o(.text)
    OS_SchedRoundRobin                       0x08004f99   Thumb Code   218  os_core.o(.text)
    OS_Dbg_Init                              0x08005085   Thumb Code   150  os_dbg.o(.text)
    OS_FlagDbgListAdd                        0x08005239   Thumb Code    38  os_flag.o(.text)
    OSFlagCreate                             0x0800525f   Thumb Code   210  os_flag.o(.text)
    OS_FlagClr                               0x08005331   Thumb Code    28  os_flag.o(.text)
    OS_FlagDbgListRemove                     0x0800534d   Thumb Code    44  os_flag.o(.text)
    OSFlagDel                                0x08005379   Thumb Code   732  os_flag.o(.text)
    OS_FlagBlock                             0x08005655   Thumb Code    58  os_flag.o(.text)
    OSFlagPend                               0x0800568f   Thumb Code  1670  os_flag.o(.text)
    OSFlagPendAbort                          0x08005d15   Thumb Code   334  os_flag.o(.text)
    OSFlagPendGetFlagsRdy                    0x08005e63   Thumb Code    94  os_flag.o(.text)
    OS_FlagTaskRdy                           0x08005ec1   Thumb Code    86  os_flag.o(.text)
    OS_FlagPost                              0x08005f17   Thumb Code   626  os_flag.o(.text)
    OSFlagPost                               0x08006189   Thumb Code   146  os_flag.o(.text)
    OS_FlagInit                              0x0800621b   Thumb Code    14  os_flag.o(.text)
    OS_IntQPost                              0x08006245   Thumb Code   224  os_int.o(.text)
    OS_IntQRePost                            0x08006325   Thumb Code   360  os_int.o(.text)
    OS_IntQTask                              0x0800648d   Thumb Code   182  os_int.o(.text)
    OS_IntQTaskInit                          0x08006543   Thumb Code   208  os_int.o(.text)
    OS_MemDbgListAdd                         0x080066a5   Thumb Code    34  os_mem.o(.text)
    OSMemCreate                              0x080066c7   Thumb Code   326  os_mem.o(.text)
    OSMemGet                                 0x0800680d   Thumb Code   112  os_mem.o(.text)
    OSMemPut                                 0x0800687d   Thumb Code   124  os_mem.o(.text)
    OS_MemInit                               0x080068f9   Thumb Code    14  os_mem.o(.text)
    OS_MsgPoolInit                           0x0800691d   Thumb Code   110  os_msg.o(.text)
    OS_MsgQFreeAll                           0x0800698b   Thumb Code    62  os_msg.o(.text)
    OS_MsgQInit                              0x080069c9   Thumb Code    14  os_msg.o(.text)
    OS_MsgQGet                               0x080069d7   Thumb Code    98  os_msg.o(.text)
    OS_MsgQPut                               0x08006a39   Thumb Code   254  os_msg.o(.text)
    OS_MutexDbgListAdd                       0x08006b45   Thumb Code    38  os_mutex.o(.text)
    OSMutexCreate                            0x08006b6b   Thumb Code   216  os_mutex.o(.text)
    OS_MutexClr                              0x08006c43   Thumb Code    38  os_mutex.o(.text)
    OS_MutexDbgListRemove                    0x08006c69   Thumb Code    44  os_mutex.o(.text)
    OSMutexDel                               0x08006c95   Thumb Code   960  os_mutex.o(.text)
    OSMutexPend                              0x08007055   Thumb Code   812  os_mutex.o(.text)
    OSMutexPendAbort                         0x08007381   Thumb Code   334  os_mutex.o(.text)
    OSMutexPost                              0x080074cf   Thumb Code   646  os_mutex.o(.text)
    OS_MutexInit                             0x08007755   Thumb Code    14  os_mutex.o(.text)
    OS_PrioInit                              0x08007785   Thumb Code    20  os_prio.o(.text)
    OS_PrioGetHighest                        0x08007799   Thumb Code    36  os_prio.o(.text)
    OS_PrioInsert                            0x080077bd   Thumb Code    32  os_prio.o(.text)
    OS_PrioRemove                            0x080077dd   Thumb Code    32  os_prio.o(.text)
    OS_QDbgListAdd                           0x08007801   Thumb Code    38  os_q.o(.text)
    OSQCreate                                0x08007827   Thumb Code   224  os_q.o(.text)
    OS_QClr                                  0x08007907   Thumb Code    40  os_q.o(.text)
    OS_QDbgListRemove                        0x0800792f   Thumb Code    44  os_q.o(.text)
    OSQDel                                   0x0800795b   Thumb Code   414  os_q.o(.text)
    OSQFlush                                 0x08007af9   Thumb Code   288  os_q.o(.text)
    OSQPend                                  0x08007c19   Thumb Code   560  os_q.o(.text)
    OSQPendAbort                             0x08007e49   Thumb Code   334  os_q.o(.text)
    OS_QPost                                 0x08007f97   Thumb Code   402  os_q.o(.text)
    OSQPost                                  0x08008129   Thumb Code   176  os_q.o(.text)
    OS_QInit                                 0x080081d9   Thumb Code    14  os_q.o(.text)
    OS_SemDbgListAdd                         0x08008201   Thumb Code    38  os_sem.o(.text)
    OSSemCreate                              0x08008227   Thumb Code   210  os_sem.o(.text)
    OS_SemClr                                0x080082f9   Thumb Code    28  os_sem.o(.text)
    OS_SemDbgListRemove                      0x08008315   Thumb Code    44  os_sem.o(.text)
    OSSemDel                                 0x08008341   Thumb Code   414  os_sem.o(.text)
    OSSemPend                                0x080084df   Thumb Code   562  os_sem.o(.text)
    OSSemPendAbort                           0x08008711   Thumb Code   334  os_sem.o(.text)
    OS_SemPost                               0x0800885f   Thumb Code   404  os_sem.o(.text)
    OSSemPost                                0x080089f3   Thumb Code   162  os_sem.o(.text)
    OSSemSet                                 0x08008a95   Thumb Code   128  os_sem.o(.text)
    OS_SemInit                               0x08008b15   Thumb Code    14  os_sem.o(.text)
    OSStatReset                              0x08008b35   Thumb Code   316  os_stat.o(.text)
    OSStatTaskCPUUsageInit                   0x08008c71   Thumb Code   228  os_stat.o(.text)
    OS_StatTask                              0x08008d55   Thumb Code   984  os_stat.o(.text)
    OS_StatTaskInit                          0x0800912d   Thumb Code   138  os_stat.o(.text)
    OSTaskChangePrio                         0x08009211   Thumb Code   482  os_task.o(.text)
    OS_TaskDbgListAdd                        0x080093f3   Thumb Code    42  os_task.o(.text)
    OS_TaskInitTCB                           0x0800941d   Thumb Code   194  os_task.o(.text)
    OSTaskCreate                             0x080094df   Thumb Code   674  os_task.o(.text)
    OS_TaskDbgListRemove                     0x08009781   Thumb Code    64  os_task.o(.text)
    OSTaskDel                                0x080097c1   Thumb Code   490  os_task.o(.text)
    OSTaskQFlush                             0x080099ab   Thumb Code   302  os_task.o(.text)
    OSTaskQPend                              0x08009ad9   Thumb Code   572  os_task.o(.text)
    OSTaskQPendAbort                         0x08009d15   Thumb Code   288  os_task.o(.text)
    OS_TaskQPost                             0x08009e35   Thumb Code   624  os_task.o(.text)
    OSTaskQPost                              0x0800a0a5   Thumb Code   114  os_task.o(.text)
    OSTaskRegGet                             0x0800a117   Thumb Code    86  os_task.o(.text)
    OSTaskRegGetID                           0x0800a16d   Thumb Code    96  os_task.o(.text)
    OSTaskRegSet                             0x0800a1cd   Thumb Code    86  os_task.o(.text)
    OS_TaskResume                            0x0800a223   Thumb Code   398  os_task.o(.text)
    OSTaskResume                             0x0800a3b1   Thumb Code   124  os_task.o(.text)
    OSTaskSemPend                            0x0800a42d   Thumb Code   578  os_task.o(.text)
    OSTaskSemPendAbort                       0x0800a66f   Thumb Code   342  os_task.o(.text)
    OS_TaskSemPost                           0x0800a7c5   Thumb Code  1438  os_task.o(.text)
    OSTaskSemPost                            0x0800ad63   Thumb Code    98  os_task.o(.text)
    OSTaskSemSet                             0x0800adc5   Thumb Code    88  os_task.o(.text)
    OSTaskStkChk                             0x0800ae1d   Thumb Code   220  os_task.o(.text)
    OS_TaskSuspend                           0x0800aef9   Thumb Code   414  os_task.o(.text)
    OSTaskSuspend                            0x0800b097   Thumb Code    78  os_task.o(.text)
    OSTaskTimeQuantaSet                      0x0800b0e5   Thumb Code   104  os_task.o(.text)
    OS_TaskInit                              0x0800b14d   Thumb Code    18  os_task.o(.text)
    OS_TaskReturn                            0x0800b15f   Thumb Code    20  os_task.o(.text)
    OS_TickListRemove                        0x0800b199   Thumb Code    56  os_tick.o(.text)
    OS_TickListUpdate                        0x0800b1d1   Thumb Code   520  os_tick.o(.text)
    OS_TickTask                              0x0800b3d9   Thumb Code    38  os_tick.o(.text)
    OS_TickListInit                          0x0800b3ff   Thumb Code    32  os_tick.o(.text)
    OS_TickTaskInit                          0x0800b41f   Thumb Code   130  os_tick.o(.text)
    OS_TickListInsert                        0x0800b4a1   Thumb Code   502  os_tick.o(.text)
    OS_TickListResetPeak                     0x0800b697   Thumb Code    28  os_tick.o(.text)
    OSTimeDly                                0x0800b6bd   Thumb Code   322  os_time.o(.text)
    OSTimeDlyHMSM                            0x0800b7ff   Thumb Code   538  os_time.o(.text)
    OSTimeDlyResume                          0x0800ba19   Thumb Code   570  os_time.o(.text)
    OSTimeGet                                0x0800bc53   Thumb Code    54  os_time.o(.text)
    OSTimeSet                                0x0800bc89   Thumb Code    54  os_time.o(.text)
    OSTimeTick                               0x0800bcbf   Thumb Code    54  os_time.o(.text)
    OS_TmrDbgListAdd                         0x0800bd09   Thumb Code    34  os_tmr.o(.text)
    OSTmrCreate                              0x0800bd2b   Thumb Code   286  os_tmr.o(.text)
    OS_TmrClr                                0x0800be49   Thumb Code    36  os_tmr.o(.text)
    OS_TmrUnlink                             0x0800be6d   Thumb Code    72  os_tmr.o(.text)
    OS_TmrDbgListRemove                      0x0800beb5   Thumb Code    44  os_tmr.o(.text)
    OSTmrDel                                 0x0800bee1   Thumb Code   182  os_tmr.o(.text)
    OSTmrRemainGet                           0x0800bf97   Thumb Code   188  os_tmr.o(.text)
    OS_TmrLink                               0x0800c053   Thumb Code   242  os_tmr.o(.text)
    OSTmrStart                               0x0800c145   Thumb Code   170  os_tmr.o(.text)
    OSTmrStateGet                            0x0800c1ef   Thumb Code   142  os_tmr.o(.text)
    OSTmrStop                                0x0800c27d   Thumb Code   246  os_tmr.o(.text)
    OS_TmrTask                               0x0800c373   Thumb Code   176  os_tmr.o(.text)
    OS_TmrInit                               0x0800c423   Thumb Code   208  os_tmr.o(.text)
    OS_TmrResetPeak                          0x0800c4f3   Thumb Code    28  os_tmr.o(.text)
    OSIdleTaskHook                           0x0800c56d   Thumb Code    16  os_cpu_c.o(.text)
    OSInitHook                               0x0800c57d   Thumb Code    42  os_cpu_c.o(.text)
    OSStatTaskHook                           0x0800c5a7   Thumb Code    16  os_cpu_c.o(.text)
    OSTaskCreateHook                         0x0800c5b7   Thumb Code    20  os_cpu_c.o(.text)
    OSTaskDelHook                            0x0800c5cb   Thumb Code    20  os_cpu_c.o(.text)
    OSTaskReturnHook                         0x0800c5df   Thumb Code    20  os_cpu_c.o(.text)
    OSTaskStkInit                            0x0800c5f3   Thumb Code   188  os_cpu_c.o(.text)
    OSTaskSwHook                             0x0800c6af   Thumb Code   146  os_cpu_c.o(.text)
    OSTimeTickHook                           0x0800c741   Thumb Code    16  os_cpu_c.o(.text)
    OS_CPU_SysTickHandler                    0x0800c751   Thumb Code    60  os_cpu_c.o(.text)
    OS_CPU_SysTickInit                       0x0800c78d   Thumb Code    44  os_cpu_c.o(.text)
    SystemInit                               0x0800c8d7   Thumb Code    78  system_stm32f10x.o(.text)
    SystemCoreClockUpdate                    0x0800c925   Thumb Code   142  system_stm32f10x.o(.text)
    Reset_Handler                            0x0800c9d9   Thumb Code     8  startup_stm32f10x_hd.o(.text)
    ADC1_2_IRQHandler                        0x0800c9f3   Thumb Code     0  startup_stm32f10x_hd.o(.text)
    ADC3_IRQHandler                          0x0800c9f3   Thumb Code     0  startup_stm32f10x_hd.o(.text)
    CAN1_RX1_IRQHandler                      0x0800c9f3   Thumb Code     0  startup_stm32f10x_hd.o(.text)
    CAN1_SCE_IRQHandler                      0x0800c9f3   Thumb Code     0  startup_stm32f10x_hd.o(.text)
    DMA1_Channel1_IRQHandler                 0x0800c9f3   Thumb Code     0  startup_stm32f10x_hd.o(.text)
    DMA1_Channel2_IRQHandler                 0x0800c9f3   Thumb Code     0  startup_stm32f10x_hd.o(.text)
    DMA1_Channel3_IRQHandler                 0x0800c9f3   Thumb Code     0  startup_stm32f10x_hd.o(.text)
    DMA1_Channel4_IRQHandler                 0x0800c9f3   Thumb Code     0  startup_stm32f10x_hd.o(.text)
    DMA1_Channel5_IRQHandler                 0x0800c9f3   Thumb Code     0  startup_stm32f10x_hd.o(.text)
    DMA1_Channel6_IRQHandler                 0x0800c9f3   Thumb Code     0  startup_stm32f10x_hd.o(.text)
    DMA1_Channel7_IRQHandler                 0x0800c9f3   Thumb Code     0  startup_stm32f10x_hd.o(.text)
    DMA2_Channel1_IRQHandler                 0x0800c9f3   Thumb Code     0  startup_stm32f10x_hd.o(.text)
    DMA2_Channel2_IRQHandler                 0x0800c9f3   Thumb Code     0  startup_stm32f10x_hd.o(.text)
    DMA2_Channel3_IRQHandler                 0x0800c9f3   Thumb Code     0  startup_stm32f10x_hd.o(.text)
    DMA2_Channel4_5_IRQHandler               0x0800c9f3   Thumb Code     0  startup_stm32f10x_hd.o(.text)
    FLASH_IRQHandler                         0x0800c9f3   Thumb Code     0  startup_stm32f10x_hd.o(.text)
    FSMC_IRQHandler                          0x0800c9f3   Thumb Code     0  startup_stm32f10x_hd.o(.text)
    I2C1_ER_IRQHandler                       0x0800c9f3   Thumb Code     0  startup_stm32f10x_hd.o(.text)
    I2C1_EV_IRQHandler                       0x0800c9f3   Thumb Code     0  startup_stm32f10x_hd.o(.text)
    I2C2_ER_IRQHandler                       0x0800c9f3   Thumb Code     0  startup_stm32f10x_hd.o(.text)
    I2C2_EV_IRQHandler                       0x0800c9f3   Thumb Code     0  startup_stm32f10x_hd.o(.text)
    PVD_IRQHandler                           0x0800c9f3   Thumb Code     0  startup_stm32f10x_hd.o(.text)
    RCC_IRQHandler                           0x0800c9f3   Thumb Code     0  startup_stm32f10x_hd.o(.text)
    RTCAlarm_IRQHandler                      0x0800c9f3   Thumb Code     0  startup_stm32f10x_hd.o(.text)
    RTC_IRQHandler                           0x0800c9f3   Thumb Code     0  startup_stm32f10x_hd.o(.text)
    SDIO_IRQHandler                          0x0800c9f3   Thumb Code     0  startup_stm32f10x_hd.o(.text)
    SPI1_IRQHandler                          0x0800c9f3   Thumb Code     0  startup_stm32f10x_hd.o(.text)
    SPI2_IRQHandler                          0x0800c9f3   Thumb Code     0  startup_stm32f10x_hd.o(.text)
    SPI3_IRQHandler                          0x0800c9f3   Thumb Code     0  startup_stm32f10x_hd.o(.text)
    TAMPER_IRQHandler                        0x0800c9f3   Thumb Code     0  startup_stm32f10x_hd.o(.text)
    TIM1_BRK_IRQHandler                      0x0800c9f3   Thumb Code     0  startup_stm32f10x_hd.o(.text)
    TIM1_CC_IRQHandler                       0x0800c9f3   Thumb Code     0  startup_stm32f10x_hd.o(.text)
    TIM1_TRG_COM_IRQHandler                  0x0800c9f3   Thumb Code     0  startup_stm32f10x_hd.o(.text)
    TIM1_UP_IRQHandler                       0x0800c9f3   Thumb Code     0  startup_stm32f10x_hd.o(.text)
    TIM2_IRQHandler                          0x0800c9f3   Thumb Code     0  startup_stm32f10x_hd.o(.text)
    TIM3_IRQHandler                          0x0800c9f3   Thumb Code     0  startup_stm32f10x_hd.o(.text)
    TIM4_IRQHandler                          0x0800c9f3   Thumb Code     0  startup_stm32f10x_hd.o(.text)
    TIM5_IRQHandler                          0x0800c9f3   Thumb Code     0  startup_stm32f10x_hd.o(.text)
    TIM6_IRQHandler                          0x0800c9f3   Thumb Code     0  startup_stm32f10x_hd.o(.text)
    TIM7_IRQHandler                          0x0800c9f3   Thumb Code     0  startup_stm32f10x_hd.o(.text)
    TIM8_BRK_IRQHandler                      0x0800c9f3   Thumb Code     0  startup_stm32f10x_hd.o(.text)
    TIM8_CC_IRQHandler                       0x0800c9f3   Thumb Code     0  startup_stm32f10x_hd.o(.text)
    TIM8_TRG_COM_IRQHandler                  0x0800c9f3   Thumb Code     0  startup_stm32f10x_hd.o(.text)
    TIM8_UP_IRQHandler                       0x0800c9f3   Thumb Code     0  startup_stm32f10x_hd.o(.text)
    USBWakeUp_IRQHandler                     0x0800c9f3   Thumb Code     0  startup_stm32f10x_hd.o(.text)
    USB_HP_CAN1_TX_IRQHandler                0x0800c9f3   Thumb Code     0  startup_stm32f10x_hd.o(.text)
    USB_LP_CAN1_RX0_IRQHandler               0x0800c9f3   Thumb Code     0  startup_stm32f10x_hd.o(.text)
    WWDG_IRQHandler                          0x0800c9f3   Thumb Code     0  startup_stm32f10x_hd.o(.text)
    __user_initial_stackheap                 0x0800c9f5   Thumb Code     0  startup_stm32f10x_hd.o(.text)
    __aeabi_memcpy4                          0x0800ca19   Thumb Code     0  rt_memcpy_w.o(.text)
    __aeabi_memcpy8                          0x0800ca19   Thumb Code     0  rt_memcpy_w.o(.text)
    __rt_memcpy_w                            0x0800ca19   Thumb Code   100  rt_memcpy_w.o(.text)
    _memcpy_lastbytes_aligned                0x0800ca61   Thumb Code     0  rt_memcpy_w.o(.text)
    __use_two_region_memory                  0x0800ca7d   Thumb Code     2  heapauxi.o(.text)
    __rt_heap_escrow$2region                 0x0800ca7f   Thumb Code     2  heapauxi.o(.text)
    __rt_heap_expand$2region                 0x0800ca81   Thumb Code     2  heapauxi.o(.text)
    __user_setup_stackheap                   0x0800ca83   Thumb Code    74  sys_stackheap_outer.o(.text)
    exit                                     0x0800cacd   Thumb Code    18  exit.o(.text)
    __user_libspace                          0x0800cae1   Thumb Code     8  libspace.o(.text)
    __user_perproc_libspace                  0x0800cae1   Thumb Code     0  libspace.o(.text)
    __user_perthread_libspace                0x0800cae1   Thumb Code     0  libspace.o(.text)
    _sys_exit                                0x0800cae9   Thumb Code     8  sys_exit.o(.text)
    __I$use$semihosting                      0x0800caf5   Thumb Code     0  use_no_semi.o(.text)
    __use_no_semihosting_swi                 0x0800caf5   Thumb Code     2  use_no_semi.o(.text)
    __semihosting_library_function           0x0800caf7   Thumb Code     0  indicate_semi.o(.text)
    OSStartHighRdy                           0x0800caf9   Thumb Code     0  os_cpu_a.o(CODE)
    OS_CPU_PendSVHandler                     0x0800cb1b   Thumb Code     0  os_cpu_a.o(CODE)
    OSCfg_IdleTaskStkBasePtr                 0x0800cd30   Data           4  os_cfg_app.o(.constdata)
    OSCfg_IdleTaskStkLimit                   0x0800cd34   Data           4  os_cfg_app.o(.constdata)
    OSCfg_IdleTaskStkSize                    0x0800cd38   Data           4  os_cfg_app.o(.constdata)
    OSCfg_IdleTaskStkSizeRAM                 0x0800cd3c   Data           4  os_cfg_app.o(.constdata)
    OSCfg_IntQBasePtr                        0x0800cd40   Data           4  os_cfg_app.o(.constdata)
    OSCfg_IntQSize                           0x0800cd44   Data           2  os_cfg_app.o(.constdata)
    OSCfg_IntQSizeRAM                        0x0800cd48   Data           4  os_cfg_app.o(.constdata)
    OSCfg_IntQTaskStkBasePtr                 0x0800cd4c   Data           4  os_cfg_app.o(.constdata)
    OSCfg_IntQTaskStkLimit                   0x0800cd50   Data           4  os_cfg_app.o(.constdata)
    OSCfg_IntQTaskStkSize                    0x0800cd54   Data           4  os_cfg_app.o(.constdata)
    OSCfg_IntQTaskStkSizeRAM                 0x0800cd58   Data           4  os_cfg_app.o(.constdata)
    OSCfg_ISRStkBasePtr                      0x0800cd5c   Data           4  os_cfg_app.o(.constdata)
    OSCfg_ISRStkSize                         0x0800cd60   Data           4  os_cfg_app.o(.constdata)
    OSCfg_ISRStkSizeRAM                      0x0800cd64   Data           4  os_cfg_app.o(.constdata)
    OSCfg_MsgPoolSize                        0x0800cd68   Data           2  os_cfg_app.o(.constdata)
    OSCfg_MsgPoolSizeRAM                     0x0800cd6c   Data           4  os_cfg_app.o(.constdata)
    OSCfg_MsgPoolBasePtr                     0x0800cd70   Data           4  os_cfg_app.o(.constdata)
    OSCfg_StatTaskPrio                       0x0800cd74   Data           1  os_cfg_app.o(.constdata)
    OSCfg_StatTaskRate_Hz                    0x0800cd78   Data           4  os_cfg_app.o(.constdata)
    OSCfg_StatTaskStkBasePtr                 0x0800cd7c   Data           4  os_cfg_app.o(.constdata)
    OSCfg_StatTaskStkLimit                   0x0800cd80   Data           4  os_cfg_app.o(.constdata)
    OSCfg_StatTaskStkSize                    0x0800cd84   Data           4  os_cfg_app.o(.constdata)
    OSCfg_StatTaskStkSizeRAM                 0x0800cd88   Data           4  os_cfg_app.o(.constdata)
    OSCfg_StkSizeMin                         0x0800cd8c   Data           4  os_cfg_app.o(.constdata)
    OSCfg_TickRate_Hz                        0x0800cd90   Data           4  os_cfg_app.o(.constdata)
    OSCfg_TickTaskPrio                       0x0800cd94   Data           1  os_cfg_app.o(.constdata)
    OSCfg_TickTaskStkBasePtr                 0x0800cd98   Data           4  os_cfg_app.o(.constdata)
    OSCfg_TickTaskStkLimit                   0x0800cd9c   Data           4  os_cfg_app.o(.constdata)
    OSCfg_TickTaskStkSize                    0x0800cda0   Data           4  os_cfg_app.o(.constdata)
    OSCfg_TickTaskStkSizeRAM                 0x0800cda4   Data           4  os_cfg_app.o(.constdata)
    OSCfg_TickWheelSize                      0x0800cda8   Data           2  os_cfg_app.o(.constdata)
    OSCfg_TickWheelSizeRAM                   0x0800cdac   Data           4  os_cfg_app.o(.constdata)
    OSCfg_TmrTaskPrio                        0x0800cdb0   Data           1  os_cfg_app.o(.constdata)
    OSCfg_TmrTaskRate_Hz                     0x0800cdb4   Data           4  os_cfg_app.o(.constdata)
    OSCfg_TmrTaskStkBasePtr                  0x0800cdb8   Data           4  os_cfg_app.o(.constdata)
    OSCfg_TmrTaskStkLimit                    0x0800cdbc   Data           4  os_cfg_app.o(.constdata)
    OSCfg_TmrTaskStkSize                     0x0800cdc0   Data           4  os_cfg_app.o(.constdata)
    OSCfg_TmrTaskStkSizeRAM                  0x0800cdc4   Data           4  os_cfg_app.o(.constdata)
    OSCfg_TmrWheelSize                       0x0800cdc8   Data           2  os_cfg_app.o(.constdata)
    OSCfg_TmrWheelSizeRAM                    0x0800cdcc   Data           4  os_cfg_app.o(.constdata)
    OSCfg_DataSizeRAM                        0x0800cdd0   Data           4  os_cfg_app.o(.constdata)
    OSDbg_DbgEn                              0x0800cdd4   Data           1  os_dbg.o(.constdata)
    OSDbg_ArgChkEn                           0x0800cdd5   Data           1  os_dbg.o(.constdata)
    OSDbg_AppHooksEn                         0x0800cdd6   Data           1  os_dbg.o(.constdata)
    OSDbg_EndiannessTest                     0x0800cdd8   Data           4  os_dbg.o(.constdata)
    OSDbg_CalledFromISRChkEn                 0x0800cddc   Data           1  os_dbg.o(.constdata)
    OSDbg_FlagEn                             0x0800cddd   Data           1  os_dbg.o(.constdata)
    OSDbg_FlagGrp                            0x0800cde0   Data          40  os_dbg.o(.constdata)
    OSDbg_FlagDelEn                          0x0800ce08   Data           1  os_dbg.o(.constdata)
    OSDbg_FlagModeClrEn                      0x0800ce09   Data           1  os_dbg.o(.constdata)
    OSDbg_FlagPendAbortEn                    0x0800ce0a   Data           1  os_dbg.o(.constdata)
    OSDbg_FlagGrpSize                        0x0800ce0c   Data           2  os_dbg.o(.constdata)
    OSDbg_FlagWidth                          0x0800ce0e   Data           2  os_dbg.o(.constdata)
    OSDbg_IntQ                               0x0800ce10   Data           2  os_dbg.o(.constdata)
    OSDbg_ISRPostDeferredEn                  0x0800ce12   Data           1  os_dbg.o(.constdata)
    OSDbg_Mem                                0x0800ce14   Data          32  os_dbg.o(.constdata)
    OSDbg_MemEn                              0x0800ce34   Data           1  os_dbg.o(.constdata)
    OSDbg_MemSize                            0x0800ce36   Data           2  os_dbg.o(.constdata)
    OSDbg_MsgEn                              0x0800ce38   Data           1  os_dbg.o(.constdata)
    OSDbg_MsgSize                            0x0800ce3a   Data           2  os_dbg.o(.constdata)
    OSDbg_MsgPoolSize                        0x0800ce3c   Data           2  os_dbg.o(.constdata)
    OSDbg_MsgQSize                           0x0800ce3e   Data           2  os_dbg.o(.constdata)
    OSDbg_Mutex                              0x0800ce40   Data          44  os_dbg.o(.constdata)
    OSDbg_MutexEn                            0x0800ce6c   Data           1  os_dbg.o(.constdata)
    OSDbg_MutexDelEn                         0x0800ce6d   Data           1  os_dbg.o(.constdata)
    OSDbg_MutexPendAbortEn                   0x0800ce6e   Data           1  os_dbg.o(.constdata)
    OSDbg_MutexSize                          0x0800ce70   Data           2  os_dbg.o(.constdata)
    OSDbg_ObjTypeChkEn                       0x0800ce72   Data           1  os_dbg.o(.constdata)
    OSDbg_PendMultiEn                        0x0800ce73   Data           1  os_dbg.o(.constdata)
    OSDbg_PendDataSize                       0x0800ce74   Data           2  os_dbg.o(.constdata)
    OSDbg_PendListSize                       0x0800ce76   Data           2  os_dbg.o(.constdata)
    OSDbg_PendObjSize                        0x0800ce78   Data           2  os_dbg.o(.constdata)
    OSDbg_PrioMax                            0x0800ce7a   Data           2  os_dbg.o(.constdata)
    OSDbg_PrioTblSize                        0x0800ce7c   Data           2  os_dbg.o(.constdata)
    OSDbg_PtrSize                            0x0800ce7e   Data           2  os_dbg.o(.constdata)
    OSDbg_Q                                  0x0800ce80   Data          48  os_dbg.o(.constdata)
    OSDbg_QEn                                0x0800ceb0   Data           1  os_dbg.o(.constdata)
    OSDbg_QDelEn                             0x0800ceb1   Data           1  os_dbg.o(.constdata)
    OSDbg_QFlushEn                           0x0800ceb2   Data           1  os_dbg.o(.constdata)
    OSDbg_QPendAbortEn                       0x0800ceb3   Data           1  os_dbg.o(.constdata)
    OSDbg_QSize                              0x0800ceb4   Data           2  os_dbg.o(.constdata)
    OSDbg_SchedRoundRobinEn                  0x0800ceb6   Data           1  os_dbg.o(.constdata)
    OSDbg_Sem                                0x0800ceb8   Data          40  os_dbg.o(.constdata)
    OSDbg_SemEn                              0x0800cee0   Data           1  os_dbg.o(.constdata)
    OSDbg_SemDelEn                           0x0800cee1   Data           1  os_dbg.o(.constdata)
    OSDbg_SemPendAbortEn                     0x0800cee2   Data           1  os_dbg.o(.constdata)
    OSDbg_SemSetEn                           0x0800cee3   Data           1  os_dbg.o(.constdata)
    OSDbg_SemSize                            0x0800cee4   Data           2  os_dbg.o(.constdata)
    OSDbg_RdyList                            0x0800cee6   Data           2  os_dbg.o(.constdata)
    OSDbg_RdyListSize                        0x0800cee8   Data           4  os_dbg.o(.constdata)
    OSDbg_StkWidth                           0x0800ceec   Data           1  os_dbg.o(.constdata)
    OSDbg_StatTaskEn                         0x0800ceed   Data           1  os_dbg.o(.constdata)
    OSDbg_StatTaskStkChkEn                   0x0800ceee   Data           1  os_dbg.o(.constdata)
    OSDbg_TaskChangePrioEn                   0x0800ceef   Data           1  os_dbg.o(.constdata)
    OSDbg_TaskDelEn                          0x0800cef0   Data           1  os_dbg.o(.constdata)
    OSDbg_TaskQEn                            0x0800cef1   Data           1  os_dbg.o(.constdata)
    OSDbg_TaskQPendAbortEn                   0x0800cef2   Data           1  os_dbg.o(.constdata)
    OSDbg_TaskProfileEn                      0x0800cef3   Data           1  os_dbg.o(.constdata)
    OSDbg_TaskRegTblSize                     0x0800cef4   Data           2  os_dbg.o(.constdata)
    OSDbg_TaskSemPendAbortEn                 0x0800cef6   Data           1  os_dbg.o(.constdata)
    OSDbg_TaskSuspendEn                      0x0800cef7   Data           1  os_dbg.o(.constdata)
    OSDbg_TCBSize                            0x0800cef8   Data           2  os_dbg.o(.constdata)
    OSDbg_TickSpokeSize                      0x0800cefa   Data           2  os_dbg.o(.constdata)
    OSDbg_TimeDlyHMSMEn                      0x0800cefc   Data           1  os_dbg.o(.constdata)
    OSDbg_TimeDlyResumeEn                    0x0800cefd   Data           1  os_dbg.o(.constdata)
    OSDbg_TLS_TblSize                        0x0800cefe   Data           2  os_dbg.o(.constdata)
    OSDbg_Tmr                                0x0800cf00   Data          52  os_dbg.o(.constdata)
    OSDbg_TmrEn                              0x0800cf34   Data           1  os_dbg.o(.constdata)
    OSDbg_TmrDelEn                           0x0800cf35   Data           1  os_dbg.o(.constdata)
    OSDbg_TmrSize                            0x0800cf36   Data           2  os_dbg.o(.constdata)
    OSDbg_TmrSpokeSize                       0x0800cf38   Data           2  os_dbg.o(.constdata)
    OSDbg_VersionNbr                         0x0800cf3a   Data           2  os_dbg.o(.constdata)
    OSDbg_DataSize                           0x0800cf3c   Data           4  os_dbg.o(.constdata)
    Region$$Table$$Base                      0x0800cf40   Number         0  anon$$obj.o(Region$$Table)
    Region$$Table$$Limit                     0x0800cf60   Number         0  anon$$obj.o(Region$$Table)
    CPU_TS_TmrFreq_Hz                        0x2000002c   Data           4  cpu_core.o(.data)
    CPU_IntDisMeasCtr                        0x20000030   Data           2  cpu_core.o(.data)
    CPU_IntDisNestCtr                        0x20000032   Data           2  cpu_core.o(.data)
    CPU_IntDisMeasStart_cnts                 0x20000034   Data           4  cpu_core.o(.data)
    CPU_IntDisMeasStop_cnts                  0x20000038   Data           4  cpu_core.o(.data)
    CPU_IntDisMeasOvrhd_cnts                 0x2000003c   Data           4  cpu_core.o(.data)
    CPU_IntDisMeasMaxCur_cnts                0x20000040   Data           4  cpu_core.o(.data)
    CPU_IntDisMeasMax_cnts                   0x20000044   Data           4  cpu_core.o(.data)
    Mem_PoolTbl                              0x20000048   Data           4  lib_mem.o(.data)
    OSPrioTbl                                0x2000004c   Data           4  os_prio.o(.data)
    OS_AppTaskCreateHookPtr                  0x20000050   Data           4  os_var.o(.data)
    OS_AppTaskDelHookPtr                     0x20000054   Data           4  os_var.o(.data)
    OS_AppTaskReturnHookPtr                  0x20000058   Data           4  os_var.o(.data)
    OS_AppIdleTaskHookPtr                    0x2000005c   Data           4  os_var.o(.data)
    OS_AppStatTaskHookPtr                    0x20000060   Data           4  os_var.o(.data)
    OS_AppTaskSwHookPtr                      0x20000064   Data           4  os_var.o(.data)
    OS_AppTimeTickHookPtr                    0x20000068   Data           4  os_var.o(.data)
    OSIdleTaskCtr                            0x2000006c   Data           4  os_var.o(.data)
    OSIntNestingCtr                          0x20000070   Data           1  os_var.o(.data)
    OSIntDisTimeMax                          0x20000074   Data           4  os_var.o(.data)
    OSRunning                                0x20000078   Data           1  os_var.o(.data)
    OSIntQInPtr                              0x2000007c   Data           4  os_var.o(.data)
    OSIntQOutPtr                             0x20000080   Data           4  os_var.o(.data)
    OSIntQNbrEntries                         0x20000084   Data           2  os_var.o(.data)
    OSIntQNbrEntriesMax                      0x20000086   Data           2  os_var.o(.data)
    OSIntQOvfCtr                             0x20000088   Data           2  os_var.o(.data)
    OSIntQTaskTimeMax                        0x2000008c   Data           4  os_var.o(.data)
    OSFlagDbgListPtr                         0x20000090   Data           4  os_var.o(.data)
    OSFlagQty                                0x20000094   Data           2  os_var.o(.data)
    OSMemDbgListPtr                          0x20000098   Data           4  os_var.o(.data)
    OSMemQty                                 0x2000009c   Data           2  os_var.o(.data)
    OSMutexDbgListPtr                        0x200000a0   Data           4  os_var.o(.data)
    OSMutexQty                               0x200000a4   Data           2  os_var.o(.data)
    OSPrioCur                                0x200000a6   Data           1  os_var.o(.data)
    OSPrioHighRdy                            0x200000a7   Data           1  os_var.o(.data)
    OSPrioSaved                              0x200000a8   Data           1  os_var.o(.data)
    OSQDbgListPtr                            0x200000ac   Data           4  os_var.o(.data)
    OSQQty                                   0x200000b0   Data           2  os_var.o(.data)
    OSSchedLockTimeBegin                     0x200000b4   Data           4  os_var.o(.data)
    OSSchedLockTimeMax                       0x200000b8   Data           4  os_var.o(.data)
    OSSchedLockTimeMaxCur                    0x200000bc   Data           4  os_var.o(.data)
    OSSchedLockNestingCtr                    0x200000c0   Data           1  os_var.o(.data)
    OSSchedRoundRobinDfltTimeQuanta          0x200000c4   Data           4  os_var.o(.data)
    OSSchedRoundRobinEn                      0x200000c8   Data           1  os_var.o(.data)
    OSSemDbgListPtr                          0x200000cc   Data           4  os_var.o(.data)
    OSSemQty                                 0x200000d0   Data           2  os_var.o(.data)
    OSStatResetFlag                          0x200000d2   Data           1  os_var.o(.data)
    OSStatTaskCPUUsage                       0x200000d4   Data           2  os_var.o(.data)
    OSStatTaskCPUUsageMax                    0x200000d6   Data           2  os_var.o(.data)
    OSStatTaskCtr                            0x200000d8   Data           4  os_var.o(.data)
    OSStatTaskCtrMax                         0x200000dc   Data           4  os_var.o(.data)
    OSStatTaskCtrRun                         0x200000e0   Data           4  os_var.o(.data)
    OSStatTaskRdy                            0x200000e4   Data           1  os_var.o(.data)
    OSStatTaskTimeMax                        0x200000e8   Data           4  os_var.o(.data)
    OSTaskCtxSwCtr                           0x200000ec   Data           4  os_var.o(.data)
    OSTaskDbgListPtr                         0x200000f0   Data           4  os_var.o(.data)
    OSTaskQty                                0x200000f4   Data           2  os_var.o(.data)
    OSTaskRegNextAvailID                     0x200000f6   Data           1  os_var.o(.data)
    OSTickCtr                                0x200000f8   Data           4  os_var.o(.data)
    OSTickTaskTimeMax                        0x200000fc   Data           4  os_var.o(.data)
    OSTmrDbgListPtr                          0x20000100   Data           4  os_var.o(.data)
    OSTmrQty                                 0x20000104   Data           2  os_var.o(.data)
    OSTmrTaskTimeMax                         0x20000108   Data           4  os_var.o(.data)
    OSTmrTickCtr                             0x2000010c   Data           4  os_var.o(.data)
    OSTmrUpdateCnt                           0x20000110   Data           4  os_var.o(.data)
    OSTmrUpdateCtr                           0x20000114   Data           4  os_var.o(.data)
    OSTCBCurPtr                              0x20000118   Data           4  os_var.o(.data)
    OSTCBHighRdyPtr                          0x2000011c   Data           4  os_var.o(.data)
    OS_CPU_ExceptStkBase                     0x20000120   Data           4  os_cpu_c.o(.data)
    SystemCoreClock                          0x20000124   Data           4  system_stm32f10x.o(.data)
    AHBPrescTable                            0x20000128   Data          16  system_stm32f10x.o(.data)
    CPU_Name                                 0x20000400   Data          16  cpu_core.o(.bss)
    Mem_PoolHeap                             0x20000410   Data          72  lib_mem.o(.bss)
    Mem_Heap                                 0x20000458   Data       27648  lib_mem.o(.bss)
    OSCfg_IdleTaskStk                        0x20007058   Data         512  os_cfg_app.o(.bss)
    OSCfg_IntQ                               0x20007258   Data         320  os_cfg_app.o(.bss)
    OSCfg_IntQTaskStk                        0x20007398   Data         512  os_cfg_app.o(.bss)
    OSCfg_ISRStk                             0x20007598   Data         512  os_cfg_app.o(.bss)
    OSCfg_MsgPool                            0x20007798   Data        1600  os_cfg_app.o(.bss)
    OSCfg_StatTaskStk                        0x20007dd8   Data         512  os_cfg_app.o(.bss)
    OSCfg_TickTaskStk                        0x20007fd8   Data         512  os_cfg_app.o(.bss)
    OSCfg_TickWheel                          0x200081d8   Data         136  os_cfg_app.o(.bss)
    OSCfg_TmrTaskStk                         0x20008260   Data         512  os_cfg_app.o(.bss)
    OSCfg_TmrWheel                           0x20008460   Data         136  os_cfg_app.o(.bss)
    OSIdleTaskTCB                            0x200084e8   Data         200  os_var.o(.bss)
    OSIntQTaskTCB                            0x200085b0   Data         200  os_var.o(.bss)
    OSMsgPool                                0x20008678   Data          12  os_var.o(.bss)
    OSRdyList                                0x20008684   Data         384  os_var.o(.bss)
    OSStatTaskTCB                            0x20008804   Data         200  os_var.o(.bss)
    OSTickTaskTCB                            0x200088cc   Data         200  os_var.o(.bss)
    OSTmrTaskTCB                             0x20008994   Data         200  os_var.o(.bss)
    __libspace_start                         0x20008a5c   Data          96  libspace.o(.bss)
    __temporary_stack_top$libspace           0x20008abc   Data           0  libspace.o(.bss)



==============================================================================

Memory Map of the image

  Image Entry point : 0x08000131

  Load Region LR_IROM1 (Base: 0x08000000, Size: 0x0000d098, Max: 0x00080000, ABSOLUTE, COMPRESSED[0x0000cf84])

    Execution Region ER_IROM1 (Exec base: 0x08000000, Load base: 0x08000000, Size: 0x0000cf60, Max: 0x00080000, ABSOLUTE)

    Exec Addr    Load Addr    Size         Type   Attr      Idx    E Section Name        Object

    0x08000000   0x08000000   0x00000130   Data   RO         1019    RESET               startup_stm32f10x_hd.o
    0x08000130   0x08000130   0x00000008   Code   RO         1030  * !!!main             c_w.l(__main.o)
    0x08000138   0x08000138   0x00000034   Code   RO         1189    !!!scatter          c_w.l(__scatter.o)
    0x0800016c   0x0800016c   0x0000003a   Code   RO         1187    !!dczerorl          c_w.l(__dczerorl.o)
    0x080001a6   0x080001a6   0x00000002   PAD
    0x080001a8   0x080001a8   0x0000001c   Code   RO         1191    !!handler_zi        c_w.l(__scatter_zi.o)
    0x080001c4   0x080001c4   0x00000002   Code   RO         1057    .ARM.Collect$$libinit$$00000000  c_w.l(libinit.o)
    0x080001c6   0x080001c6   0x00000000   Code   RO         1064    .ARM.Collect$$libinit$$00000002  c_w.l(libinit2.o)
    0x080001c6   0x080001c6   0x00000000   Code   RO         1066    .ARM.Collect$$libinit$$00000004  c_w.l(libinit2.o)
    0x080001c6   0x080001c6   0x00000000   Code   RO         1069    .ARM.Collect$$libinit$$0000000A  c_w.l(libinit2.o)
    0x080001c6   0x080001c6   0x00000000   Code   RO         1071    .ARM.Collect$$libinit$$0000000C  c_w.l(libinit2.o)
    0x080001c6   0x080001c6   0x00000000   Code   RO         1073    .ARM.Collect$$libinit$$0000000E  c_w.l(libinit2.o)
    0x080001c6   0x080001c6   0x00000000   Code   RO         1076    .ARM.Collect$$libinit$$00000011  c_w.l(libinit2.o)
    0x080001c6   0x080001c6   0x00000000   Code   RO         1078    .ARM.Collect$$libinit$$00000013  c_w.l(libinit2.o)
    0x080001c6   0x080001c6   0x00000000   Code   RO         1080    .ARM.Collect$$libinit$$00000015  c_w.l(libinit2.o)
    0x080001c6   0x080001c6   0x00000000   Code   RO         1082    .ARM.Collect$$libinit$$00000017  c_w.l(libinit2.o)
    0x080001c6   0x080001c6   0x00000000   Code   RO         1084    .ARM.Collect$$libinit$$00000019  c_w.l(libinit2.o)
    0x080001c6   0x080001c6   0x00000000   Code   RO         1086    .ARM.Collect$$libinit$$0000001B  c_w.l(libinit2.o)
    0x080001c6   0x080001c6   0x00000000   Code   RO         1088    .ARM.Collect$$libinit$$0000001D  c_w.l(libinit2.o)
    0x080001c6   0x080001c6   0x00000000   Code   RO         1090    .ARM.Collect$$libinit$$0000001F  c_w.l(libinit2.o)
    0x080001c6   0x080001c6   0x00000000   Code   RO         1092    .ARM.Collect$$libinit$$00000021  c_w.l(libinit2.o)
    0x080001c6   0x080001c6   0x00000000   Code   RO         1094    .ARM.Collect$$libinit$$00000023  c_w.l(libinit2.o)
    0x080001c6   0x080001c6   0x00000000   Code   RO         1096    .ARM.Collect$$libinit$$00000025  c_w.l(libinit2.o)
    0x080001c6   0x080001c6   0x00000000   Code   RO         1100    .ARM.Collect$$libinit$$0000002C  c_w.l(libinit2.o)
    0x080001c6   0x080001c6   0x00000000   Code   RO         1102    .ARM.Collect$$libinit$$0000002E  c_w.l(libinit2.o)
    0x080001c6   0x080001c6   0x00000000   Code   RO         1104    .ARM.Collect$$libinit$$00000030  c_w.l(libinit2.o)
    0x080001c6   0x080001c6   0x00000000   Code   RO         1106    .ARM.Collect$$libinit$$00000032  c_w.l(libinit2.o)
    0x080001c6   0x080001c6   0x00000002   Code   RO         1107    .ARM.Collect$$libinit$$00000033  c_w.l(libinit2.o)
    0x080001c8   0x080001c8   0x00000002   Code   RO         1127    .ARM.Collect$$libshutdown$$00000000  c_w.l(libshutdown.o)
    0x080001ca   0x080001ca   0x00000000   Code   RO         1140    .ARM.Collect$$libshutdown$$00000002  c_w.l(libshutdown2.o)
    0x080001ca   0x080001ca   0x00000000   Code   RO         1142    .ARM.Collect$$libshutdown$$00000004  c_w.l(libshutdown2.o)
    0x080001ca   0x080001ca   0x00000000   Code   RO         1145    .ARM.Collect$$libshutdown$$00000007  c_w.l(libshutdown2.o)
    0x080001ca   0x080001ca   0x00000000   Code   RO         1148    .ARM.Collect$$libshutdown$$0000000A  c_w.l(libshutdown2.o)
    0x080001ca   0x080001ca   0x00000000   Code   RO         1150    .ARM.Collect$$libshutdown$$0000000C  c_w.l(libshutdown2.o)
    0x080001ca   0x080001ca   0x00000000   Code   RO         1153    .ARM.Collect$$libshutdown$$0000000F  c_w.l(libshutdown2.o)
    0x080001ca   0x080001ca   0x00000002   Code   RO         1154    .ARM.Collect$$libshutdown$$00000010  c_w.l(libshutdown2.o)
    0x080001cc   0x080001cc   0x00000000   Code   RO         1032    .ARM.Collect$$rtentry$$00000000  c_w.l(__rtentry.o)
    0x080001cc   0x080001cc   0x00000000   Code   RO         1034    .ARM.Collect$$rtentry$$00000002  c_w.l(__rtentry2.o)
    0x080001cc   0x080001cc   0x00000006   Code   RO         1046    .ARM.Collect$$rtentry$$00000004  c_w.l(__rtentry4.o)
    0x080001d2   0x080001d2   0x00000000   Code   RO         1036    .ARM.Collect$$rtentry$$00000009  c_w.l(__rtentry2.o)
    0x080001d2   0x080001d2   0x00000004   Code   RO         1037    .ARM.Collect$$rtentry$$0000000A  c_w.l(__rtentry2.o)
    0x080001d6   0x080001d6   0x00000000   Code   RO         1039    .ARM.Collect$$rtentry$$0000000C  c_w.l(__rtentry2.o)
    0x080001d6   0x080001d6   0x00000008   Code   RO         1040    .ARM.Collect$$rtentry$$0000000D  c_w.l(__rtentry2.o)
    0x080001de   0x080001de   0x00000002   Code   RO         1061    .ARM.Collect$$rtexit$$00000000  c_w.l(rtexit.o)
    0x080001e0   0x080001e0   0x00000000   Code   RO         1109    .ARM.Collect$$rtexit$$00000002  c_w.l(rtexit2.o)
    0x080001e0   0x080001e0   0x00000004   Code   RO         1110    .ARM.Collect$$rtexit$$00000003  c_w.l(rtexit2.o)
    0x080001e4   0x080001e4   0x00000006   Code   RO         1111    .ARM.Collect$$rtexit$$00000004  c_w.l(rtexit2.o)
    0x080001ea   0x080001ea   0x0000000a   Code   RO            1    .text               main.o
    0x080001f4   0x080001f4   0x000000dc   Code   RO          184    .text               app.o
    0x080002d0   0x080002d0   0x00000016   Code   RO          199    .text               stm32f10x_it.o
    0x080002e6   0x080002e6   0x00000002   PAD
    0x080002e8   0x080002e8   0x00000084   Code   RO          214    .text               hal_init.o
    0x0800036c   0x0800036c   0x0000001a   Code   RO          226    .text               hal_io.o
    0x08000386   0x08000386   0x00000002   PAD
    0x08000388   0x08000388   0x0000067c   Code   RO          238    .text               hal_uart.o
    0x08000a04   0x08000a04   0x000001c4   Code   RO          253    .text               hal_spi.o
    0x08000bc8   0x08000bc8   0x00000304   Code   RO          265    .text               hal_rtc.o
    0x08000ecc   0x08000ecc   0x000000dc   Code   RO          322    .text               misc.o
    0x08000fa8   0x08000fa8   0x000000c4   Code   RO          346    .text               stm32f10x_bkp.o
    0x0800106c   0x0800106c   0x0000035c   Code   RO          466    .text               stm32f10x_gpio.o
    0x080013c8   0x080013c8   0x000000cc   Code   RO          502    .text               stm32f10x_pwr.o
    0x08001494   0x08001494   0x000003a4   Code   RO          514    .text               stm32f10x_rcc.o
    0x08001838   0x08001838   0x00000148   Code   RO          528    .text               stm32f10x_rtc.o
    0x08001980   0x08001980   0x0000030c   Code   RO          552    .text               stm32f10x_spi.o
    0x08001c8c   0x08001c8c   0x00000408   Code   RO          576    .text               stm32f10x_usart.o
    0x08002094   0x08002094   0x00000034   Code   RO          615    .text               cpu_a.o
    0x080020c8   0x080020c8   0x0000043c   Code   RO          631    .text               cpu_core.o
    0x08002504   0x08002504   0x00000256   Code   RO          657    .text               lib_ascii.o
    0x0800275a   0x0800275a   0x00000002   PAD
    0x0800275c   0x0800275c   0x00000f8c   Code   RO          690    .text               lib_mem.o
    0x080036e8   0x080036e8   0x00000928   Code   RO          709    .text               lib_str.o
    0x08004010   0x08004010   0x00000220   Code   RO          726    .text               lib_mem_a.o
    0x08004230   0x08004230   0x00000002   Code   RO          729    .text               os_cfg_app.o
    0x08004232   0x08004232   0x00000002   PAD
    0x08004234   0x08004234   0x00000e50   Code   RO          752    .text               os_core.o
    0x08005084   0x08005084   0x000001b4   Code   RO          764    .text               os_dbg.o
    0x08005238   0x08005238   0x0000100c   Code   RO          779    .text               os_flag.o
    0x08006244   0x08006244   0x00000460   Code   RO          791    .text               os_int.o
    0x080066a4   0x080066a4   0x00000278   Code   RO          803    .text               os_mem.o
    0x0800691c   0x0800691c   0x00000228   Code   RO          815    .text               os_msg.o
    0x08006b44   0x08006b44   0x00000c40   Code   RO          827    .text               os_mutex.o
    0x08007784   0x08007784   0x0000007c   Code   RO          851    .text               os_prio.o
    0x08007800   0x08007800   0x00000a00   Code   RO          870    .text               os_q.o
    0x08008200   0x08008200   0x00000934   Code   RO          882    .text               os_sem.o
    0x08008b34   0x08008b34   0x000006dc   Code   RO          894    .text               os_stat.o
    0x08009210   0x08009210   0x00001f88   Code   RO          906    .text               os_task.o
    0x0800b198   0x0800b198   0x00000524   Code   RO          918    .text               os_tick.o
    0x0800b6bc   0x0800b6bc   0x0000064c   Code   RO          930    .text               os_time.o
    0x0800bd08   0x0800bd08   0x00000864   Code   RO          942    .text               os_tmr.o
    0x0800c56c   0x0800c56c   0x0000028c   Code   RO          968    .text               os_cpu_c.o
    0x0800c7f8   0x0800c7f8   0x000001e0   Code   RO          999    .text               system_stm32f10x.o
    0x0800c9d8   0x0800c9d8   0x00000040   Code   RO         1020    .text               startup_stm32f10x_hd.o
    0x0800ca18   0x0800ca18   0x00000064   Code   RO         1026    .text               c_w.l(rt_memcpy_w.o)
    0x0800ca7c   0x0800ca7c   0x00000006   Code   RO         1028    .text               c_w.l(heapauxi.o)
    0x0800ca82   0x0800ca82   0x0000004a   Code   RO         1048    .text               c_w.l(sys_stackheap_outer.o)
    0x0800cacc   0x0800cacc   0x00000012   Code   RO         1050    .text               c_w.l(exit.o)
    0x0800cade   0x0800cade   0x00000002   PAD
    0x0800cae0   0x0800cae0   0x00000008   Code   RO         1058    .text               c_w.l(libspace.o)
    0x0800cae8   0x0800cae8   0x0000000c   Code   RO         1119    .text               c_w.l(sys_exit.o)
    0x0800caf4   0x0800caf4   0x00000002   Code   RO         1130    .text               c_w.l(use_no_semi.o)
    0x0800caf6   0x0800caf6   0x00000000   Code   RO         1132    .text               c_w.l(indicate_semi.o)
    0x0800caf6   0x0800caf6   0x00000002   PAD
    0x0800caf8   0x0800caf8   0x00000084   Code   RO          986    CODE                os_cpu_a.o
    0x0800cb7c   0x0800cb7c   0x00000014   Data   RO          239    .constdata          hal_uart.o
    0x0800cb90   0x0800cb90   0x0000000c   Data   RO          266    .constdata          hal_rtc.o
    0x0800cb9c   0x0800cb9c   0x00000100   Data   RO          633    .constdata          cpu_core.o
    0x0800cc9c   0x0800cc9c   0x00000094   Data   RO          710    .constdata          lib_str.o
    0x0800cd30   0x0800cd30   0x000000a4   Data   RO          731    .constdata          os_cfg_app.o
    0x0800cdd4   0x0800cdd4   0x0000016c   Data   RO          765    .constdata          os_dbg.o
    0x0800cf40   0x0800cf40   0x00000020   Data   RO         1185    Region$$Table       anon$$obj.o


    Execution Region RW_IRAM1 (Exec base: 0x20000000, Load base: 0x0800cf60, Size: 0x000090c0, Max: 0x00010000, ABSOLUTE, COMPRESSED[0x00000024])

    Exec Addr    Load Addr    Size         Type   Attr      Idx    E Section Name        Object

    0x20000000   COMPRESSED   0x00000008   Data   RW          186    .data               app.o
    0x20000008   COMPRESSED   0x0000000c   Data   RW          240    .data               hal_uart.o
    0x20000014   COMPRESSED   0x00000002   Data   RW          267    .data               hal_rtc.o
    0x20000016   COMPRESSED   0x00000014   Data   RW          515    .data               stm32f10x_rcc.o
    0x2000002a   COMPRESSED   0x00000002   PAD
    0x2000002c   COMPRESSED   0x0000001c   Data   RW          634    .data               cpu_core.o
    0x20000048   COMPRESSED   0x00000004   Data   RW          692    .data               lib_mem.o
    0x2000004c   COMPRESSED   0x00000004   Data   RW          852    .data               os_prio.o
    0x20000050   COMPRESSED   0x000000d0   Data   RW          955    .data               os_var.o
    0x20000120   COMPRESSED   0x00000004   Data   RW          969    .data               os_cpu_c.o
    0x20000124   COMPRESSED   0x00000014   Data   RW         1000    .data               system_stm32f10x.o
    0x20000138        -       0x000002c8   Zero   RW          185    .bss                app.o
    0x20000400        -       0x00000010   Zero   RW          632    .bss                cpu_core.o
    0x20000410        -       0x00006c48   Zero   RW          691    .bss                lib_mem.o
    0x20007058        -       0x00001490   Zero   RW          730    .bss                os_cfg_app.o
    0x200084e8        -       0x00000574   Zero   RW          954    .bss                os_var.o
    0x20008a5c        -       0x00000060   Zero   RW         1059    .bss                c_w.l(libspace.o)
    0x20008abc   COMPRESSED   0x00000004   PAD
    0x20008ac0        -       0x00000200   Zero   RW         1018    HEAP                startup_stm32f10x_hd.o
    0x20008cc0        -       0x00000400   Zero   RW         1017    STACK               startup_stm32f10x_hd.o


==============================================================================

Image component sizes


      Code (inc. data)   RO Data    RW Data    ZI Data      Debug   Object Name

       220         38          0          8        712       1566   app.o
        52          0          0          0          0        368   cpu_a.o
      1084         42        256         28         16      16389   cpu_core.o
       132         12          0          0          0       1137   hal_init.o
        26          0          0          0          0       2265   hal_io.o
       772         32         12          2          0       2815   hal_rtc.o
       452         16          0          0          0       1640   hal_spi.o
      1660         68         20         12          0       4419   hal_uart.o
       598          0          0          0          0       3876   lib_ascii.o
      3980         62          0          4      27720      25172   lib_mem.o
       544          0          0          0          0        480   lib_mem_a.o
      2344          4        148          0          0      13782   lib_str.o
        10          0          0          0          0     286414   main.o
       220         22          0          0          0       1729   misc.o
         2          0        164          0       5264      20902   os_cfg_app.o
      3664        294          0          0          0      12549   os_core.o
       132         32          0          0          0        380   os_cpu_a.o
       652         64          0          4          0       3833   os_cpu_c.o
       436        286        364          0          0       4765   os_dbg.o
      4108        110          0          0          0       8483   os_flag.o
      1120        146          0          0          0       2360   os_int.o
       632         22          0          0          0       2812   os_mem.o
       552         14          0          0          0       2658   os_msg.o
      3136        114          0          0          0       5890   os_mutex.o
       124          4          0          4          0       1732   os_prio.o
      2560         82          0          0          0       6584   os_q.o
      2356         72          0          0          0       6580   os_sem.o
      1756        190          0          0          0       2957   os_stat.o
      8072        282          0          0          0      15086   os_task.o
      1316         90          0          0          0       3325   os_tick.o
      1612         44          0          0          0       3493   os_time.o
      2148        140          0          0          0       6730   os_tmr.o
         0          0          0        208       1396      19461   os_var.o
        64         26        304          0       1536        828   startup_stm32f10x_hd.o
       196          8          0          0          0       3428   stm32f10x_bkp.o
       860         38          0          0          0       5665   stm32f10x_gpio.o
        22          0          0          0          0       1007   stm32f10x_it.o
       204         14          0          0          0       1923   stm32f10x_pwr.o
       932         36          0         20          0       8820   stm32f10x_rcc.o
       328          4          0          0          0       2694   stm32f10x_rtc.o
       780         14          0          0          0       6542   stm32f10x_spi.o
      1032         22          0          0          0       8384   stm32f10x_usart.o
       480         38          0         20          0       1755   system_stm32f10x.o

    ----------------------------------------------------------------------
     51378       2482       1300        312      36644     533678   Object Totals
         0          0         32          0          0          0   (incl. Generated)
         8          0          0          2          0          0   (incl. Padding)

    ----------------------------------------------------------------------

      Code (inc. data)   RO Data    RW Data    ZI Data      Debug   Library Member Name

        58          0          0          0          0          0   __dczerorl.o
         8          0          0          0          0         68   __main.o
         0          0          0          0          0          0   __rtentry.o
        12          0          0          0          0          0   __rtentry2.o
         6          0          0          0          0          0   __rtentry4.o
        52          8          0          0          0          0   __scatter.o
        28          0          0          0          0          0   __scatter_zi.o
        18          0          0          0          0         80   exit.o
         6          0          0          0          0        152   heapauxi.o
         0          0          0          0          0          0   indicate_semi.o
         2          0          0          0          0          0   libinit.o
         2          0          0          0          0          0   libinit2.o
         2          0          0          0          0          0   libshutdown.o
         2          0          0          0          0          0   libshutdown2.o
         8          4          0          0         96         68   libspace.o
       100          0          0          0          0         80   rt_memcpy_w.o
         2          0          0          0          0          0   rtexit.o
        10          0          0          0          0          0   rtexit2.o
        12          4          0          0          0         68   sys_exit.o
        74          0          0          0          0         80   sys_stackheap_outer.o
         2          0          0          0          0         68   use_no_semi.o

    ----------------------------------------------------------------------
       410         16          0          0        100        664   Library Totals
         6          0          0          0          4          0   (incl. Padding)

    ----------------------------------------------------------------------

      Code (inc. data)   RO Data    RW Data    ZI Data      Debug   Library Name

       404         16          0          0         96        664   c_w.l

    ----------------------------------------------------------------------
       410         16          0          0        100        664   Library Totals

    ----------------------------------------------------------------------

==============================================================================


      Code (inc. data)   RO Data    RW Data    ZI Data      Debug   

     51788       2498       1300        312      36744     530126   Grand Totals
     51788       2498       1300         36      36744     530126   ELF Image Totals (compressed)
     51788       2498       1300         36          0          0   ROM Totals

==============================================================================

    Total RO  Size (Code + RO Data)                53088 (  51.84kB)
    Total RW  Size (RW Data + ZI Data)             37056 (  36.19kB)
    Total ROM Size (Code + RO Data + RW Data)      53124 (  51.88kB)

==============================================================================

